###############################################################################
#
# IAR ELF Linker V9.40.1.364/W64 for ARM                  04/Apr/2026  12:18:09
# Copyright 2007-2023 IAR Systems AB.
#
#    Output file  =
#        E:\New_path\IAR\CYT4BB7_Library-master(2)\Seekfree_CYT4BB_Opensource_Library\project\iar\project_config\Debug_m7_1\Exe\cyt4bb7_cm_7_1.out
#    Map file     =
#        E:\New_path\IAR\CYT4BB7_Library-master(2)\Seekfree_CYT4BB_Opensource_Library\project\iar\Debug_m7_1\List\cyt4bb7_cm_7_1.map
#    Command line =
#        -f
#        "E:\New_path\IAR\CYT4BB7_Library-master(2)\Seekfree_CYT4BB_Opensource_Library\project\iar\project_config\Debug_m7_1\Exe\cyt4bb7_cm_7_1.out.rsp"
#        ("E:\New_path\IAR\CYT4BB7_Library-master(2)\Seekfree_CYT4BB_Opensource_Library\project\iar\Debug_m7_1\Obj\user_8514941877209965082.dir\cm7_1_isr.o"
#        "E:\New_path\IAR\CYT4BB7_Library-master(2)\Seekfree_CYT4BB_Opensource_Library\project\iar\Debug_m7_1\Obj\adc_11722776235721520015.dir\cy_adc.o"
#        "E:\New_path\IAR\CYT4BB7_Library-master(2)\Seekfree_CYT4BB_Opensource_Library\project\iar\Debug_m7_1\Obj\button_4990804375159372270.dir\cy_button.o"
#        "E:\New_path\IAR\CYT4BB7_Library-master(2)\Seekfree_CYT4BB_Opensource_Library\project\iar\Debug_m7_1\Obj\canfd_1800690984773873875.dir\cy_canfd.o"
#        "E:\New_path\IAR\CYT4BB7_Library-master(2)\Seekfree_CYT4BB_Opensource_Library\project\iar\Debug_m7_1\Obj\cpu_15938736945165268644.dir\cy_cpu.o"
#        "E:\New_path\IAR\CYT4BB7_Library-master(2)\Seekfree_CYT4BB_Opensource_Library\project\iar\Debug_m7_1\Obj\crypto_1190170608956581615.dir\cy_crypto_config.o"
#        "E:\New_path\IAR\CYT4BB7_Library-master(2)\Seekfree_CYT4BB_Opensource_Library\project\iar\Debug_m7_1\Obj\eth_phy_18133017486186456677.dir\cy_dp83867.o"
#        "E:\New_path\IAR\CYT4BB7_Library-master(2)\Seekfree_CYT4BB_Opensource_Library\project\iar\Debug_m7_1\Obj\ethernet_6029839089178797009.dir\cy_ethif.o"
#        "E:\New_path\IAR\CYT4BB7_Library-master(2)\Seekfree_CYT4BB_Opensource_Library\project\iar\Debug_m7_1\Obj\evtgen_3404189088603873129.dir\cy_evtgen.o"
#        "E:\New_path\IAR\CYT4BB7_Library-master(2)\Seekfree_CYT4BB_Opensource_Library\project\iar\Debug_m7_1\Obj\flash_8529866181315662935.dir\cy_flash.o"
#        "E:\New_path\IAR\CYT4BB7_Library-master(2)\Seekfree_CYT4BB_Opensource_Library\project\iar\Debug_m7_1\Obj\gpio_3999404635324069351.dir\cy_gpio.o"
#        "E:\New_path\IAR\CYT4BB7_Library-master(2)\Seekfree_CYT4BB_Opensource_Library\project\iar\Debug_m7_1\Obj\audioss_1346650047966882938.dir\cy_i2s.o"
#        "E:\New_path\IAR\CYT4BB7_Library-master(2)\Seekfree_CYT4BB_Opensource_Library\project\iar\Debug_m7_1\Obj\rev_b_6162237342861132223.dir\cy_interrupt_map.o"
#        "E:\New_path\IAR\CYT4BB7_Library-master(2)\Seekfree_CYT4BB_Opensource_Library\project\iar\Debug_m7_1\Obj\ipc_10145506163450686023.dir\cy_ipc_drv.o"
#        "E:\New_path\IAR\CYT4BB7_Library-master(2)\Seekfree_CYT4BB_Opensource_Library\project\iar\Debug_m7_1\Obj\ipc_10145506163450686023.dir\cy_ipc_pipe.o"
#        "E:\New_path\IAR\CYT4BB7_Library-master(2)\Seekfree_CYT4BB_Opensource_Library\project\iar\Debug_m7_1\Obj\ipc_10145506163450686023.dir\cy_ipc_sema.o"
#        "E:\New_path\IAR\CYT4BB7_Library-master(2)\Seekfree_CYT4BB_Opensource_Library\project\iar\Debug_m7_1\Obj\lin_18429031207028094880.dir\cy_lin.o"
#        "E:\New_path\IAR\CYT4BB7_Library-master(2)\Seekfree_CYT4BB_Opensource_Library\project\iar\Debug_m7_1\Obj\lvd_6353935867039560245.dir\cy_lvd.o"
#        "E:\New_path\IAR\CYT4BB7_Library-master(2)\Seekfree_CYT4BB_Opensource_Library\project\iar\Debug_m7_1\Obj\mcwdt_4052485907822033969.dir\cy_mcwdt.o"
#        "E:\New_path\IAR\CYT4BB7_Library-master(2)\Seekfree_CYT4BB_Opensource_Library\project\iar\Debug_m7_1\Obj\dma_12106025507578611576.dir\cy_mdma.o"
#        "E:\New_path\IAR\CYT4BB7_Library-master(2)\Seekfree_CYT4BB_Opensource_Library\project\iar\Debug_m7_1\Obj\mpu_5663187252346826382.dir\cy_mpu.o"
#        "E:\New_path\IAR\CYT4BB7_Library-master(2)\Seekfree_CYT4BB_Opensource_Library\project\iar\Debug_m7_1\Obj\flash_864493325053435817.dir\cy_mw_flash.o"
#        "E:\New_path\IAR\CYT4BB7_Library-master(2)\Seekfree_CYT4BB_Opensource_Library\project\iar\Debug_m7_1\Obj\dma_12106025507578611576.dir\cy_pdma.o"
#        "E:\New_path\IAR\CYT4BB7_Library-master(2)\Seekfree_CYT4BB_Opensource_Library\project\iar\Debug_m7_1\Obj\power_14453085144426420577.dir\cy_power.o"
#        "E:\New_path\IAR\CYT4BB7_Library-master(2)\Seekfree_CYT4BB_Opensource_Library\project\iar\Debug_m7_1\Obj\prot_10722960861768657883.dir\cy_prot.o"
#        "E:\New_path\IAR\CYT4BB7_Library-master(2)\Seekfree_CYT4BB_Opensource_Library\project\iar\Debug_m7_1\Obj\scb_15490842639181808494.dir\cy_scb_common.o"
#        "E:\New_path\IAR\CYT4BB7_Library-master(2)\Seekfree_CYT4BB_Opensource_Library\project\iar\Debug_m7_1\Obj\scb_15490842639181808494.dir\cy_scb_ezi2c.o"
#        "E:\New_path\IAR\CYT4BB7_Library-master(2)\Seekfree_CYT4BB_Opensource_Library\project\iar\Debug_m7_1\Obj\scb_15490842639181808494.dir\cy_scb_i2c.o"
#        "E:\New_path\IAR\CYT4BB7_Library-master(2)\Seekfree_CYT4BB_Opensource_Library\project\iar\Debug_m7_1\Obj\scb_15490842639181808494.dir\cy_scb_spi.o"
#        "E:\New_path\IAR\CYT4BB7_Library-master(2)\Seekfree_CYT4BB_Opensource_Library\project\iar\Debug_m7_1\Obj\scb_15490842639181808494.dir\cy_scb_uart.o"
#        "E:\New_path\IAR\CYT4BB7_Library-master(2)\Seekfree_CYT4BB_Opensource_Library\project\iar\Debug_m7_1\Obj\sd_host_2982766354293506895.dir\cy_sd_host.o"
#        "E:\New_path\IAR\CYT4BB7_Library-master(2)\Seekfree_CYT4BB_Opensource_Library\project\iar\Debug_m7_1\Obj\semihosting_143864889731838620.dir\cy_semihosting.o"
#        "E:\New_path\IAR\CYT4BB7_Library-master(2)\Seekfree_CYT4BB_Opensource_Library\project\iar\Debug_m7_1\Obj\smartio_5451710003740070188.dir\cy_smartio.o"
#        "E:\New_path\IAR\CYT4BB7_Library-master(2)\Seekfree_CYT4BB_Opensource_Library\project\iar\Debug_m7_1\Obj\smif_427648126384146252.dir\cy_smif.o"
#        "E:\New_path\IAR\CYT4BB7_Library-master(2)\Seekfree_CYT4BB_Opensource_Library\project\iar\Debug_m7_1\Obj\smif_mem_6470536964353725183.dir\cy_smif_device_common.o"
#        "E:\New_path\IAR\CYT4BB7_Library-master(2)\Seekfree_CYT4BB_Opensource_Library\project\iar\Debug_m7_1\Obj\smif_mem_6470536964353725183.dir\cy_smif_hb_flash.o"
#        "E:\New_path\IAR\CYT4BB7_Library-master(2)\Seekfree_CYT4BB_Opensource_Library\project\iar\Debug_m7_1\Obj\smif_427648126384146252.dir\cy_smif_memslot.o"
#        "E:\New_path\IAR\CYT4BB7_Library-master(2)\Seekfree_CYT4BB_Opensource_Library\project\iar\Debug_m7_1\Obj\smif_mem_6470536964353725183.dir\cy_smif_s25fl.o"
#        "E:\New_path\IAR\CYT4BB7_Library-master(2)\Seekfree_CYT4BB_Opensource_Library\project\iar\Debug_m7_1\Obj\smif_mem_6470536964353725183.dir\cy_smif_s25fs.o"
#        "E:\New_path\IAR\CYT4BB7_Library-master(2)\Seekfree_CYT4BB_Opensource_Library\project\iar\Debug_m7_1\Obj\smif_mem_6470536964353725183.dir\cy_smif_semp.o"
#        "E:\New_path\IAR\CYT4BB7_Library-master(2)\Seekfree_CYT4BB_Opensource_Library\project\iar\Debug_m7_1\Obj\smif_427648126384146252.dir\cy_smif_ver_specific.o"
#        "E:\New_path\IAR\CYT4BB7_Library-master(2)\Seekfree_CYT4BB_Opensource_Library\project\iar\Debug_m7_1\Obj\srom_13018798572330080582.dir\cy_srom.o"
#        "E:\New_path\IAR\CYT4BB7_Library-master(2)\Seekfree_CYT4BB_Opensource_Library\project\iar\Debug_m7_1\Obj\sw_timer_4215635015939382130.dir\cy_sw_tmr.o"
#        "E:\New_path\IAR\CYT4BB7_Library-master(2)\Seekfree_CYT4BB_Opensource_Library\project\iar\Debug_m7_1\Obj\sysclk_16149231235676103872.dir\cy_sysclk.o"
#        "E:\New_path\IAR\CYT4BB7_Library-master(2)\Seekfree_CYT4BB_Opensource_Library\project\iar\Debug_m7_1\Obj\sysflt_12293435975120599261.dir\cy_sysflt.o"
#        "E:\New_path\IAR\CYT4BB7_Library-master(2)\Seekfree_CYT4BB_Opensource_Library\project\iar\Debug_m7_1\Obj\sysint_7435970359207984181.dir\cy_sysint.o"
#        "E:\New_path\IAR\CYT4BB7_Library-master(2)\Seekfree_CYT4BB_Opensource_Library\project\iar\Debug_m7_1\Obj\syslib_16330585751512546975.dir\cy_syslib.o"
#        "E:\New_path\IAR\CYT4BB7_Library-master(2)\Seekfree_CYT4BB_Opensource_Library\project\iar\Debug_m7_1\Obj\syslib_16330585751512546975.dir\cy_syslib_iar.o"
#        "E:\New_path\IAR\CYT4BB7_Library-master(2)\Seekfree_CYT4BB_Opensource_Library\project\iar\Debug_m7_1\Obj\syspm_10887939769544754770.dir\cy_syspm.o"
#        "E:\New_path\IAR\CYT4BB7_Library-master(2)\Seekfree_CYT4BB_Opensource_Library\project\iar\Debug_m7_1\Obj\sysreghc_17676636058511625587.dir\cy_sysreghc.o"
#        "E:\New_path\IAR\CYT4BB7_Library-master(2)\Seekfree_CYT4BB_Opensource_Library\project\iar\Debug_m7_1\Obj\sysreset_14586141425677365288.dir\cy_sysreset.o"
#        "E:\New_path\IAR\CYT4BB7_Library-master(2)\Seekfree_CYT4BB_Opensource_Library\project\iar\Debug_m7_1\Obj\sysrtc_10747768817563771611.dir\cy_sysrtc.o"
#        "E:\New_path\IAR\CYT4BB7_Library-master(2)\Seekfree_CYT4BB_Opensource_Library\project\iar\Debug_m7_1\Obj\systick_16016591671695740695.dir\cy_systick.o"
#        "E:\New_path\IAR\CYT4BB7_Library-master(2)\Seekfree_CYT4BB_Opensource_Library\project\iar\Debug_m7_1\Obj\syswdt_9118657615806274156.dir\cy_syswdt.o"
#        "E:\New_path\IAR\CYT4BB7_Library-master(2)\Seekfree_CYT4BB_Opensource_Library\project\iar\Debug_m7_1\Obj\tcpwm_422923530147891246.dir\cy_tcpwm.o"
#        "E:\New_path\IAR\CYT4BB7_Library-master(2)\Seekfree_CYT4BB_Opensource_Library\project\iar\Debug_m7_1\Obj\tcpwm_422923530147891246.dir\cy_tcpwm_counter.o"
#        "E:\New_path\IAR\CYT4BB7_Library-master(2)\Seekfree_CYT4BB_Opensource_Library\project\iar\Debug_m7_1\Obj\tcpwm_422923530147891246.dir\cy_tcpwm_pwm.o"
#        "E:\New_path\IAR\CYT4BB7_Library-master(2)\Seekfree_CYT4BB_Opensource_Library\project\iar\Debug_m7_1\Obj\tcpwm_422923530147891246.dir\cy_tcpwm_quaddec.o"
#        "E:\New_path\IAR\CYT4BB7_Library-master(2)\Seekfree_CYT4BB_Opensource_Library\project\iar\Debug_m7_1\Obj\tcpwm_422923530147891246.dir\cy_tcpwm_sr.o"
#        "E:\New_path\IAR\CYT4BB7_Library-master(2)\Seekfree_CYT4BB_Opensource_Library\project\iar\Debug_m7_1\Obj\trigmux_9729677290734583340.dir\cy_trigmux.o"
#        "E:\New_path\IAR\CYT4BB7_Library-master(2)\Seekfree_CYT4BB_Opensource_Library\project\iar\Debug_m7_1\Obj\ethernet_6029839089178797009.dir\edd.o"
#        "E:\New_path\IAR\CYT4BB7_Library-master(2)\Seekfree_CYT4BB_Opensource_Library\project\iar\Debug_m7_1\Obj\ethernet_6029839089178797009.dir\edd_rx.o"
#        "E:\New_path\IAR\CYT4BB7_Library-master(2)\Seekfree_CYT4BB_Opensource_Library\project\iar\Debug_m7_1\Obj\ethernet_6029839089178797009.dir\edd_tx.o"
#        "E:\New_path\IAR\CYT4BB7_Library-master(2)\Seekfree_CYT4BB_Opensource_Library\project\iar\Debug_m7_1\Obj\user_8514941877209965082.dir\main_cm7_1.o"
#        "E:\New_path\IAR\CYT4BB7_Library-master(2)\Seekfree_CYT4BB_Opensource_Library\project\iar\Debug_m7_1\Obj\zf_components_14936052685886095442.dir\seekfree_assistant.o"
#        "E:\New_path\IAR\CYT4BB7_Library-master(2)\Seekfree_CYT4BB_Opensource_Library\project\iar\Debug_m7_1\Obj\zf_components_14936052685886095442.dir\seekfree_assistant_interface.o"
#        "E:\New_path\IAR\CYT4BB7_Library-master(2)\Seekfree_CYT4BB_Opensource_Library\project\iar\Debug_m7_1\Obj\code_17896468042025673432.dir\segmentation.o"
#        "E:\New_path\IAR\CYT4BB7_Library-master(2)\Seekfree_CYT4BB_Opensource_Library\project\iar\Debug_m7_1\Obj\startup_479057977785470282.dir\startup.o"
#        "E:\New_path\IAR\CYT4BB7_Library-master(2)\Seekfree_CYT4BB_Opensource_Library\project\iar\Debug_m7_1\Obj\startup_479057977785470282.dir\startup_cm7.o"
#        "E:\New_path\IAR\CYT4BB7_Library-master(2)\Seekfree_CYT4BB_Opensource_Library\project\iar\Debug_m7_1\Obj\rev_b_4986922561640112550.dir\system_tviibh4m_cm7.o"
#        "E:\New_path\IAR\CYT4BB7_Library-master(2)\Seekfree_CYT4BB_Opensource_Library\project\iar\Debug_m7_1\Obj\zf_common_1201165462030747823.dir\zf_common_clock.o"
#        "E:\New_path\IAR\CYT4BB7_Library-master(2)\Seekfree_CYT4BB_Opensource_Library\project\iar\Debug_m7_1\Obj\zf_common_1201165462030747823.dir\zf_common_debug.o"
#        "E:\New_path\IAR\CYT4BB7_Library-master(2)\Seekfree_CYT4BB_Opensource_Library\project\iar\Debug_m7_1\Obj\zf_common_1201165462030747823.dir\zf_common_fifo.o"
#        "E:\New_path\IAR\CYT4BB7_Library-master(2)\Seekfree_CYT4BB_Opensource_Library\project\iar\Debug_m7_1\Obj\zf_common_1201165462030747823.dir\zf_common_font.o"
#        "E:\New_path\IAR\CYT4BB7_Library-master(2)\Seekfree_CYT4BB_Opensource_Library\project\iar\Debug_m7_1\Obj\zf_common_1201165462030747823.dir\zf_common_function.o"
#        "E:\New_path\IAR\CYT4BB7_Library-master(2)\Seekfree_CYT4BB_Opensource_Library\project\iar\Debug_m7_1\Obj\zf_common_1201165462030747823.dir\zf_common_interrupt.o"
#        "E:\New_path\IAR\CYT4BB7_Library-master(2)\Seekfree_CYT4BB_Opensource_Library\project\iar\Debug_m7_1\Obj\zf_device_6570275422786408770.dir\zf_device_ble6a20.o"
#        "E:\New_path\IAR\CYT4BB7_Library-master(2)\Seekfree_CYT4BB_Opensource_Library\project\iar\Debug_m7_1\Obj\zf_device_6570275422786408770.dir\zf_device_dl1a.o"
#        "E:\New_path\IAR\CYT4BB7_Library-master(2)\Seekfree_CYT4BB_Opensource_Library\project\iar\Debug_m7_1\Obj\zf_device_6570275422786408770.dir\zf_device_dl1b.o"
#        "E:\New_path\IAR\CYT4BB7_Library-master(2)\Seekfree_CYT4BB_Opensource_Library\project\iar\Debug_m7_1\Obj\zf_device_6570275422786408770.dir\zf_device_gnss.o"
#        "E:\New_path\IAR\CYT4BB7_Library-master(2)\Seekfree_CYT4BB_Opensource_Library\project\iar\Debug_m7_1\Obj\zf_device_6570275422786408770.dir\zf_device_icm20602.o"
#        "E:\New_path\IAR\CYT4BB7_Library-master(2)\Seekfree_CYT4BB_Opensource_Library\project\iar\Debug_m7_1\Obj\zf_device_6570275422786408770.dir\zf_device_imu660ra.o"
#        "E:\New_path\IAR\CYT4BB7_Library-master(2)\Seekfree_CYT4BB_Opensource_Library\project\iar\Debug_m7_1\Obj\zf_device_6570275422786408770.dir\zf_device_imu660rb.o"
#        "E:\New_path\IAR\CYT4BB7_Library-master(2)\Seekfree_CYT4BB_Opensource_Library\project\iar\Debug_m7_1\Obj\zf_device_6570275422786408770.dir\zf_device_imu963ra.o"
#        "E:\New_path\IAR\CYT4BB7_Library-master(2)\Seekfree_CYT4BB_Opensource_Library\project\iar\Debug_m7_1\Obj\zf_device_6570275422786408770.dir\zf_device_ips114.o"
#        "E:\New_path\IAR\CYT4BB7_Library-master(2)\Seekfree_CYT4BB_Opensource_Library\project\iar\Debug_m7_1\Obj\zf_device_6570275422786408770.dir\zf_device_ips200.o"
#        "E:\New_path\IAR\CYT4BB7_Library-master(2)\Seekfree_CYT4BB_Opensource_Library\project\iar\Debug_m7_1\Obj\zf_device_6570275422786408770.dir\zf_device_ips200pro.o"
#        "E:\New_path\IAR\CYT4BB7_Library-master(2)\Seekfree_CYT4BB_Opensource_Library\project\iar\Debug_m7_1\Obj\zf_device_6570275422786408770.dir\zf_device_key.o"
#        "E:\New_path\IAR\CYT4BB7_Library-master(2)\Seekfree_CYT4BB_Opensource_Library\project\iar\Debug_m7_1\Obj\zf_device_6570275422786408770.dir\zf_device_mt9v03x.o"
#        "E:\New_path\IAR\CYT4BB7_Library-master(2)\Seekfree_CYT4BB_Opensource_Library\project\iar\Debug_m7_1\Obj\zf_device_6570275422786408770.dir\zf_device_oled.o"
#        "E:\New_path\IAR\CYT4BB7_Library-master(2)\Seekfree_CYT4BB_Opensource_Library\project\iar\Debug_m7_1\Obj\zf_device_6570275422786408770.dir\zf_device_tft180.o"
#        "E:\New_path\IAR\CYT4BB7_Library-master(2)\Seekfree_CYT4BB_Opensource_Library\project\iar\Debug_m7_1\Obj\zf_device_6570275422786408770.dir\zf_device_tsl1401.o"
#        "E:\New_path\IAR\CYT4BB7_Library-master(2)\Seekfree_CYT4BB_Opensource_Library\project\iar\Debug_m7_1\Obj\zf_device_6570275422786408770.dir\zf_device_type.o"
#        "E:\New_path\IAR\CYT4BB7_Library-master(2)\Seekfree_CYT4BB_Opensource_Library\project\iar\Debug_m7_1\Obj\zf_device_6570275422786408770.dir\zf_device_wifi_spi.o"
#        "E:\New_path\IAR\CYT4BB7_Library-master(2)\Seekfree_CYT4BB_Opensource_Library\project\iar\Debug_m7_1\Obj\zf_device_6570275422786408770.dir\zf_device_wifi_uart.o"
#        "E:\New_path\IAR\CYT4BB7_Library-master(2)\Seekfree_CYT4BB_Opensource_Library\project\iar\Debug_m7_1\Obj\zf_device_6570275422786408770.dir\zf_device_wireless_uart.o"
#        "E:\New_path\IAR\CYT4BB7_Library-master(2)\Seekfree_CYT4BB_Opensource_Library\project\iar\Debug_m7_1\Obj\zf_driver_11922370083829174090.dir\zf_driver_adc.o"
#        "E:\New_path\IAR\CYT4BB7_Library-master(2)\Seekfree_CYT4BB_Opensource_Library\project\iar\Debug_m7_1\Obj\zf_driver_11922370083829174090.dir\zf_driver_delay.o"
#        "E:\New_path\IAR\CYT4BB7_Library-master(2)\Seekfree_CYT4BB_Opensource_Library\project\iar\Debug_m7_1\Obj\zf_driver_11922370083829174090.dir\zf_driver_dma.o"
#        "E:\New_path\IAR\CYT4BB7_Library-master(2)\Seekfree_CYT4BB_Opensource_Library\project\iar\Debug_m7_1\Obj\zf_driver_11922370083829174090.dir\zf_driver_encoder.o"
#        "E:\New_path\IAR\CYT4BB7_Library-master(2)\Seekfree_CYT4BB_Opensource_Library\project\iar\Debug_m7_1\Obj\zf_driver_11922370083829174090.dir\zf_driver_exti.o"
#        "E:\New_path\IAR\CYT4BB7_Library-master(2)\Seekfree_CYT4BB_Opensource_Library\project\iar\Debug_m7_1\Obj\zf_driver_11922370083829174090.dir\zf_driver_flash.o"
#        "E:\New_path\IAR\CYT4BB7_Library-master(2)\Seekfree_CYT4BB_Opensource_Library\project\iar\Debug_m7_1\Obj\zf_driver_11922370083829174090.dir\zf_driver_gpio.o"
#        "E:\New_path\IAR\CYT4BB7_Library-master(2)\Seekfree_CYT4BB_Opensource_Library\project\iar\Debug_m7_1\Obj\zf_driver_11922370083829174090.dir\zf_driver_ipc.o"
#        "E:\New_path\IAR\CYT4BB7_Library-master(2)\Seekfree_CYT4BB_Opensource_Library\project\iar\Debug_m7_1\Obj\zf_driver_11922370083829174090.dir\zf_driver_pit.o"
#        "E:\New_path\IAR\CYT4BB7_Library-master(2)\Seekfree_CYT4BB_Opensource_Library\project\iar\Debug_m7_1\Obj\zf_driver_11922370083829174090.dir\zf_driver_pwm.o"
#        "E:\New_path\IAR\CYT4BB7_Library-master(2)\Seekfree_CYT4BB_Opensource_Library\project\iar\Debug_m7_1\Obj\zf_driver_11922370083829174090.dir\zf_driver_soft_iic.o"
#        "E:\New_path\IAR\CYT4BB7_Library-master(2)\Seekfree_CYT4BB_Opensource_Library\project\iar\Debug_m7_1\Obj\zf_driver_11922370083829174090.dir\zf_driver_soft_spi.o"
#        "E:\New_path\IAR\CYT4BB7_Library-master(2)\Seekfree_CYT4BB_Opensource_Library\project\iar\Debug_m7_1\Obj\zf_driver_11922370083829174090.dir\zf_driver_spi.o"
#        "E:\New_path\IAR\CYT4BB7_Library-master(2)\Seekfree_CYT4BB_Opensource_Library\project\iar\Debug_m7_1\Obj\zf_driver_11922370083829174090.dir\zf_driver_timer.o"
#        "E:\New_path\IAR\CYT4BB7_Library-master(2)\Seekfree_CYT4BB_Opensource_Library\project\iar\Debug_m7_1\Obj\zf_driver_11922370083829174090.dir\zf_driver_uart.o"
#        --no_out_extension -o
#        "E:\New_path\IAR\CYT4BB7_Library-master(2)\Seekfree_CYT4BB_Opensource_Library\project\iar\project_config\Debug_m7_1\Exe\cyt4bb7_cm_7_1.out"
#        --config_def _CORE_cm7_1_=0 --config_def _LINK_flash_=0 --map
#        "E:\New_path\IAR\CYT4BB7_Library-master(2)\Seekfree_CYT4BB_Opensource_Library\project\iar\Debug_m7_1\List\cyt4bb7_cm_7_1.map"
#        --config
#        "E:\New_path\IAR\CYT4BB7_Library-master(2)\Seekfree_CYT4BB_Opensource_Library\project\iar\project_config\..\icf\linker_directives_tviibh.icf"
#        --semihosting
#        "E:\New_path\IAR\CYT4BB7_Library-master(2)\Seekfree_CYT4BB_Opensource_Library\project\iar\project_config\..\..\..\libraries\sdk\tviibh4m\src\drivers\crypto\libs\libcrypto_server_cm0plus_iar.a"
#        "E:\New_path\IAR\CYT4BB7_Library-master(2)\Seekfree_CYT4BB_Opensource_Library\project\iar\project_config\..\..\..\libraries\zf_device\zf_device_config.a"
#        "E:\New_path\IAR\CYT4BB7_Library-master(2)\Seekfree_CYT4BB_Opensource_Library\project\iar\project_config\..\..\..\libraries\sdk\common\hdr\cmsis\dsp\iar_cortexM7lf_math.a"
#        --entry __iar_program_start --vfe --text_out locale --cpu=Cortex-M7
#        --fpu=VFPv5_d16) --dependencies=n
#        "E:\New_path\IAR\CYT4BB7_Library-master(2)\Seekfree_CYT4BB_Opensource_Library\project\iar\project_config\Debug_m7_1\Exe\cyt4bb7_cm_7_1.out.iar_deps"
#
###############################################################################

*******************************************************************************
*** RUNTIME MODEL ATTRIBUTES
***

CppFlavor       = *
__CPP_Runtime   = 1
__Heap_Handler  = Basic
__SystemLibrary = DLib
__dlib_version  = 6


*******************************************************************************
*** HEAP SELECTION
***

The basic heap was selected because --advanced_heap
was not specified and the application did not appear to
be primarily optimized for speed.


*******************************************************************************
*** PLACEMENT SUMMARY
***

"A0":  place at start of [from 0x1028'0000 to 0x1040'ffff] { section .intvec };
"P1":  place in [from 0x1028'0000 to 0x1040'ffff] { ro };
"P2":  place in [from 0x2808'0000 to 0x280b'ffff] { rw };
define block HEAP with size = 1K, alignment = 8 { };
define block CSTACK with size = 8K, alignment = 8 { };
define block HEAP_STACK { block HEAP, last block CSTACK };
"A1":  place at end of [from 0x2808'0000 to 0x280b'ffff] { block HEAP_STACK };
do not initialize { section .intvec_ram };
initialize by copy { rw };

No sections matched the following patterns:

  ro section .sflash_app_prot  in "P6"
  ro section .sflash_nar       in "P4"
  ro section .sflash_pkey      in "P5"
  ro section .sflash_toc2      in "P7"
  ro section .sflash_uf_rows   in "P3"
  ro section .work_flash       in "P8"
  section .global_ram_data     in "P9"


  Section            Kind         Address    Size  Object
  -------            ----         -------    ----  ------
"A0":                                        0x80
  .intvec            ro code  0x1028'0000    0x80  startup_cm7.o [31]
                            - 0x1028'0080    0x80

"P1":                                      0x596d
  .text              ro code  0x1028'0080   0xeae  xprintffull_nomb.o [50]
  .text              ro code  0x1028'0f2e    0x7e  lz77_init_single.o [52]
  .text              ro code  0x1028'0fac    0x16  strchr.o [52]
  .text              ro code  0x1028'0fc2     0xa  xsprout.o [50]
  .text              ro code  0x1028'0fcc    0x40  xfail_s.o [50]
  .text              ro code  0x1028'100c    0x36  strlen.o [52]
  .text              ro code  0x1028'1044    0x58  memchr.o [52]
  .text              ro code  0x1028'109c    0xa6  ABImemcpy.o [52]
  .text              ro code  0x1028'1144    0x70  frexp.o [51]
  .text              ro code  0x1028'11b4    0x34  DblCmpLe.o [51]
  .text              ro code  0x1028'11e8    0x34  DblCmpGe.o [51]
  .text              ro code  0x1028'121c   0x104  ldexp.o [51]
  .text              ro code  0x1028'1320     0xe  DblToS32.o [51]
  .text              ro code  0x1028'132e     0xe  S32ToDbl.o [51]
  .text              ro code  0x1028'133c    0x12  DblSub.o [51]
  .text              ro code  0x1028'134e    0x12  DblDiv.o [51]
  .text              ro code  0x1028'1360     0xe  DblToU32.o [51]
  .text              ro code  0x1028'136e     0xe  U32ToDbl.o [51]
  .text              ro code  0x1028'137c    0x12  DblMul.o [51]
  .text              ro code  0x1028'1390   0x230  I64DivMod.o [52]
  .text              ro code  0x1028'15c0     0x6  abort.o [50]
  .text              ro code  0x1028'15c8     0x2  I64DivZer.o [52]
  .text              ro code  0x1028'15cc    0x14  exit.o [53]
  .text              ro code  0x1028'15e0   0xb54  zf_device_ips200.o [48]
  .text              ro code  0x1028'2134   0x9a8  zf_driver_spi.o [49]
  .text              ro code  0x1028'2adc   0x3c8  zf_common_debug.o [46]
  .text              ro code  0x1028'2ea4    0x16  vla_alloc.o [50]
  .text              ro code  0x1028'2ebc    0xe4  zf_driver_gpio.o [49]
  .text              ro code  0x1028'2fa0   0x284  zf_driver_delay.o [49]
  .text              ro code  0x1028'3224    0x66  ABImemset.o [52]
  .text              ro code  0x1028'328c   0x194  cy_gpio.o [14]
  .text              ro code  0x1028'3420   0x1f0  cy_scb_spi.o [24]
  .text              ro code  0x1028'3610    0x84  zf_driver_uart.o [49]
  .text              ro code  0x1028'3694    0x40  sprintf.o [50]
  .text              ro code  0x1028'36d4    0x34  zf_common_interrupt.o [46]
  .text              ro code  0x1028'3708   0x13c  heap0.o [50]
  .text              ro code  0x1028'3844     0x4  heaptramp0.o [50]
  .text              ro code  0x1028'3848   0x192  cy_tcpwm_counter.o [43]
  .text              ro code  0x1028'39da     0xc  cy_tcpwm.o [43]
  .text              ro code  0x1028'39e8    0x20  zf_driver_pwm.o [49]
  .text              ro code  0x1028'3a08    0x2c  xgetmemchunk.o [50]
  .text              ro code  0x1028'3a34   0x8e8  cy_sysclk.o [33]
  .text              ro code  0x1028'431c    0x70  strncpy.o [52]
  .text              ro code  0x1028'438c    0xa8  cy_syslib.o [36]
  .text              ro code  0x1028'4434     0x2  cy_syslib.o [36]
  .rodata            const    0x1028'4438   0x5f0  zf_common_font.o [46]
  .rodata            const    0x1028'4a28   0x228  zf_common_font.o [46]
  .text              ro code  0x1028'4c50   0x204  startup.o [31]
  .text              ro code  0x1028'4e54   0x150  system_tviibh4m_cm7.o [22]
  .text              ro code  0x1028'4fa4     0x8  startup_cm7.o [31]
  .text              ro code  0x1028'4fac     0x6  startup_cm7.o [31]
  .text              ro code  0x1028'4fb4   0x198  cy_interrupt_map.o [23]
  .text              ro code  0x1028'514c    0xc4  main_cm7_1.o [45]
  .text              ro code  0x1028'5210    0x1c  zf_common_clock.o [46]
  .text              ro code  0x1028'522c    0xb0  segmentation.o [5]
  .text              ro code  0x1028'52dc    0xb0  startup_cm7.o [31]
  .rodata            const    0x1028'538c    0x88  system_tviibh4m_cm7.o [22]
  .rodata            const    0x1028'5414    0x84  cy_sysclk.o [33]
  .rodata            const    0x1028'5498    0x84  cy_sysclk.o [33]
  .rodata            const    0x1028'551c    0x74  zf_device_ips200.o [48]
  .rodata            const    0x1028'5590    0x74  zf_driver_spi.o [49]
  .text              ro code  0x1028'5604    0x38  zero_init3.o [52]
  .text              ro code  0x1028'563c    0x28  data_init.o [52]
  .text              ro code  0x1028'5664    0x22  fpinit_M.o [51]
  .iar.init_table    const    0x1028'5688    0x28  - Linker created -
  .text              ro code  0x1028'56b0    0x20  startup_cm7.o [31]
  .text              ro code  0x1028'56d0    0x1e  cy_syslib_iar.o [36]
  .text              ro code  0x1028'56f0    0x1e  cmain.o [52]
  .text              ro code  0x1028'5710     0x4  startup_cm7.o [31]
  .text              ro code  0x1028'5714     0x4  exit.o [50]
  .text              ro code  0x1028'5718     0xa  cexit.o [52]
  .rodata            const    0x1028'5724    0x1c  zf_common_debug.o [46]
  .text              ro code  0x1028'5740    0x1c  startup_cm7.o [31]
  .text              ro code  0x1028'575c    0x1c  cstartup_M.o [52]
  .rodata            const    0x1028'5778    0x18  startup.o [31]
  .rodata            const    0x1028'5790    0x18  system_tviibh4m_cm7.o [22]
  .rodata            const    0x1028'57a8    0x18  zf_common_debug.o [46]
  .rodata            const    0x1028'57c0    0x10  zf_common_debug.o [46]
  .rodata            const    0x1028'57d0    0x10  zf_common_debug.o [46]
  .rodata            const    0x1028'57e0     0xc  zf_common_debug.o [46]
  .rodata            const    0x1028'57ec     0xc  zf_common_debug.o [46]
  .text              ro code  0x1028'57f8     0xc  cy_syslib.o [36]
  .rodata            const    0x1028'5804     0x8  cy_sysclk.o [33]
  .rodata            const    0x1028'580c     0x4  cy_interrupt_map.o [23]
  .rodata            const    0x1028'5810     0x4  cy_interrupt_map.o [23]
  .rodata            const    0x1028'5814     0x4  cy_interrupt_map.o [23]
  .rodata            const    0x1028'5818     0x4  cy_interrupt_map.o [23]
  .rodata            const    0x1028'581c     0x4  cy_interrupt_map.o [23]
  .rodata            const    0x1028'5820     0x4  cy_interrupt_map.o [23]
  .rodata            const    0x1028'5824     0x4  cy_interrupt_map.o [23]
  .rodata            const    0x1028'5828     0x4  cy_interrupt_map.o [23]
  .rodata            const    0x1028'582c     0x4  cy_scb_spi.o [24]
  .rodata            const    0x1028'5830     0x4  cy_scb_spi.o [24]
  .rodata            const    0x1028'5834     0x4  cy_scb_spi.o [24]
  .rodata            const    0x1028'5838     0x4  cy_scb_spi.o [24]
  .rodata            const    0x1028'583c     0x4  cy_tcpwm_counter.o [43]
  .rodata            const    0x1028'5840     0x4  cy_tcpwm_counter.o [43]
  .rodata            const    0x1028'5844     0x4  cy_tcpwm_counter.o [43]
  .rodata            const    0x1028'5848     0x4  cy_tcpwm_counter.o [43]
  .rodata            const    0x1028'584c     0x4  cy_tcpwm_counter.o [43]
  .text              ro code  0x1028'5850     0x4  startup_cm7.o [31]
  .text              ro code  0x1028'5854     0x4  startup_cm7.o [31]
  .text              ro code  0x1028'5858     0x4  startup_cm7.o [31]
  .text              ro code  0x1028'585c     0x4  startup_cm7.o [31]
  .text              ro code  0x1028'5860     0x4  startup_cm7.o [31]
  .text              ro code  0x1028'5864     0x4  startup_cm7.o [31]
  .text              ro code  0x1028'5868     0x4  startup_cm7.o [31]
  .text              ro code  0x1028'586c     0x4  startup_cm7.o [31]
  .text              ro code  0x1028'5870     0x4  startup_cm7.o [31]
  .text              ro code  0x1028'5874     0x4  startup_cm7.o [31]
  .text              ro code  0x1028'5878     0x4  startup_cm7.o [31]
  .text              ro code  0x1028'587c     0x4  startup_cm7.o [31]
  .text              ro code  0x1028'5880     0x4  startup_cm7.o [31]
  .text              ro code  0x1028'5884     0x4  startup_cm7.o [31]
  .text              ro code  0x1028'5888     0x4  startup_cm7.o [31]
  .rodata            const    0x1028'588c     0x0  zero_init3.o [52]
  .rodata            const    0x1028'588c     0x0  lz77_init_single.o [52]
  Initializer bytes  const    0x1028'588c    0x6c  <for P2-1>
                            - 0x1028'58f8  0x5878

Absolute sections:                         0x5820
  .bss               zero     0x2808'070c  0x5820  main_cm7_1.o [45]
                            - 0x2808'5f2c  0x5820

"P2", part 1 of 3:                          0x748
  P2-1                        0x2808'5f2c   0x748  <Init block>
    .data            inited   0x2808'5f2c   0x6ec  cy_interrupt_map.o [23]
    .data            inited   0x2808'6618    0x10  main_cm7_1.o [45]
    .data            inited   0x2808'6628     0x4  segmentation.o [5]
    .data            inited   0x2808'662c     0x4  segmentation.o [5]
    .data            inited   0x2808'6630     0x4  segmentation.o [5]
    .data            inited   0x2808'6634     0x4  segmentation.o [5]
    .data            inited   0x2808'6638    0x10  zf_driver_spi.o [49]
    .data            inited   0x2808'6648    0x1c  zf_driver_uart.o [49]
    .data            inited   0x2808'6664     0x2  zf_device_ips200.o [48]
    .data            inited   0x2808'6666     0x2  zf_device_ips200.o [48]
    .data            inited   0x2808'6668     0x2  zf_device_ips200.o [48]
    .data            inited   0x2808'666a     0x2  zf_device_ips200.o [48]
    .data            inited   0x2808'666c     0x2  zf_driver_delay.o [49]
    .data            inited   0x2808'666e     0x1  zf_common_debug.o [46]
    .data            inited   0x2808'666f     0x1  zf_device_ips200.o [48]
    .data            inited   0x2808'6670     0x1  zf_device_ips200.o [48]
    .data            inited   0x2808'6671     0x1  zf_device_ips200.o [48]
    .data            inited   0x2808'6672     0x1  zf_device_ips200.o [48]
    .data            inited   0x2808'6673     0x1  zf_driver_delay.o [49]
                            - 0x2808'6674   0x748

"P2", part 2 of 3:                         0x13b0
  .bss               zero     0x2808'6674  0x12c0  segmentation.o [5]
  .bss               zero     0x2808'7934    0x70  cy_syslib.o [36]
  .bss               zero     0x2808'79a4    0x18  cy_sysclk.o [33]
  .bss               zero     0x2808'79bc    0x18  cy_syslib.o [36]
  .bss               zero     0x2808'79d4    0x14  zf_common_debug.o [46]
  .bss               zero     0x2808'79e8     0x8  heap0.o [50]
  .bss               zero     0x2808'79f0     0x4  cy_syslib.o [36]
  .bss               zero     0x2808'79f4     0x4  system_tviibh4m_cm7.o [22]
  .bss               zero     0x2808'79f8     0x4  system_tviibh4m_cm7.o [22]
  .bss               zero     0x2808'79fc     0x4  system_tviibh4m_cm7.o [22]
  .bss               zero     0x2808'7a00     0x4  system_tviibh4m_cm7.o [22]
  .bss               zero     0x2808'7a04     0x4  system_tviibh4m_cm7.o [22]
  .bss               zero     0x2808'7a08     0x4  zf_common_clock.o [46]
  .bss               zero     0x2808'7a0c     0x4  zf_common_interrupt.o [46]
  .bss               zero     0x2808'7a10     0x4  zf_driver_spi.o [49]
  .bss               zero     0x2808'7a14     0x4  xgetmemchunk.o [50]
  .bss               zero     0x2808'7a18     0x4  xfail_s.o [50]
  .bss               zero     0x2808'7a1c     0x1  cy_sysclk.o [33]
  .bss               zero     0x2808'7a1d     0x1  main_cm7_1.o [45]
  .bss               zero     0x2808'7a1e     0x1  zf_common_debug.o [46]
  .bss               zero     0x2808'7a1f     0x1  zf_common_debug.o [46]
  .bss               zero     0x2808'7a20     0x1  zf_device_ips200.o [48]
  .bss               zero     0x2808'7a21     0x1  zf_device_ips200.o [48]
  .bss               zero     0x2808'7a22     0x1  zf_device_mt9v03x.o [48]
                            - 0x2808'7a23  0x13af

"P2", part 3 of 3:                           0x80
  .intvec_ram        uninit   0x2808'7a80    0x80  startup_cm7.o [31]
                            - 0x2808'7b00    0x80

"A1":                                      0x2400
  HEAP_STACK                  0x280b'dc00  0x2400  <Block>
    HEAP                      0x280b'dc00   0x400  <Block>
      HEAP           uninit   0x280b'dc00   0x400  <Block tail>
    CSTACK                    0x280b'e000  0x2000  <Block>
      CSTACK         uninit   0x280b'e000  0x2000  <Block tail>
                            - 0x280c'0000  0x2400

Unused ranges:

         From           To       Size
         ----           --       ----
  0x1028'59ed  0x1040'ffff  0x18'a613
  0x2808'0000  0x2808'070b      0x70c
  0x2808'7a24  0x2808'7a7f       0x5c
  0x2808'7b00  0x280b'dbff   0x3'6100


*******************************************************************************
*** INIT TABLE
***

          Address      Size
          -------      ----
Zero (__iar_zero_init3)
    2 destination ranges, total size 0x6bcf:
          0x2808'070c  0x5820
          0x2808'6674  0x13af

Copy/lz77 (__iar_lz77_init_single3)
    1 source range, total size 0x6c (5% of destination):
          0x1028'588c    0x6c
    1 destination range, total size 0x748:
          0x2808'5f2c   0x748



*******************************************************************************
*** MODULE SUMMARY
***

    Module                 ro code  ro data  rw data  rw data
                                                       (abs)
    ------                 -------  -------  -------  -------
command line/config:
    ---------------------------------------------------------
    Total:

E:\New_path\IAR\CYT4BB7_Library-master(2)\Seekfree_CYT4BB_Opensource_Library\project\iar\Debug_m7_1\Obj\adc_11722776235721520015.dir: [1]
    ---------------------------------------------------------
    Total:

E:\New_path\IAR\CYT4BB7_Library-master(2)\Seekfree_CYT4BB_Opensource_Library\project\iar\Debug_m7_1\Obj\audioss_1346650047966882938.dir: [2]
    ---------------------------------------------------------
    Total:

E:\New_path\IAR\CYT4BB7_Library-master(2)\Seekfree_CYT4BB_Opensource_Library\project\iar\Debug_m7_1\Obj\button_4990804375159372270.dir: [3]
    ---------------------------------------------------------
    Total:

E:\New_path\IAR\CYT4BB7_Library-master(2)\Seekfree_CYT4BB_Opensource_Library\project\iar\Debug_m7_1\Obj\canfd_1800690984773873875.dir: [4]
    ---------------------------------------------------------
    Total:

E:\New_path\IAR\CYT4BB7_Library-master(2)\Seekfree_CYT4BB_Opensource_Library\project\iar\Debug_m7_1\Obj\code_17896468042025673432.dir: [5]
    segmentation.o             176        1    4'816
    ---------------------------------------------------------
    Total:                     176        1    4'816

E:\New_path\IAR\CYT4BB7_Library-master(2)\Seekfree_CYT4BB_Opensource_Library\project\iar\Debug_m7_1\Obj\cpu_15938736945165268644.dir: [6]
    ---------------------------------------------------------
    Total:

E:\New_path\IAR\CYT4BB7_Library-master(2)\Seekfree_CYT4BB_Opensource_Library\project\iar\Debug_m7_1\Obj\crypto_1190170608956581615.dir: [7]
    ---------------------------------------------------------
    Total:

E:\New_path\IAR\CYT4BB7_Library-master(2)\Seekfree_CYT4BB_Opensource_Library\project\iar\Debug_m7_1\Obj\dma_12106025507578611576.dir: [8]
    ---------------------------------------------------------
    Total:

E:\New_path\IAR\CYT4BB7_Library-master(2)\Seekfree_CYT4BB_Opensource_Library\project\iar\Debug_m7_1\Obj\eth_phy_18133017486186456677.dir: [9]
    ---------------------------------------------------------
    Total:

E:\New_path\IAR\CYT4BB7_Library-master(2)\Seekfree_CYT4BB_Opensource_Library\project\iar\Debug_m7_1\Obj\ethernet_6029839089178797009.dir: [10]
    ---------------------------------------------------------
    Total:

E:\New_path\IAR\CYT4BB7_Library-master(2)\Seekfree_CYT4BB_Opensource_Library\project\iar\Debug_m7_1\Obj\evtgen_3404189088603873129.dir: [11]
    ---------------------------------------------------------
    Total:

E:\New_path\IAR\CYT4BB7_Library-master(2)\Seekfree_CYT4BB_Opensource_Library\project\iar\Debug_m7_1\Obj\flash_8529866181315662935.dir: [12]
    ---------------------------------------------------------
    Total:

E:\New_path\IAR\CYT4BB7_Library-master(2)\Seekfree_CYT4BB_Opensource_Library\project\iar\Debug_m7_1\Obj\flash_864493325053435817.dir: [13]
    ---------------------------------------------------------
    Total:

E:\New_path\IAR\CYT4BB7_Library-master(2)\Seekfree_CYT4BB_Opensource_Library\project\iar\Debug_m7_1\Obj\gpio_3999404635324069351.dir: [14]
    cy_gpio.o                  404
    ---------------------------------------------------------
    Total:                     404

E:\New_path\IAR\CYT4BB7_Library-master(2)\Seekfree_CYT4BB_Opensource_Library\project\iar\Debug_m7_1\Obj\ipc_10145506163450686023.dir: [15]
    ---------------------------------------------------------
    Total:

E:\New_path\IAR\CYT4BB7_Library-master(2)\Seekfree_CYT4BB_Opensource_Library\project\iar\Debug_m7_1\Obj\lin_18429031207028094880.dir: [16]
    ---------------------------------------------------------
    Total:

E:\New_path\IAR\CYT4BB7_Library-master(2)\Seekfree_CYT4BB_Opensource_Library\project\iar\Debug_m7_1\Obj\lvd_6353935867039560245.dir: [17]
    ---------------------------------------------------------
    Total:

E:\New_path\IAR\CYT4BB7_Library-master(2)\Seekfree_CYT4BB_Opensource_Library\project\iar\Debug_m7_1\Obj\mcwdt_4052485907822033969.dir: [18]
    ---------------------------------------------------------
    Total:

E:\New_path\IAR\CYT4BB7_Library-master(2)\Seekfree_CYT4BB_Opensource_Library\project\iar\Debug_m7_1\Obj\mpu_5663187252346826382.dir: [19]
    ---------------------------------------------------------
    Total:

E:\New_path\IAR\CYT4BB7_Library-master(2)\Seekfree_CYT4BB_Opensource_Library\project\iar\Debug_m7_1\Obj\power_14453085144426420577.dir: [20]
    ---------------------------------------------------------
    Total:

E:\New_path\IAR\CYT4BB7_Library-master(2)\Seekfree_CYT4BB_Opensource_Library\project\iar\Debug_m7_1\Obj\prot_10722960861768657883.dir: [21]
    ---------------------------------------------------------
    Total:

E:\New_path\IAR\CYT4BB7_Library-master(2)\Seekfree_CYT4BB_Opensource_Library\project\iar\Debug_m7_1\Obj\rev_b_4986922561640112550.dir: [22]
    system_tviibh4m_cm7.o      336      160       20
    ---------------------------------------------------------
    Total:                     336      160       20

E:\New_path\IAR\CYT4BB7_Library-master(2)\Seekfree_CYT4BB_Opensource_Library\project\iar\Debug_m7_1\Obj\rev_b_6162237342861132223.dir: [23]
    cy_interrupt_map.o         408      134    1'772
    ---------------------------------------------------------
    Total:                     408      134    1'772

E:\New_path\IAR\CYT4BB7_Library-master(2)\Seekfree_CYT4BB_Opensource_Library\project\iar\Debug_m7_1\Obj\scb_15490842639181808494.dir: [24]
    cy_scb_spi.o               496       16
    ---------------------------------------------------------
    Total:                     496       16

E:\New_path\IAR\CYT4BB7_Library-master(2)\Seekfree_CYT4BB_Opensource_Library\project\iar\Debug_m7_1\Obj\sd_host_2982766354293506895.dir: [25]
    ---------------------------------------------------------
    Total:

E:\New_path\IAR\CYT4BB7_Library-master(2)\Seekfree_CYT4BB_Opensource_Library\project\iar\Debug_m7_1\Obj\semihosting_143864889731838620.dir: [26]
    ---------------------------------------------------------
    Total:

E:\New_path\IAR\CYT4BB7_Library-master(2)\Seekfree_CYT4BB_Opensource_Library\project\iar\Debug_m7_1\Obj\smartio_5451710003740070188.dir: [27]
    ---------------------------------------------------------
    Total:

E:\New_path\IAR\CYT4BB7_Library-master(2)\Seekfree_CYT4BB_Opensource_Library\project\iar\Debug_m7_1\Obj\smif_427648126384146252.dir: [28]
    ---------------------------------------------------------
    Total:

E:\New_path\IAR\CYT4BB7_Library-master(2)\Seekfree_CYT4BB_Opensource_Library\project\iar\Debug_m7_1\Obj\smif_mem_6470536964353725183.dir: [29]
    ---------------------------------------------------------
    Total:

E:\New_path\IAR\CYT4BB7_Library-master(2)\Seekfree_CYT4BB_Opensource_Library\project\iar\Debug_m7_1\Obj\srom_13018798572330080582.dir: [30]
    ---------------------------------------------------------
    Total:

E:\New_path\IAR\CYT4BB7_Library-master(2)\Seekfree_CYT4BB_Opensource_Library\project\iar\Debug_m7_1\Obj\startup_479057977785470282.dir: [31]
    startup.o                  516       24
    startup_cm7.o              442               128
    ---------------------------------------------------------
    Total:                     958       24      128

E:\New_path\IAR\CYT4BB7_Library-master(2)\Seekfree_CYT4BB_Opensource_Library\project\iar\Debug_m7_1\Obj\sw_timer_4215635015939382130.dir: [32]
    ---------------------------------------------------------
    Total:

E:\New_path\IAR\CYT4BB7_Library-master(2)\Seekfree_CYT4BB_Opensource_Library\project\iar\Debug_m7_1\Obj\sysclk_16149231235676103872.dir: [33]
    cy_sysclk.o              2'280      272       25
    ---------------------------------------------------------
    Total:                   2'280      272       25

E:\New_path\IAR\CYT4BB7_Library-master(2)\Seekfree_CYT4BB_Opensource_Library\project\iar\Debug_m7_1\Obj\sysflt_12293435975120599261.dir: [34]
    ---------------------------------------------------------
    Total:

E:\New_path\IAR\CYT4BB7_Library-master(2)\Seekfree_CYT4BB_Opensource_Library\project\iar\Debug_m7_1\Obj\sysint_7435970359207984181.dir: [35]
    ---------------------------------------------------------
    Total:

E:\New_path\IAR\CYT4BB7_Library-master(2)\Seekfree_CYT4BB_Opensource_Library\project\iar\Debug_m7_1\Obj\syslib_16330585751512546975.dir: [36]
    cy_syslib.o                182               140
    cy_syslib_iar.o             30
    ---------------------------------------------------------
    Total:                     212               140

E:\New_path\IAR\CYT4BB7_Library-master(2)\Seekfree_CYT4BB_Opensource_Library\project\iar\Debug_m7_1\Obj\syspm_10887939769544754770.dir: [37]
    ---------------------------------------------------------
    Total:

E:\New_path\IAR\CYT4BB7_Library-master(2)\Seekfree_CYT4BB_Opensource_Library\project\iar\Debug_m7_1\Obj\sysreghc_17676636058511625587.dir: [38]
    ---------------------------------------------------------
    Total:

E:\New_path\IAR\CYT4BB7_Library-master(2)\Seekfree_CYT4BB_Opensource_Library\project\iar\Debug_m7_1\Obj\sysreset_14586141425677365288.dir: [39]
    ---------------------------------------------------------
    Total:

E:\New_path\IAR\CYT4BB7_Library-master(2)\Seekfree_CYT4BB_Opensource_Library\project\iar\Debug_m7_1\Obj\sysrtc_10747768817563771611.dir: [40]
    ---------------------------------------------------------
    Total:

E:\New_path\IAR\CYT4BB7_Library-master(2)\Seekfree_CYT4BB_Opensource_Library\project\iar\Debug_m7_1\Obj\systick_16016591671695740695.dir: [41]
    ---------------------------------------------------------
    Total:

E:\New_path\IAR\CYT4BB7_Library-master(2)\Seekfree_CYT4BB_Opensource_Library\project\iar\Debug_m7_1\Obj\syswdt_9118657615806274156.dir: [42]
    ---------------------------------------------------------
    Total:

E:\New_path\IAR\CYT4BB7_Library-master(2)\Seekfree_CYT4BB_Opensource_Library\project\iar\Debug_m7_1\Obj\tcpwm_422923530147891246.dir: [43]
    cy_tcpwm.o                  12
    cy_tcpwm_counter.o         402       20
    ---------------------------------------------------------
    Total:                     414       20

E:\New_path\IAR\CYT4BB7_Library-master(2)\Seekfree_CYT4BB_Opensource_Library\project\iar\Debug_m7_1\Obj\trigmux_9729677290734583340.dir: [44]
    ---------------------------------------------------------
    Total:

E:\New_path\IAR\CYT4BB7_Library-master(2)\Seekfree_CYT4BB_Opensource_Library\project\iar\Debug_m7_1\Obj\user_8514941877209965082.dir: [45]
    main_cm7_1.o               196        1       17   22'560
    ---------------------------------------------------------
    Total:                     196        1       17   22'560

E:\New_path\IAR\CYT4BB7_Library-master(2)\Seekfree_CYT4BB_Opensource_Library\project\iar\Debug_m7_1\Obj\zf_common_1201165462030747823.dir: [46]
    zf_common_clock.o           28                 4
    zf_common_debug.o          968      108       23
    zf_common_font.o                  2'072
    zf_common_interrupt.o       52                 4
    ---------------------------------------------------------
    Total:                   1'048    2'180       31

E:\New_path\IAR\CYT4BB7_Library-master(2)\Seekfree_CYT4BB_Opensource_Library\project\iar\Debug_m7_1\Obj\zf_components_14936052685886095442.dir: [47]
    ---------------------------------------------------------
    Total:

E:\New_path\IAR\CYT4BB7_Library-master(2)\Seekfree_CYT4BB_Opensource_Library\project\iar\Debug_m7_1\Obj\zf_device_6570275422786408770.dir: [48]
    zf_device_ips200.o       2'900      116       14
    zf_device_mt9v03x.o                            1
    ---------------------------------------------------------
    Total:                   2'900      116       15

E:\New_path\IAR\CYT4BB7_Library-master(2)\Seekfree_CYT4BB_Opensource_Library\project\iar\Debug_m7_1\Obj\zf_driver_11922370083829174090.dir: [49]
    zf_driver_delay.o          644        1        3
    zf_driver_gpio.o           228
    zf_driver_pwm.o             32
    zf_driver_spi.o          2'472      117       20
    zf_driver_uart.o           132        2       28
    ---------------------------------------------------------
    Total:                   3'508      120       51

dl7M_tln.a: [50]
    abort.o                      6
    exit.o                       4
    heap0.o                    316                 8
    heaptramp0.o                 4
    sprintf.o                   64
    vla_alloc.o                 22
    xfail_s.o                   64                 4
    xgetmemchunk.o              44                 4
    xprintffull_nomb.o       3'758
    xsprout.o                   10
    ---------------------------------------------------------
    Total:                   4'292                16

m7M_tlv.a: [51]
    DblCmpGe.o                  52
    DblCmpLe.o                  52
    DblDiv.o                    18
    DblMul.o                    18
    DblSub.o                    18
    DblToS32.o                  14
    DblToU32.o                  14
    S32ToDbl.o                  14
    U32ToDbl.o                  14
    fpinit_M.o                  34
    frexp.o                    112
    ldexp.o                    260
    ---------------------------------------------------------
    Total:                     620

rt7M_tl.a: [52]
    ABImemcpy.o                166
    ABImemset.o                102
    I64DivMod.o                560
    I64DivZer.o                  2
    cexit.o                     10
    cmain.o                     30
    cstartup_M.o                28
    data_init.o                 40
    lz77_init_single.o         126
    memchr.o                    88
    strchr.o                    22
    strlen.o                    54
    strncpy.o                  112
    zero_init3.o                56
    ---------------------------------------------------------
    Total:                   1'396

shb_l.a: [53]
    exit.o                      20
    ---------------------------------------------------------
    Total:                      20

    Gaps                        22        6
    Linker created                       40    9'216
-------------------------------------------------------------
    Grand Total:            19'686    3'090   16'247   22'560


*******************************************************************************
*** ENTRY LIST
***

Entry                       Address    Size  Type      Object
-----                       -------    ----  ----      ------
.iar.init_table$$Base   0x1028'5688           --   Gb  - Linker created -
.iar.init_table$$Limit  0x1028'56b0           --   Gb  - Linker created -
?main                   0x1028'56f1          Code  Gb  cmain.o [52]
Aldata                  0x2808'79e8     0x8  Data  Lc  heap0.o [50]
BusFault_Handler        0x1028'5859          Code  Wk  startup_cm7.o [31]
CSTACK$$Base            0x280b'e000           --   Gb  - Linker created -
CSTACK$$Limit           0x280c'0000           --   Gb  - Linker created -
CopyVectorTable         0x1028'4df1    0x34  Code  Lc  startup.o [31]
CpuUserInt0_Handler     0x1028'4fd3    0x26  Code  Gb  cy_interrupt_map.o [23]
CpuUserInt10_Handler    0x1028'5875          Code  Wk  startup_cm7.o [31]
CpuUserInt11_Handler    0x1028'5879          Code  Wk  startup_cm7.o [31]
CpuUserInt12_Handler    0x1028'587d          Code  Wk  startup_cm7.o [31]
CpuUserInt13_Handler    0x1028'5881          Code  Wk  startup_cm7.o [31]
CpuUserInt14_Handler    0x1028'5885          Code  Wk  startup_cm7.o [31]
CpuUserInt15_Handler    0x1028'5889          Code  Wk  startup_cm7.o [31]
CpuUserInt1_Handler     0x1028'4ff9    0x26  Code  Gb  cy_interrupt_map.o [23]
CpuUserInt2_Handler     0x1028'501f    0x26  Code  Gb  cy_interrupt_map.o [23]
CpuUserInt3_Handler     0x1028'5045    0x26  Code  Gb  cy_interrupt_map.o [23]
CpuUserInt4_Handler     0x1028'506b    0x26  Code  Gb  cy_interrupt_map.o [23]
CpuUserInt5_Handler     0x1028'5091    0x26  Code  Gb  cy_interrupt_map.o [23]
CpuUserInt6_Handler     0x1028'50b7    0x26  Code  Gb  cy_interrupt_map.o [23]
CpuUserInt7_Handler     0x1028'50dd    0x26  Code  Gb  cy_interrupt_map.o [23]
CpuUserInt8_Handler     0x1028'586d          Code  Wk  startup_cm7.o [31]
CpuUserInt9_Handler     0x1028'5871          Code  Wk  startup_cm7.o [31]
Cy_DefaultUserHandler   0x1028'4fd1     0x2  Code  Gb  cy_interrupt_map.o [23]
Cy_GPIO_ClearInterrupt  0x1028'335f     0xe  Code  Lc  cy_gpio.o [14]
Cy_GPIO_Clr             0x1028'2ec7     0xa  Code  Lc  zf_driver_gpio.o [49]
Cy_GPIO_Pin_Init        0x1028'33a3    0x72  Code  Gb  cy_gpio.o [14]
Cy_GPIO_Set             0x1028'2ebd     0xa  Code  Lc  zf_driver_gpio.o [49]
Cy_GPIO_SetDriveSel     0x1028'3341    0x1e  Code  Lc  cy_gpio.o [14]
Cy_GPIO_SetDrivemode    0x1028'32f1    0x1c  Code  Lc  cy_gpio.o [14]
Cy_GPIO_SetHSIOM        0x1028'328d    0x4c  Code  Lc  cy_gpio.o [14]
Cy_GPIO_SetInterruptEdge
                        0x1028'3387    0x1c  Code  Lc  cy_gpio.o [14]
Cy_GPIO_SetInterruptMask
                        0x1028'336d    0x1a  Code  Lc  cy_gpio.o [14]
Cy_GPIO_SetSlewRate     0x1028'3327    0x1a  Code  Lc  cy_gpio.o [14]
Cy_GPIO_SetVtrip        0x1028'330d    0x1a  Code  Lc  cy_gpio.o [14]
Cy_GPIO_Write           0x1028'32d9    0x18  Code  Lc  cy_gpio.o [14]
Cy_RestoreIRQ           0x1028'4fad          Code  Gb  startup_cm7.o [31]
Cy_SCB_GetFifoSize      0x1028'2171    0x12  Code  Lc  zf_driver_spi.o [49]
Cy_SCB_GetNumInTxFifo   0x1028'213b     0xa  Code  Lc  zf_driver_spi.o [49]
Cy_SCB_GetNumInTxFifo   0x1028'3617     0xa  Code  Lc  zf_driver_uart.o [49]
Cy_SCB_GetTxSrValid     0x1028'2145     0xa  Code  Lc  zf_driver_spi.o [49]
Cy_SCB_GetTxSrValid     0x1028'3621     0xa  Code  Lc  zf_driver_uart.o [49]
Cy_SCB_IsTxComplete     0x1028'214f    0x22  Code  Lc  zf_driver_spi.o [49]
Cy_SCB_IsTxComplete     0x1028'362b    0x22  Code  Lc  zf_driver_uart.o [49]
Cy_SCB_SPI_Enable       0x1028'2183     0xa  Code  Lc  zf_driver_spi.o [49]
Cy_SCB_SPI_Init         0x1028'3421   0x1d8  Code  Gb  cy_scb_spi.o [24]
Cy_SCB_SPI_SetActiveSlaveSelect
                        0x1028'218d     0xc  Code  Lc  zf_driver_spi.o [49]
Cy_SCB_WriteTxFifo      0x1028'2135     0x6  Code  Lc  zf_driver_spi.o [49]
Cy_SCB_WriteTxFifo      0x1028'3611     0x6  Code  Lc  zf_driver_uart.o [49]
Cy_SaveIRQ              0x1028'4fa5          Code  Gb  startup_cm7.o [31]
Cy_SysClk_CheckDividerExisting
                        0x1028'2fa1    0x2a  Code  Lc  zf_driver_delay.o [49]
Cy_SysClk_CheckDividerExisting
                        0x1028'2199    0x2c  Code  Lc  zf_driver_spi.o [49]
Cy_SysClk_ClkPathGetSource
                        0x1028'3ba9    0x54  Code  Gb  cy_sysclk.o [33]
Cy_SysClk_EcoGetStatus  0x1028'3a35    0x1a  Code  Lc  cy_sysclk.o [33]
Cy_SysClk_Fast0ClkGetDivider
                        0x1028'3b7d    0x16  Code  Lc  cy_sysclk.o [33]
Cy_SysClk_Fast1ClkGetDivider
                        0x1028'3b93    0x16  Code  Lc  cy_sysclk.o [33]
Cy_SysClk_FllGetConfiguration
                        0x1028'3c05    0x7e  Code  Gb  cy_sysclk.o [33]
Cy_SysClk_FllGetLockStatus
                        0x1028'3a4f     0xc  Code  Lc  cy_sysclk.o [33]
Cy_SysClk_GetClockGroup
                        0x1028'3049     0x8  Code  Lc  zf_driver_delay.o [49]
Cy_SysClk_GetClockGroup
                        0x1028'227d     0x8  Code  Lc  zf_driver_spi.o [49]
Cy_SysClk_GetCoreFrequency
                        0x1028'42c9    0x2a  Code  Gb  cy_sysclk.o [33]
Cy_SysClk_GetEcoFrequency
                        0x1028'3dd1    0x32  Code  Gb  cy_sysclk.o [33]
Cy_SysClk_GetExtFrequency
                        0x1028'3e05    0x1e  Code  Gb  cy_sysclk.o [33]
Cy_SysClk_GetFast0Frequency
                        0x1028'421d    0x56  Code  Gb  cy_sysclk.o [33]
Cy_SysClk_GetFast1Frequency
                        0x1028'4273    0x56  Code  Gb  cy_sysclk.o [33]
Cy_SysClk_GetFllInputFrequency
                        0x1028'3f25     0xc  Code  Gb  cy_sysclk.o [33]
Cy_SysClk_GetFllOutputFrequency
                        0x1028'3f4d    0x78  Code  Gb  cy_sysclk.o [33]
Cy_SysClk_GetHfClkFrequency
                        0x1028'419f    0x7a  Code  Gb  cy_sysclk.o [33]
Cy_SysClk_GetIlo0Frequency
                        0x1028'3e23    0x32  Code  Gb  cy_sysclk.o [33]
Cy_SysClk_GetIlo1Frequency
                        0x1028'3e55    0x32  Code  Gb  cy_sysclk.o [33]
Cy_SysClk_GetImoFrequency
                        0x1028'3d9f    0x32  Code  Gb  cy_sysclk.o [33]
Cy_SysClk_GetPathFrequency
                        0x1028'416d    0x32  Code  Gb  cy_sysclk.o [33]
Cy_SysClk_GetPathSourceFrequency
                        0x1028'3ec1    0x64  Code  Gb  cy_sysclk.o [33]
Cy_SysClk_GetPll400MNo  0x1028'3a99    0x14  Code  Lc  cy_sysclk.o [33]
Cy_SysClk_GetPllInputFrequency
                        0x1028'3f31    0x1c  Code  Gb  cy_sysclk.o [33]
Cy_SysClk_GetPllNo      0x1028'3a5d    0x12  Code  Lc  cy_sysclk.o [33]
Cy_SysClk_GetPllOutputFrequency
                        0x1028'3fc9   0x1a0  Code  Gb  cy_sysclk.o [33]
Cy_SysClk_GetWcoFrequency
                        0x1028'3e87    0x32  Code  Gb  cy_sysclk.o [33]
Cy_SysClk_HfClockGetDivider
                        0x1028'3b3b    0x42  Code  Lc  cy_sysclk.o [33]
Cy_SysClk_HfClockGetSource
                        0x1028'3ae7    0x54  Code  Lc  cy_sysclk.o [33]
Cy_SysClk_InitGetFreqParams
                        0x1028'3d85    0x1a  Code  Gb  cy_sysclk.o [33]
Cy_SysClk_PeriphAssignDivider
                        0x1028'3051    0x68  Code  Lc  zf_driver_delay.o [49]
Cy_SysClk_PeriphAssignDivider
                        0x1028'2285    0x6a  Code  Lc  zf_driver_spi.o [49]
Cy_SysClk_PeriphEnableDivider
                        0x1028'30b9    0x4c  Code  Lc  zf_driver_delay.o [49]
Cy_SysClk_PeriphEnableDivider
                        0x1028'22ef    0x4e  Code  Lc  zf_driver_spi.o [49]
Cy_SysClk_PeriphSetDivider
                        0x1028'2fcb    0x7e  Code  Lc  zf_driver_delay.o [49]
Cy_SysClk_PeriphSetFracDivider
                        0x1028'21c5    0xb8  Code  Lc  zf_driver_spi.o [49]
Cy_SysClk_Pll400MGetConfiguration
                        0x1028'3cf1    0x84  Code  Gb  cy_sysclk.o [33]
Cy_SysClk_Pll400MGetLockStatus
                        0x1028'3aad    0x2a  Code  Lc  cy_sysclk.o [33]
Cy_SysClk_PllGetConfiguration
                        0x1028'3c9d    0x48  Code  Gb  cy_sysclk.o [33]
Cy_SysClk_PllGetLockStatus
                        0x1028'3a6f    0x28  Code  Lc  cy_sysclk.o [33]
Cy_SysClk_WcoOkay       0x1028'3ad9     0xe  Code  Lc  cy_sysclk.o [33]
Cy_SysLib_DelayCycles   0x1028'56d1          Code  Gb  cy_syslib_iar.o [36]
Cy_SysLib_EnterCriticalSection
                        0x1028'56e1          Code  Gb  cy_syslib_iar.o [36]
Cy_SysLib_ExitCriticalSection
                        0x1028'56e9          Code  Gb  cy_syslib_iar.o [36]
Cy_SysLib_FaultHandler  0x1028'4391    0x90  Code  Gb  cy_syslib.o [36]
Cy_SysLib_Halt          0x1028'438d     0x4  Code  Gb  cy_syslib.o [36]
Cy_SysLib_ProcessingFault
                        0x1028'4435     0x2  Code  Wk  cy_syslib.o [36]
Cy_SysLib_SvcHandler    0x1028'57f9     0xc  Code  Wk  cy_syslib.o [36]
Cy_SystemInitFpuEnable  0x1028'4f45    0x1e  Code  Gb  system_tviibh4m_cm7.o [22]
Cy_SystemIrqUserTable   0x2808'5f2c   0x6ec  Data  Gb  cy_interrupt_map.o [23]
Cy_Tcpwm_Counter_Enable
                        0x1028'39c9     0xa  Code  Gb  cy_tcpwm_counter.o [43]
Cy_Tcpwm_Counter_GetCounter
                        0x1028'39d7     0x4  Code  Gb  cy_tcpwm_counter.o [43]
Cy_Tcpwm_Counter_Init   0x1028'3849   0x16c  Code  Gb  cy_tcpwm_counter.o [43]
Cy_Tcpwm_Counter_SetCounter
                        0x1028'39d3     0x4  Code  Gb  cy_tcpwm_counter.o [43]
Cy_Tcpwm_TriggerStart   0x1028'39db     0xc  Code  Gb  cy_tcpwm.o [43]
Cy_u32StartupStackEndAddress
                        0x1028'5388          Data  Gb  startup_cm7.o [31]
Cy_u32StartupStackStartAddress
                        0x1028'5384          Data  Gb  startup_cm7.o [31]
DebugMon_Handler        0x1028'5861          Code  Wk  startup_cm7.o [31]
HEAP$$Base              0x280b'dc00           --   Gb  - Linker created -
HEAP$$Limit             0x280b'e000           --   Gb  - Linker created -
HEAP_STACK$$Base        0x280b'dc00           --   Gb  - Linker created -
HEAP_STACK$$Limit       0x280c'0000           --   Gb  - Linker created -
HardFault_Handler       0x1028'56b1          Code  Wk  startup_cm7.o [31]
Image_Use               0x2808'6674  0x12c0  Data  Gb  segmentation.o [5]
InitRamEcc              0x1028'4cdf   0x100  Code  Lc  startup.o [31]
InitRamEccClearArea     0x1028'4ddf    0x12  Code  Lc  startup.o [31]
Lh                      0x2808'662c     0x4  Data  Gb  segmentation.o [5]
Lw                      0x2808'6634     0x4  Data  Gb  segmentation.o [5]
MemManage_Handler       0x1028'5855          Code  Wk  startup_cm7.o [31]
Mh                      0x2808'6628     0x4  Data  Gb  segmentation.o [5]
Mw                      0x2808'6630     0x4  Data  Gb  segmentation.o [5]
NMI_Handler             0x1028'5851          Code  Wk  startup_cm7.o [31]
PROCE_FLAG              0x2808'7a1d     0x1  Data  Gb  main_cm7_1.o [45]
PendSV_Handler          0x1028'5865          Code  Wk  startup_cm7.o [31]
Region$$Table$$Base     0x1028'5688           --   Gb  - Linker created -
Region$$Table$$Limit    0x1028'56b0           --   Gb  - Linker created -
Reset_Handler           0x1028'52dd          Code  Wk  startup_cm7.o [31]
SVC_Handler             0x1028'5741          Code  Wk  startup_cm7.o [31]
Startup_Init            0x1028'4c51    0x8e  Code  Gb  startup.o [31]
SysTick_Handler         0x1028'5869          Code  Wk  startup_cm7.o [31]
SystemCoreClock         0x2808'79f4     0x4  Data  Gb  system_tviibh4m_cm7.o [22]
SystemCoreClockUpdate   0x1028'4eb1    0x94  Code  Gb  system_tviibh4m_cm7.o [22]
SystemInit              0x1028'4e55    0x5c  Code  Gb  system_tviibh4m_cm7.o [22]
UsageFault_Handler      0x1028'585d          Code  Wk  startup_cm7.o [31]
_LC                     0x1028'0081     0x6  Code  Lc  xprintffull_nomb.o [50]
_LitobFullNoMb          0x1028'0d4d   0x114  Code  Lc  xprintffull_nomb.o [50]
_PrintfFullNoMb         0x1028'0087   0xc98  Code  Gb  xprintffull_nomb.o [50]
_PutcharsFullNoMb       0x1028'0eb9    0x2e  Code  Lc  xprintffull_nomb.o [50]
_SProut                 0x1028'0fc3     0xa  Code  Gb  xsprout.o [50]
__NVIC_ClearPendingIRQ  0x1028'4fb5    0x1c  Code  Lc  cy_interrupt_map.o [23]
__Vectors               0x1028'0000           --   Gb  startup_cm7.o [31]
__Vectors_End           0x1028'0080          Data  Gb  startup_cm7.o [31]
__Vectors_Size {Abs}           0x80           --   Gb  startup_cm7.o [31]
__aeabi_cdcmple         0x1028'11b5          Code  Gb  DblCmpLe.o [51]
__aeabi_cdrcmple        0x1028'11e9          Code  Gb  DblCmpGe.o [51]
__aeabi_d2iz            0x1028'1321     0xe  Code  Gb  DblToS32.o [51]
__aeabi_d2uiz           0x1028'1361     0xe  Code  Gb  DblToU32.o [51]
__aeabi_ddiv            0x1028'134f    0x12  Code  Gb  DblDiv.o [51]
__aeabi_dmul            0x1028'137d    0x12  Code  Gb  DblMul.o [51]
__aeabi_dsub            0x1028'133d    0x12  Code  Gb  DblSub.o [51]
__aeabi_i2d             0x1028'132f     0xe  Code  Gb  S32ToDbl.o [51]
__aeabi_ldiv0           0x1028'15c9          Code  Gb  I64DivZer.o [52]
__aeabi_memcpy          0x1028'109d          Code  Gb  ABImemcpy.o [52]
__aeabi_memcpy4         0x1028'10bd          Code  Gb  ABImemcpy.o [52]
__aeabi_memcpy8         0x1028'10bd          Code  Gb  ABImemcpy.o [52]
__aeabi_memset          0x1028'3225          Code  Gb  ABImemset.o [52]
__aeabi_ui2d            0x1028'136f     0xe  Code  Gb  U32ToDbl.o [51]
__aeabi_uldivmod        0x1028'1391          Code  Gb  I64DivMod.o [52]
__basic_free            0x1028'37b5    0x16  Code  Gb  heap0.o [50]
__basic_free_intern     0x1028'37cb    0x74  Code  Lc  heap0.o [50]
__basic_malloc          0x1028'3709    0x18  Code  Gb  heap0.o [50]
__basic_malloc_intern   0x1028'3721    0x94  Code  Lc  heap0.o [50]
__cmain                 0x1028'56f1          Code  Gb  cmain.o [52]
__data_GetMemChunk      0x1028'3a09    0x2c  Code  Gb  xgetmemchunk.o [50]
__data_GetMemChunk::start
                        0x2808'7a14     0x4  Data  Lc  xgetmemchunk.o [50]
__ecc_init_dtcm_end_address {Abs}
                        0x2000'3fff          Data  Gb  <internal module>
__ecc_init_dtcm_start_address {Abs}
                        0x2000'0000          Data  Gb  <internal module>
__ecc_init_itcm_end_address {Abs}
                             0x3fff          Data  Gb  <internal module>
__ecc_init_itcm_start_address {Abs}
                                0x0          Data  Gb  <internal module>
__ecc_init_sram_end_address {Abs}
                        0x280b'ffff          Data  Gb  <internal module>
__ecc_init_sram_start_address {Abs}
                        0x2808'0000          Data  Gb  <internal module>
__exit                  0x1028'15cd    0x14  Code  Gb  exit.o [53]
__iar_Fail_s            0x1028'0fcd    0x1c  Code  Gb  xfail_s.o [50]
__iar_Memchr            0x1028'1045          Code  Gb  memchr.o [52]
__iar_Memset            0x1028'3225          Code  Gb  ABImemset.o [52]
__iar_Memset_word       0x1028'322d          Code  Gb  ABImemset.o [52]
__iar_Strchr            0x1028'0fad          Code  Gb  strchr.o [52]
__iar_data_init3        0x1028'563d    0x28  Code  Gb  data_init.o [52]
__iar_frexp             0x1028'1151          Code  Gb  frexp.o [51]
__iar_frexpl            0x1028'1151          Code  Gb  frexp.o [51]
__iar_init_vfp          0x1028'5665          Code  Gb  fpinit_M.o [51]
__iar_ldexp64           0x1028'1231          Code  Gb  ldexp.o [51]
__iar_lz77_init_single3
                        0x1028'0f2f    0x7e  Code  Gb  lz77_init_single.o [52]
__iar_program_start     0x1028'575d          Code  Gb  cstartup_M.o [52]
__iar_scalbln64         0x1028'1231          Code  Gb  ldexp.o [51]
__iar_scalbn64          0x1028'1231          Code  Gb  ldexp.o [51]
__iar_softfp___iar_frexp64
                        0x1028'1145          Code  Gb  frexp.o [51]
__iar_softfp___iar_ldexp64
                        0x1028'121d          Code  Gb  ldexp.o [51]
__iar_softfp___iar_scalbln64
                        0x1028'121d          Code  Gb  ldexp.o [51]
__iar_softfp___iar_scalbn64
                        0x1028'121d          Code  Gb  ldexp.o [51]
__iar_softfp_frexp      0x1028'1145          Code  Gb  frexp.o [51]
__iar_softfp_frexpl     0x1028'1145          Code  Gb  frexp.o [51]
__iar_softfp_ldexp      0x1028'121d          Code  Gb  ldexp.o [51]
__iar_softfp_ldexpl     0x1028'121d          Code  Gb  ldexp.o [51]
__iar_softfp_scalbln    0x1028'121d          Code  Gb  ldexp.o [51]
__iar_softfp_scalblnl   0x1028'121d          Code  Gb  ldexp.o [51]
__iar_softfp_scalbn     0x1028'121d          Code  Gb  ldexp.o [51]
__iar_softfp_scalbnl    0x1028'121d          Code  Gb  ldexp.o [51]
__iar_vla_alloc2        0x1028'2ea5    0x12  Code  Gb  vla_alloc.o [50]
__iar_vla_dealloc2      0x1028'2eb7     0x4  Code  Gb  vla_alloc.o [50]
__iar_zero_init3        0x1028'5605    0x38  Code  Gb  zero_init3.o [52]
__low_level_init        0x1028'5711          Code  Gb  startup_cm7.o [31]
__ramVectors            0x2808'7a80          Data  Gb  startup_cm7.o [31]
__vector_table          0x1028'0000          Data  Gb  startup_cm7.o [31]
__vector_table_0x1c     0x1028'001c          Data  Gb  startup_cm7.o [31]
_call_main              0x1028'56fd          Code  Gb  cmain.o [52]
_exit                   0x1028'5719          Code  Gb  cexit.o [52]
abort                   0x1028'15c1     0x6  Code  Gb  abort.o [50]
ascii_font_6x8          0x1028'4a28   0x228  Data  Gb  zf_common_font.o [46]
ascii_font_8x16         0x1028'4438   0x5f0  Data  Gb  zf_common_font.o [46]
assert_interrupt_config
                        0x1028'36fd     0xc  Code  Gb  zf_common_interrupt.o [46]
capture_image           0x2808'6618    0x10  Data  Gb  main_cm7_1.o [45]
clock_init              0x1028'5211    0x16  Code  Gb  zf_common_clock.o [46]
compressimage           0x1028'522d    0x94  Code  Gb  segmentation.o [5]
cs_pin_save             0x2808'7a10     0x4  Data  Gb  zf_driver_spi.o [49]
cy_assertFileName       0x2808'79bc    0x18  Data  Gb  cy_syslib.o [36]
cy_assertLine           0x2808'79f0     0x4  Data  Gb  cy_syslib.o [36]
cy_delay32kMs           0x2808'7a04     0x4  Data  Gb  system_tviibh4m_cm7.o [22]
cy_delayFreqHz          0x2808'79f8     0x4  Data  Gb  system_tviibh4m_cm7.o [22]
cy_delayFreqKhz         0x2808'79fc     0x4  Data  Gb  system_tviibh4m_cm7.o [22]
cy_delayFreqMhz         0x2808'7a00     0x4  Data  Gb  system_tviibh4m_cm7.o [22]
cy_faultFrame           0x2808'7934    0x70  Data  Gb  cy_syslib.o [36]
debug_assert_handler    0x1028'2ddb    0x3c  Code  Gb  zf_common_debug.o [46]
debug_assert_handler::assert_nest_index
                        0x2808'7a1f     0x1  Data  Lc  zf_common_debug.o [46]
debug_delay             0x1028'2add    0x36  Code  Lc  zf_common_debug.o [46]
debug_info_init         0x1028'2e61    0x18  Code  Gb  zf_common_debug.o [46]
debug_output            0x1028'2b1f   0x2bc  Code  Lc  zf_common_debug.o [46]
debug_output_info       0x2808'79d4    0x14  Data  Lc  zf_common_debug.o [46]
debug_output_init       0x1028'2e37    0x2a  Code  Gb  zf_common_debug.o [46]
debug_output_struct_init
                        0x1028'2e17    0x20  Code  Gb  zf_common_debug.o [46]
debug_uart_str_output   0x1028'2b13     0xc  Code  Lc  zf_common_debug.o [46]
delay_clk               0x2808'666c     0x2  Data  Lc  zf_driver_delay.o [49]
divNumLocator           0x1028'5804     0x8  Data  Gb  cy_sysclk.o [33]
exit                    0x1028'5715     0x4  Code  Gb  exit.o [50]
free                    0x1028'3845     0x4  Code  Gb  heaptramp0.o [50]
gpio_init               0x1028'2f15    0x88  Code  Gb  zf_driver_gpio.o [49]
gpio_set_level          0x1028'2ed1    0x44  Code  Gb  zf_driver_gpio.o [49]
intFreqInitialized      0x2808'7a1c     0x1  Data  Gb  cy_sysclk.o [33]
internalBaseFreqInfo    0x2808'79a4    0x18  Data  Gb  cy_sysclk.o [33]
interrupt_global_disable
                        0x1028'36e5    0x14  Code  Gb  zf_common_interrupt.o [46]
interrupt_global_enable
                        0x1028'36d5    0x10  Code  Gb  zf_common_interrupt.o [46]
interrupt_global_flag   0x2808'7a0c     0x4  Data  Lc  zf_common_interrupt.o [46]
ips200_bgcolor          0x2808'666a     0x2  Data  Lc  zf_device_ips200.o [48]
ips200_clear            0x1028'186d    0x92  Code  Gb  zf_device_ips200.o [48]
ips200_debug_init       0x1028'1803    0x68  Code  Lc  zf_device_ips200.o [48]
ips200_display_dir      0x2808'7a21     0x1  Data  Lc  zf_device_ips200.o [48]
ips200_display_font     0x2808'666f     0x1  Data  Lc  zf_device_ips200.o [48]
ips200_display_type     0x2808'7a20     0x1  Data  Lc  zf_device_ips200.o [48]
ips200_height_max       0x2808'6666     0x2  Data  Gb  zf_device_ips200.o [48]
ips200_init             0x1028'1dad   0x34a  Code  Gb  zf_device_ips200.o [48]
ips200_pencolor         0x2808'6668     0x2  Data  Lc  zf_device_ips200.o [48]
ips200_set_color        0x1028'193d     0xe  Code  Gb  zf_device_ips200.o [48]
ips200_set_dir          0x1028'18ff    0x3e  Code  Gb  zf_device_ips200.o [48]
ips200_set_region       0x1028'173d    0xc6  Code  Lc  zf_device_ips200.o [48]
ips200_show_char        0x1028'194b   0x206  Code  Gb  zf_device_ips200.o [48]
ips200_show_gray_image  0x1028'1c29   0x16c  Code  Gb  zf_device_ips200.o [48]
ips200_show_string      0x1028'1b55    0xaa  Code  Gb  zf_device_ips200.o [48]
ips200_width_max        0x2808'6664     0x2  Data  Gb  zf_device_ips200.o [48]
ips200_write_16bit_data
                        0x1028'1687    0x54  Code  Gb  zf_device_ips200.o [48]
ips200_write_16bit_data_array
                        0x1028'16db    0x62  Code  Lc  zf_device_ips200.o [48]
ips200_write_8bit_data  0x1028'1649    0x3e  Code  Lc  zf_device_ips200.o [48]
ips200_write_command    0x1028'15eb    0x5e  Code  Lc  zf_device_ips200.o [48]
ips200_write_data       0x1028'15e1     0xa  Code  Lc  zf_device_ips200.o [48]
ips_bl_pin              0x2808'6671     0x1  Data  Lc  zf_device_ips200.o [48]
ips_cs_pin              0x2808'6672     0x1  Data  Lc  zf_device_ips200.o [48]
ips_rst_pin             0x2808'6670     0x1  Data  Lc  zf_device_ips200.o [48]
ldexp                   0x1028'1231          Code  Gb  ldexp.o [51]
ldexpl                  0x1028'1231          Code  Gb  ldexp.o [51]
m7_1_data               0x2808'070c  0x5820  Data  Gb  main_cm7_1.o [45]
main                    0x1028'514d    0xc4  Code  Gb  main_cm7_1.o [45]
memchr                  0x1028'1045          Code  Gb  memchr.o [52]
mt9v03x_finish_flag     0x2808'7a22     0x1  Data  Gb  zf_device_mt9v03x.o [48]
pwm_all_channel_close   0x1028'39e9    0x1a  Code  Gb  zf_driver_pwm.o [49]
scalbln                 0x1028'1231          Code  Gb  ldexp.o [51]
scalblnl                0x1028'1231          Code  Gb  ldexp.o [51]
scalbn                  0x1028'1231          Code  Gb  ldexp.o [51]
scalbnl                 0x1028'1231          Code  Gb  ldexp.o [51]
scale                   0x1028'0e61    0x46  Code  Lc  xprintffull_nomb.o [50]
scb_module              0x2808'6648    0x1c  Data  Gb  zf_driver_uart.o [49]
sec_hand                0x2808'7a18     0x4  Data  Lc  xfail_s.o [50]
spi_get_clk_hsiom       0x1028'23f9    0x28  Code  Lc  zf_driver_spi.o [49]
spi_get_clk_pin         0x1028'233d    0x28  Code  Lc  zf_driver_spi.o [49]
spi_get_cs_hsiom        0x1028'2471    0x44  Code  Lc  zf_driver_spi.o [49]
spi_get_cs_pin          0x1028'23b5    0x44  Code  Lc  zf_driver_spi.o [49]
spi_get_miso_hsiom      0x1028'2449    0x28  Code  Lc  zf_driver_spi.o [49]
spi_get_miso_pin        0x1028'238d    0x28  Code  Lc  zf_driver_spi.o [49]
spi_get_mosi_hsiom      0x1028'2421    0x28  Code  Lc  zf_driver_spi.o [49]
spi_get_mosi_pin        0x1028'2365    0x28  Code  Lc  zf_driver_spi.o [49]
spi_init                0x1028'2815   0x2b2  Code  Gb  zf_driver_spi.o [49]
spi_module              0x2808'6638    0x10  Data  Gb  zf_driver_spi.o [49]
spi_write_16bit         0x1028'269b    0xaa  Code  Gb  zf_driver_spi.o [49]
spi_write_16bit_array   0x1028'2745    0xb6  Code  Gb  zf_driver_spi.o [49]
spi_write_8bit          0x1028'25f1    0xaa  Code  Gb  zf_driver_spi.o [49]
sprintf                 0x1028'3695    0x40  Code  Gb  sprintf.o [50]
strchr                  0x1028'0fad          Code  Gb  strchr.o [52]
strlen                  0x1028'100d          Code  Gb  strlen.o [52]
strncpy                 0x1028'431d          Code  Gb  strncpy.o [52]
switch_transition_length
                        0x1028'24b5   0x13c  Code  Lc  zf_driver_spi.o [49]
system_clock            0x2808'7a08     0x4  Data  Gb  zf_common_clock.o [46]
system_delay_init       0x1028'3163    0xa6  Code  Gb  zf_driver_delay.o [49]
system_delay_ms         0x1028'3105    0x5e  Code  Gb  zf_driver_delay.o [49]
timer_ch                0x2808'6673     0x1  Data  Lc  zf_driver_delay.o [49]
uart_write_byte         0x1028'364d    0x28  Code  Gb  zf_driver_uart.o [49]
uart_write_string       0x1028'3675    0x1c  Code  Gb  zf_driver_uart.o [49]
zf_debug_assert_enable  0x2808'666e     0x1  Data  Lc  zf_common_debug.o [46]
zf_debug_init_flag      0x2808'7a1e     0x1  Data  Lc  zf_common_debug.o [46]


[1] = E:\New_path\IAR\CYT4BB7_Library-master(2)\Seekfree_CYT4BB_Opensource_Library\project\iar\Debug_m7_1\Obj\adc_11722776235721520015.dir
[2] = E:\New_path\IAR\CYT4BB7_Library-master(2)\Seekfree_CYT4BB_Opensource_Library\project\iar\Debug_m7_1\Obj\audioss_1346650047966882938.dir
[3] = E:\New_path\IAR\CYT4BB7_Library-master(2)\Seekfree_CYT4BB_Opensource_Library\project\iar\Debug_m7_1\Obj\button_4990804375159372270.dir
[4] = E:\New_path\IAR\CYT4BB7_Library-master(2)\Seekfree_CYT4BB_Opensource_Library\project\iar\Debug_m7_1\Obj\canfd_1800690984773873875.dir
[5] = E:\New_path\IAR\CYT4BB7_Library-master(2)\Seekfree_CYT4BB_Opensource_Library\project\iar\Debug_m7_1\Obj\code_17896468042025673432.dir
[6] = E:\New_path\IAR\CYT4BB7_Library-master(2)\Seekfree_CYT4BB_Opensource_Library\project\iar\Debug_m7_1\Obj\cpu_15938736945165268644.dir
[7] = E:\New_path\IAR\CYT4BB7_Library-master(2)\Seekfree_CYT4BB_Opensource_Library\project\iar\Debug_m7_1\Obj\crypto_1190170608956581615.dir
[8] = E:\New_path\IAR\CYT4BB7_Library-master(2)\Seekfree_CYT4BB_Opensource_Library\project\iar\Debug_m7_1\Obj\dma_12106025507578611576.dir
[9] = E:\New_path\IAR\CYT4BB7_Library-master(2)\Seekfree_CYT4BB_Opensource_Library\project\iar\Debug_m7_1\Obj\eth_phy_18133017486186456677.dir
[10] = E:\New_path\IAR\CYT4BB7_Library-master(2)\Seekfree_CYT4BB_Opensource_Library\project\iar\Debug_m7_1\Obj\ethernet_6029839089178797009.dir
[11] = E:\New_path\IAR\CYT4BB7_Library-master(2)\Seekfree_CYT4BB_Opensource_Library\project\iar\Debug_m7_1\Obj\evtgen_3404189088603873129.dir
[12] = E:\New_path\IAR\CYT4BB7_Library-master(2)\Seekfree_CYT4BB_Opensource_Library\project\iar\Debug_m7_1\Obj\flash_8529866181315662935.dir
[13] = E:\New_path\IAR\CYT4BB7_Library-master(2)\Seekfree_CYT4BB_Opensource_Library\project\iar\Debug_m7_1\Obj\flash_864493325053435817.dir
[14] = E:\New_path\IAR\CYT4BB7_Library-master(2)\Seekfree_CYT4BB_Opensource_Library\project\iar\Debug_m7_1\Obj\gpio_3999404635324069351.dir
[15] = E:\New_path\IAR\CYT4BB7_Library-master(2)\Seekfree_CYT4BB_Opensource_Library\project\iar\Debug_m7_1\Obj\ipc_10145506163450686023.dir
[16] = E:\New_path\IAR\CYT4BB7_Library-master(2)\Seekfree_CYT4BB_Opensource_Library\project\iar\Debug_m7_1\Obj\lin_18429031207028094880.dir
[17] = E:\New_path\IAR\CYT4BB7_Library-master(2)\Seekfree_CYT4BB_Opensource_Library\project\iar\Debug_m7_1\Obj\lvd_6353935867039560245.dir
[18] = E:\New_path\IAR\CYT4BB7_Library-master(2)\Seekfree_CYT4BB_Opensource_Library\project\iar\Debug_m7_1\Obj\mcwdt_4052485907822033969.dir
[19] = E:\New_path\IAR\CYT4BB7_Library-master(2)\Seekfree_CYT4BB_Opensource_Library\project\iar\Debug_m7_1\Obj\mpu_5663187252346826382.dir
[20] = E:\New_path\IAR\CYT4BB7_Library-master(2)\Seekfree_CYT4BB_Opensource_Library\project\iar\Debug_m7_1\Obj\power_14453085144426420577.dir
[21] = E:\New_path\IAR\CYT4BB7_Library-master(2)\Seekfree_CYT4BB_Opensource_Library\project\iar\Debug_m7_1\Obj\prot_10722960861768657883.dir
[22] = E:\New_path\IAR\CYT4BB7_Library-master(2)\Seekfree_CYT4BB_Opensource_Library\project\iar\Debug_m7_1\Obj\rev_b_4986922561640112550.dir
[23] = E:\New_path\IAR\CYT4BB7_Library-master(2)\Seekfree_CYT4BB_Opensource_Library\project\iar\Debug_m7_1\Obj\rev_b_6162237342861132223.dir
[24] = E:\New_path\IAR\CYT4BB7_Library-master(2)\Seekfree_CYT4BB_Opensource_Library\project\iar\Debug_m7_1\Obj\scb_15490842639181808494.dir
[25] = E:\New_path\IAR\CYT4BB7_Library-master(2)\Seekfree_CYT4BB_Opensource_Library\project\iar\Debug_m7_1\Obj\sd_host_2982766354293506895.dir
[26] = E:\New_path\IAR\CYT4BB7_Library-master(2)\Seekfree_CYT4BB_Opensource_Library\project\iar\Debug_m7_1\Obj\semihosting_143864889731838620.dir
[27] = E:\New_path\IAR\CYT4BB7_Library-master(2)\Seekfree_CYT4BB_Opensource_Library\project\iar\Debug_m7_1\Obj\smartio_5451710003740070188.dir
[28] = E:\New_path\IAR\CYT4BB7_Library-master(2)\Seekfree_CYT4BB_Opensource_Library\project\iar\Debug_m7_1\Obj\smif_427648126384146252.dir
[29] = E:\New_path\IAR\CYT4BB7_Library-master(2)\Seekfree_CYT4BB_Opensource_Library\project\iar\Debug_m7_1\Obj\smif_mem_6470536964353725183.dir
[30] = E:\New_path\IAR\CYT4BB7_Library-master(2)\Seekfree_CYT4BB_Opensource_Library\project\iar\Debug_m7_1\Obj\srom_13018798572330080582.dir
[31] = E:\New_path\IAR\CYT4BB7_Library-master(2)\Seekfree_CYT4BB_Opensource_Library\project\iar\Debug_m7_1\Obj\startup_479057977785470282.dir
[32] = E:\New_path\IAR\CYT4BB7_Library-master(2)\Seekfree_CYT4BB_Opensource_Library\project\iar\Debug_m7_1\Obj\sw_timer_4215635015939382130.dir
[33] = E:\New_path\IAR\CYT4BB7_Library-master(2)\Seekfree_CYT4BB_Opensource_Library\project\iar\Debug_m7_1\Obj\sysclk_16149231235676103872.dir
[34] = E:\New_path\IAR\CYT4BB7_Library-master(2)\Seekfree_CYT4BB_Opensource_Library\project\iar\Debug_m7_1\Obj\sysflt_12293435975120599261.dir
[35] = E:\New_path\IAR\CYT4BB7_Library-master(2)\Seekfree_CYT4BB_Opensource_Library\project\iar\Debug_m7_1\Obj\sysint_7435970359207984181.dir
[36] = E:\New_path\IAR\CYT4BB7_Library-master(2)\Seekfree_CYT4BB_Opensource_Library\project\iar\Debug_m7_1\Obj\syslib_16330585751512546975.dir
[37] = E:\New_path\IAR\CYT4BB7_Library-master(2)\Seekfree_CYT4BB_Opensource_Library\project\iar\Debug_m7_1\Obj\syspm_10887939769544754770.dir
[38] = E:\New_path\IAR\CYT4BB7_Library-master(2)\Seekfree_CYT4BB_Opensource_Library\project\iar\Debug_m7_1\Obj\sysreghc_17676636058511625587.dir
[39] = E:\New_path\IAR\CYT4BB7_Library-master(2)\Seekfree_CYT4BB_Opensource_Library\project\iar\Debug_m7_1\Obj\sysreset_14586141425677365288.dir
[40] = E:\New_path\IAR\CYT4BB7_Library-master(2)\Seekfree_CYT4BB_Opensource_Library\project\iar\Debug_m7_1\Obj\sysrtc_10747768817563771611.dir
[41] = E:\New_path\IAR\CYT4BB7_Library-master(2)\Seekfree_CYT4BB_Opensource_Library\project\iar\Debug_m7_1\Obj\systick_16016591671695740695.dir
[42] = E:\New_path\IAR\CYT4BB7_Library-master(2)\Seekfree_CYT4BB_Opensource_Library\project\iar\Debug_m7_1\Obj\syswdt_9118657615806274156.dir
[43] = E:\New_path\IAR\CYT4BB7_Library-master(2)\Seekfree_CYT4BB_Opensource_Library\project\iar\Debug_m7_1\Obj\tcpwm_422923530147891246.dir
[44] = E:\New_path\IAR\CYT4BB7_Library-master(2)\Seekfree_CYT4BB_Opensource_Library\project\iar\Debug_m7_1\Obj\trigmux_9729677290734583340.dir
[45] = E:\New_path\IAR\CYT4BB7_Library-master(2)\Seekfree_CYT4BB_Opensource_Library\project\iar\Debug_m7_1\Obj\user_8514941877209965082.dir
[46] = E:\New_path\IAR\CYT4BB7_Library-master(2)\Seekfree_CYT4BB_Opensource_Library\project\iar\Debug_m7_1\Obj\zf_common_1201165462030747823.dir
[47] = E:\New_path\IAR\CYT4BB7_Library-master(2)\Seekfree_CYT4BB_Opensource_Library\project\iar\Debug_m7_1\Obj\zf_components_14936052685886095442.dir
[48] = E:\New_path\IAR\CYT4BB7_Library-master(2)\Seekfree_CYT4BB_Opensource_Library\project\iar\Debug_m7_1\Obj\zf_device_6570275422786408770.dir
[49] = E:\New_path\IAR\CYT4BB7_Library-master(2)\Seekfree_CYT4BB_Opensource_Library\project\iar\Debug_m7_1\Obj\zf_driver_11922370083829174090.dir
[50] = dl7M_tln.a
[51] = m7M_tlv.a
[52] = rt7M_tl.a
[53] = shb_l.a
[54] = zf_device_config.a

  19'686 bytes of readonly  code memory
   3'090 bytes of readonly  data memory
  16'247 bytes of readwrite data memory (+ 22'560 absolute)

Errors: none
Warnings: none
