###############################################################################
#
# IAR ELF Linker V9.40.1.364/W64 for ARM                  05/Apr/2026  09:05:02
# Copyright 2007-2023 IAR Systems AB.
#
#    Output file  =
#        D:\xczcz\21th-Wheel_Leg\CYT4BB7_Library-master(2)\Seekfree_CYT4BB_Opensource_Library\project\iar\project_config\Debug_m7_0\Exe\cyt4bb7_cm_7_0.out
#    Map file     =
#        D:\xczcz\21th-Wheel_Leg\CYT4BB7_Library-master(2)\Seekfree_CYT4BB_Opensource_Library\project\iar\Debug_m7_0\List\cyt4bb7_cm_7_0.map
#    Command line =
#        -f
#        "D:\xczcz\21th-Wheel_Leg\CYT4BB7_Library-master(2)\Seekfree_CYT4BB_Opensource_Library\project\iar\project_config\Debug_m7_0\Exe\cyt4bb7_cm_7_0.out.rsp"
#        ("D:\xczcz\21th-Wheel_Leg\CYT4BB7_Library-master(2)\Seekfree_CYT4BB_Opensource_Library\project\iar\Debug_m7_0\Obj\code_17896468042025673432.dir\balance_control.o"
#        "D:\xczcz\21th-Wheel_Leg\CYT4BB7_Library-master(2)\Seekfree_CYT4BB_Opensource_Library\project\iar\Debug_m7_0\Obj\user_8514941877209965082.dir\cm7_0_isr.o"
#        "D:\xczcz\21th-Wheel_Leg\CYT4BB7_Library-master(2)\Seekfree_CYT4BB_Opensource_Library\project\iar\Debug_m7_0\Obj\adc_11722776235721520015.dir\cy_adc.o"
#        "D:\xczcz\21th-Wheel_Leg\CYT4BB7_Library-master(2)\Seekfree_CYT4BB_Opensource_Library\project\iar\Debug_m7_0\Obj\button_4990804375159372270.dir\cy_button.o"
#        "D:\xczcz\21th-Wheel_Leg\CYT4BB7_Library-master(2)\Seekfree_CYT4BB_Opensource_Library\project\iar\Debug_m7_0\Obj\canfd_1800690984773873875.dir\cy_canfd.o"
#        "D:\xczcz\21th-Wheel_Leg\CYT4BB7_Library-master(2)\Seekfree_CYT4BB_Opensource_Library\project\iar\Debug_m7_0\Obj\cpu_15938736945165268644.dir\cy_cpu.o"
#        "D:\xczcz\21th-Wheel_Leg\CYT4BB7_Library-master(2)\Seekfree_CYT4BB_Opensource_Library\project\iar\Debug_m7_0\Obj\crypto_1190170608956581615.dir\cy_crypto_config.o"
#        "D:\xczcz\21th-Wheel_Leg\CYT4BB7_Library-master(2)\Seekfree_CYT4BB_Opensource_Library\project\iar\Debug_m7_0\Obj\eth_phy_18133017486186456677.dir\cy_dp83867.o"
#        "D:\xczcz\21th-Wheel_Leg\CYT4BB7_Library-master(2)\Seekfree_CYT4BB_Opensource_Library\project\iar\Debug_m7_0\Obj\ethernet_6029839089178797009.dir\cy_ethif.o"
#        "D:\xczcz\21th-Wheel_Leg\CYT4BB7_Library-master(2)\Seekfree_CYT4BB_Opensource_Library\project\iar\Debug_m7_0\Obj\evtgen_3404189088603873129.dir\cy_evtgen.o"
#        "D:\xczcz\21th-Wheel_Leg\CYT4BB7_Library-master(2)\Seekfree_CYT4BB_Opensource_Library\project\iar\Debug_m7_0\Obj\flash_8529866181315662935.dir\cy_flash.o"
#        "D:\xczcz\21th-Wheel_Leg\CYT4BB7_Library-master(2)\Seekfree_CYT4BB_Opensource_Library\project\iar\Debug_m7_0\Obj\gpio_3999404635324069351.dir\cy_gpio.o"
#        "D:\xczcz\21th-Wheel_Leg\CYT4BB7_Library-master(2)\Seekfree_CYT4BB_Opensource_Library\project\iar\Debug_m7_0\Obj\audioss_1346650047966882938.dir\cy_i2s.o"
#        "D:\xczcz\21th-Wheel_Leg\CYT4BB7_Library-master(2)\Seekfree_CYT4BB_Opensource_Library\project\iar\Debug_m7_0\Obj\rev_b_6162237342861132223.dir\cy_interrupt_map.o"
#        "D:\xczcz\21th-Wheel_Leg\CYT4BB7_Library-master(2)\Seekfree_CYT4BB_Opensource_Library\project\iar\Debug_m7_0\Obj\ipc_10145506163450686023.dir\cy_ipc_drv.o"
#        "D:\xczcz\21th-Wheel_Leg\CYT4BB7_Library-master(2)\Seekfree_CYT4BB_Opensource_Library\project\iar\Debug_m7_0\Obj\ipc_10145506163450686023.dir\cy_ipc_pipe.o"
#        "D:\xczcz\21th-Wheel_Leg\CYT4BB7_Library-master(2)\Seekfree_CYT4BB_Opensource_Library\project\iar\Debug_m7_0\Obj\ipc_10145506163450686023.dir\cy_ipc_sema.o"
#        "D:\xczcz\21th-Wheel_Leg\CYT4BB7_Library-master(2)\Seekfree_CYT4BB_Opensource_Library\project\iar\Debug_m7_0\Obj\lin_18429031207028094880.dir\cy_lin.o"
#        "D:\xczcz\21th-Wheel_Leg\CYT4BB7_Library-master(2)\Seekfree_CYT4BB_Opensource_Library\project\iar\Debug_m7_0\Obj\lvd_6353935867039560245.dir\cy_lvd.o"
#        "D:\xczcz\21th-Wheel_Leg\CYT4BB7_Library-master(2)\Seekfree_CYT4BB_Opensource_Library\project\iar\Debug_m7_0\Obj\mcwdt_4052485907822033969.dir\cy_mcwdt.o"
#        "D:\xczcz\21th-Wheel_Leg\CYT4BB7_Library-master(2)\Seekfree_CYT4BB_Opensource_Library\project\iar\Debug_m7_0\Obj\dma_12106025507578611576.dir\cy_mdma.o"
#        "D:\xczcz\21th-Wheel_Leg\CYT4BB7_Library-master(2)\Seekfree_CYT4BB_Opensource_Library\project\iar\Debug_m7_0\Obj\mpu_5663187252346826382.dir\cy_mpu.o"
#        "D:\xczcz\21th-Wheel_Leg\CYT4BB7_Library-master(2)\Seekfree_CYT4BB_Opensource_Library\project\iar\Debug_m7_0\Obj\flash_864493325053435817.dir\cy_mw_flash.o"
#        "D:\xczcz\21th-Wheel_Leg\CYT4BB7_Library-master(2)\Seekfree_CYT4BB_Opensource_Library\project\iar\Debug_m7_0\Obj\dma_12106025507578611576.dir\cy_pdma.o"
#        "D:\xczcz\21th-Wheel_Leg\CYT4BB7_Library-master(2)\Seekfree_CYT4BB_Opensource_Library\project\iar\Debug_m7_0\Obj\power_14453085144426420577.dir\cy_power.o"
#        "D:\xczcz\21th-Wheel_Leg\CYT4BB7_Library-master(2)\Seekfree_CYT4BB_Opensource_Library\project\iar\Debug_m7_0\Obj\prot_10722960861768657883.dir\cy_prot.o"
#        "D:\xczcz\21th-Wheel_Leg\CYT4BB7_Library-master(2)\Seekfree_CYT4BB_Opensource_Library\project\iar\Debug_m7_0\Obj\scb_15490842639181808494.dir\cy_scb_common.o"
#        "D:\xczcz\21th-Wheel_Leg\CYT4BB7_Library-master(2)\Seekfree_CYT4BB_Opensource_Library\project\iar\Debug_m7_0\Obj\scb_15490842639181808494.dir\cy_scb_ezi2c.o"
#        "D:\xczcz\21th-Wheel_Leg\CYT4BB7_Library-master(2)\Seekfree_CYT4BB_Opensource_Library\project\iar\Debug_m7_0\Obj\scb_15490842639181808494.dir\cy_scb_i2c.o"
#        "D:\xczcz\21th-Wheel_Leg\CYT4BB7_Library-master(2)\Seekfree_CYT4BB_Opensource_Library\project\iar\Debug_m7_0\Obj\scb_15490842639181808494.dir\cy_scb_spi.o"
#        "D:\xczcz\21th-Wheel_Leg\CYT4BB7_Library-master(2)\Seekfree_CYT4BB_Opensource_Library\project\iar\Debug_m7_0\Obj\scb_15490842639181808494.dir\cy_scb_uart.o"
#        "D:\xczcz\21th-Wheel_Leg\CYT4BB7_Library-master(2)\Seekfree_CYT4BB_Opensource_Library\project\iar\Debug_m7_0\Obj\sd_host_2982766354293506895.dir\cy_sd_host.o"
#        "D:\xczcz\21th-Wheel_Leg\CYT4BB7_Library-master(2)\Seekfree_CYT4BB_Opensource_Library\project\iar\Debug_m7_0\Obj\semihosting_143864889731838620.dir\cy_semihosting.o"
#        "D:\xczcz\21th-Wheel_Leg\CYT4BB7_Library-master(2)\Seekfree_CYT4BB_Opensource_Library\project\iar\Debug_m7_0\Obj\smartio_5451710003740070188.dir\cy_smartio.o"
#        "D:\xczcz\21th-Wheel_Leg\CYT4BB7_Library-master(2)\Seekfree_CYT4BB_Opensource_Library\project\iar\Debug_m7_0\Obj\smif_427648126384146252.dir\cy_smif.o"
#        "D:\xczcz\21th-Wheel_Leg\CYT4BB7_Library-master(2)\Seekfree_CYT4BB_Opensource_Library\project\iar\Debug_m7_0\Obj\smif_mem_6470536964353725183.dir\cy_smif_device_common.o"
#        "D:\xczcz\21th-Wheel_Leg\CYT4BB7_Library-master(2)\Seekfree_CYT4BB_Opensource_Library\project\iar\Debug_m7_0\Obj\smif_mem_6470536964353725183.dir\cy_smif_hb_flash.o"
#        "D:\xczcz\21th-Wheel_Leg\CYT4BB7_Library-master(2)\Seekfree_CYT4BB_Opensource_Library\project\iar\Debug_m7_0\Obj\smif_427648126384146252.dir\cy_smif_memslot.o"
#        "D:\xczcz\21th-Wheel_Leg\CYT4BB7_Library-master(2)\Seekfree_CYT4BB_Opensource_Library\project\iar\Debug_m7_0\Obj\smif_mem_6470536964353725183.dir\cy_smif_s25fl.o"
#        "D:\xczcz\21th-Wheel_Leg\CYT4BB7_Library-master(2)\Seekfree_CYT4BB_Opensource_Library\project\iar\Debug_m7_0\Obj\smif_mem_6470536964353725183.dir\cy_smif_s25fs.o"
#        "D:\xczcz\21th-Wheel_Leg\CYT4BB7_Library-master(2)\Seekfree_CYT4BB_Opensource_Library\project\iar\Debug_m7_0\Obj\smif_mem_6470536964353725183.dir\cy_smif_semp.o"
#        "D:\xczcz\21th-Wheel_Leg\CYT4BB7_Library-master(2)\Seekfree_CYT4BB_Opensource_Library\project\iar\Debug_m7_0\Obj\smif_427648126384146252.dir\cy_smif_ver_specific.o"
#        "D:\xczcz\21th-Wheel_Leg\CYT4BB7_Library-master(2)\Seekfree_CYT4BB_Opensource_Library\project\iar\Debug_m7_0\Obj\srom_13018798572330080582.dir\cy_srom.o"
#        "D:\xczcz\21th-Wheel_Leg\CYT4BB7_Library-master(2)\Seekfree_CYT4BB_Opensource_Library\project\iar\Debug_m7_0\Obj\sw_timer_4215635015939382130.dir\cy_sw_tmr.o"
#        "D:\xczcz\21th-Wheel_Leg\CYT4BB7_Library-master(2)\Seekfree_CYT4BB_Opensource_Library\project\iar\Debug_m7_0\Obj\sysclk_16149231235676103872.dir\cy_sysclk.o"
#        "D:\xczcz\21th-Wheel_Leg\CYT4BB7_Library-master(2)\Seekfree_CYT4BB_Opensource_Library\project\iar\Debug_m7_0\Obj\sysflt_12293435975120599261.dir\cy_sysflt.o"
#        "D:\xczcz\21th-Wheel_Leg\CYT4BB7_Library-master(2)\Seekfree_CYT4BB_Opensource_Library\project\iar\Debug_m7_0\Obj\sysint_7435970359207984181.dir\cy_sysint.o"
#        "D:\xczcz\21th-Wheel_Leg\CYT4BB7_Library-master(2)\Seekfree_CYT4BB_Opensource_Library\project\iar\Debug_m7_0\Obj\syslib_16330585751512546975.dir\cy_syslib.o"
#        "D:\xczcz\21th-Wheel_Leg\CYT4BB7_Library-master(2)\Seekfree_CYT4BB_Opensource_Library\project\iar\Debug_m7_0\Obj\syslib_16330585751512546975.dir\cy_syslib_iar.o"
#        "D:\xczcz\21th-Wheel_Leg\CYT4BB7_Library-master(2)\Seekfree_CYT4BB_Opensource_Library\project\iar\Debug_m7_0\Obj\syspm_10887939769544754770.dir\cy_syspm.o"
#        "D:\xczcz\21th-Wheel_Leg\CYT4BB7_Library-master(2)\Seekfree_CYT4BB_Opensource_Library\project\iar\Debug_m7_0\Obj\sysreghc_17676636058511625587.dir\cy_sysreghc.o"
#        "D:\xczcz\21th-Wheel_Leg\CYT4BB7_Library-master(2)\Seekfree_CYT4BB_Opensource_Library\project\iar\Debug_m7_0\Obj\sysreset_14586141425677365288.dir\cy_sysreset.o"
#        "D:\xczcz\21th-Wheel_Leg\CYT4BB7_Library-master(2)\Seekfree_CYT4BB_Opensource_Library\project\iar\Debug_m7_0\Obj\sysrtc_10747768817563771611.dir\cy_sysrtc.o"
#        "D:\xczcz\21th-Wheel_Leg\CYT4BB7_Library-master(2)\Seekfree_CYT4BB_Opensource_Library\project\iar\Debug_m7_0\Obj\systick_16016591671695740695.dir\cy_systick.o"
#        "D:\xczcz\21th-Wheel_Leg\CYT4BB7_Library-master(2)\Seekfree_CYT4BB_Opensource_Library\project\iar\Debug_m7_0\Obj\syswdt_9118657615806274156.dir\cy_syswdt.o"
#        "D:\xczcz\21th-Wheel_Leg\CYT4BB7_Library-master(2)\Seekfree_CYT4BB_Opensource_Library\project\iar\Debug_m7_0\Obj\tcpwm_422923530147891246.dir\cy_tcpwm.o"
#        "D:\xczcz\21th-Wheel_Leg\CYT4BB7_Library-master(2)\Seekfree_CYT4BB_Opensource_Library\project\iar\Debug_m7_0\Obj\tcpwm_422923530147891246.dir\cy_tcpwm_counter.o"
#        "D:\xczcz\21th-Wheel_Leg\CYT4BB7_Library-master(2)\Seekfree_CYT4BB_Opensource_Library\project\iar\Debug_m7_0\Obj\tcpwm_422923530147891246.dir\cy_tcpwm_pwm.o"
#        "D:\xczcz\21th-Wheel_Leg\CYT4BB7_Library-master(2)\Seekfree_CYT4BB_Opensource_Library\project\iar\Debug_m7_0\Obj\tcpwm_422923530147891246.dir\cy_tcpwm_quaddec.o"
#        "D:\xczcz\21th-Wheel_Leg\CYT4BB7_Library-master(2)\Seekfree_CYT4BB_Opensource_Library\project\iar\Debug_m7_0\Obj\tcpwm_422923530147891246.dir\cy_tcpwm_sr.o"
#        "D:\xczcz\21th-Wheel_Leg\CYT4BB7_Library-master(2)\Seekfree_CYT4BB_Opensource_Library\project\iar\Debug_m7_0\Obj\trigmux_9729677290734583340.dir\cy_trigmux.o"
#        "D:\xczcz\21th-Wheel_Leg\CYT4BB7_Library-master(2)\Seekfree_CYT4BB_Opensource_Library\project\iar\Debug_m7_0\Obj\ethernet_6029839089178797009.dir\edd.o"
#        "D:\xczcz\21th-Wheel_Leg\CYT4BB7_Library-master(2)\Seekfree_CYT4BB_Opensource_Library\project\iar\Debug_m7_0\Obj\ethernet_6029839089178797009.dir\edd_rx.o"
#        "D:\xczcz\21th-Wheel_Leg\CYT4BB7_Library-master(2)\Seekfree_CYT4BB_Opensource_Library\project\iar\Debug_m7_0\Obj\ethernet_6029839089178797009.dir\edd_tx.o"
#        "D:\xczcz\21th-Wheel_Leg\CYT4BB7_Library-master(2)\Seekfree_CYT4BB_Opensource_Library\project\iar\Debug_m7_0\Obj\code_17896468042025673432.dir\initialize.o"
#        "D:\xczcz\21th-Wheel_Leg\CYT4BB7_Library-master(2)\Seekfree_CYT4BB_Opensource_Library\project\iar\Debug_m7_0\Obj\user_8514941877209965082.dir\main_cm7_0.o"
#        "D:\xczcz\21th-Wheel_Leg\CYT4BB7_Library-master(2)\Seekfree_CYT4BB_Opensource_Library\project\iar\Debug_m7_0\Obj\code_17896468042025673432.dir\pure_nav.o"
#        "D:\xczcz\21th-Wheel_Leg\CYT4BB7_Library-master(2)\Seekfree_CYT4BB_Opensource_Library\project\iar\Debug_m7_0\Obj\code_17896468042025673432.dir\quaternion.o"
#        "D:\xczcz\21th-Wheel_Leg\CYT4BB7_Library-master(2)\Seekfree_CYT4BB_Opensource_Library\project\iar\Debug_m7_0\Obj\code_17896468042025673432.dir\remote_control.o"
#        "D:\xczcz\21th-Wheel_Leg\CYT4BB7_Library-master(2)\Seekfree_CYT4BB_Opensource_Library\project\iar\Debug_m7_0\Obj\zf_components_14936052685886095442.dir\seekfree_assistant.o"
#        "D:\xczcz\21th-Wheel_Leg\CYT4BB7_Library-master(2)\Seekfree_CYT4BB_Opensource_Library\project\iar\Debug_m7_0\Obj\zf_components_14936052685886095442.dir\seekfree_assistant_interface.o"
#        "D:\xczcz\21th-Wheel_Leg\CYT4BB7_Library-master(2)\Seekfree_CYT4BB_Opensource_Library\project\iar\Debug_m7_0\Obj\code_17896468042025673432.dir\servo.o"
#        "D:\xczcz\21th-Wheel_Leg\CYT4BB7_Library-master(2)\Seekfree_CYT4BB_Opensource_Library\project\iar\Debug_m7_0\Obj\code_17896468042025673432.dir\small_driver_uart_control.o"
#        "D:\xczcz\21th-Wheel_Leg\CYT4BB7_Library-master(2)\Seekfree_CYT4BB_Opensource_Library\project\iar\Debug_m7_0\Obj\startup_479057977785470282.dir\startup.o"
#        "D:\xczcz\21th-Wheel_Leg\CYT4BB7_Library-master(2)\Seekfree_CYT4BB_Opensource_Library\project\iar\Debug_m7_0\Obj\startup_479057977785470282.dir\startup_cm7.o"
#        "D:\xczcz\21th-Wheel_Leg\CYT4BB7_Library-master(2)\Seekfree_CYT4BB_Opensource_Library\project\iar\Debug_m7_0\Obj\rev_b_4986922561640112550.dir\system_tviibh4m_cm7.o"
#        "D:\xczcz\21th-Wheel_Leg\CYT4BB7_Library-master(2)\Seekfree_CYT4BB_Opensource_Library\project\iar\Debug_m7_0\Obj\zf_common_1201165462030747823.dir\zf_common_clock.o"
#        "D:\xczcz\21th-Wheel_Leg\CYT4BB7_Library-master(2)\Seekfree_CYT4BB_Opensource_Library\project\iar\Debug_m7_0\Obj\zf_common_1201165462030747823.dir\zf_common_debug.o"
#        "D:\xczcz\21th-Wheel_Leg\CYT4BB7_Library-master(2)\Seekfree_CYT4BB_Opensource_Library\project\iar\Debug_m7_0\Obj\zf_common_1201165462030747823.dir\zf_common_fifo.o"
#        "D:\xczcz\21th-Wheel_Leg\CYT4BB7_Library-master(2)\Seekfree_CYT4BB_Opensource_Library\project\iar\Debug_m7_0\Obj\zf_common_1201165462030747823.dir\zf_common_font.o"
#        "D:\xczcz\21th-Wheel_Leg\CYT4BB7_Library-master(2)\Seekfree_CYT4BB_Opensource_Library\project\iar\Debug_m7_0\Obj\zf_common_1201165462030747823.dir\zf_common_function.o"
#        "D:\xczcz\21th-Wheel_Leg\CYT4BB7_Library-master(2)\Seekfree_CYT4BB_Opensource_Library\project\iar\Debug_m7_0\Obj\zf_common_1201165462030747823.dir\zf_common_interrupt.o"
#        "D:\xczcz\21th-Wheel_Leg\CYT4BB7_Library-master(2)\Seekfree_CYT4BB_Opensource_Library\project\iar\Debug_m7_0\Obj\zf_device_6570275422786408770.dir\zf_device_ble6a20.o"
#        "D:\xczcz\21th-Wheel_Leg\CYT4BB7_Library-master(2)\Seekfree_CYT4BB_Opensource_Library\project\iar\Debug_m7_0\Obj\zf_device_6570275422786408770.dir\zf_device_dl1a.o"
#        "D:\xczcz\21th-Wheel_Leg\CYT4BB7_Library-master(2)\Seekfree_CYT4BB_Opensource_Library\project\iar\Debug_m7_0\Obj\zf_device_6570275422786408770.dir\zf_device_dl1b.o"
#        "D:\xczcz\21th-Wheel_Leg\CYT4BB7_Library-master(2)\Seekfree_CYT4BB_Opensource_Library\project\iar\Debug_m7_0\Obj\zf_device_6570275422786408770.dir\zf_device_gnss.o"
#        "D:\xczcz\21th-Wheel_Leg\CYT4BB7_Library-master(2)\Seekfree_CYT4BB_Opensource_Library\project\iar\Debug_m7_0\Obj\zf_device_6570275422786408770.dir\zf_device_icm20602.o"
#        "D:\xczcz\21th-Wheel_Leg\CYT4BB7_Library-master(2)\Seekfree_CYT4BB_Opensource_Library\project\iar\Debug_m7_0\Obj\zf_device_6570275422786408770.dir\zf_device_imu660ra.o"
#        "D:\xczcz\21th-Wheel_Leg\CYT4BB7_Library-master(2)\Seekfree_CYT4BB_Opensource_Library\project\iar\Debug_m7_0\Obj\zf_device_6570275422786408770.dir\zf_device_imu660rb.o"
#        "D:\xczcz\21th-Wheel_Leg\CYT4BB7_Library-master(2)\Seekfree_CYT4BB_Opensource_Library\project\iar\Debug_m7_0\Obj\zf_device_6570275422786408770.dir\zf_device_imu963ra.o"
#        "D:\xczcz\21th-Wheel_Leg\CYT4BB7_Library-master(2)\Seekfree_CYT4BB_Opensource_Library\project\iar\Debug_m7_0\Obj\zf_device_6570275422786408770.dir\zf_device_ips114.o"
#        "D:\xczcz\21th-Wheel_Leg\CYT4BB7_Library-master(2)\Seekfree_CYT4BB_Opensource_Library\project\iar\Debug_m7_0\Obj\zf_device_6570275422786408770.dir\zf_device_ips200.o"
#        "D:\xczcz\21th-Wheel_Leg\CYT4BB7_Library-master(2)\Seekfree_CYT4BB_Opensource_Library\project\iar\Debug_m7_0\Obj\zf_device_6570275422786408770.dir\zf_device_ips200pro.o"
#        "D:\xczcz\21th-Wheel_Leg\CYT4BB7_Library-master(2)\Seekfree_CYT4BB_Opensource_Library\project\iar\Debug_m7_0\Obj\zf_device_6570275422786408770.dir\zf_device_key.o"
#        "D:\xczcz\21th-Wheel_Leg\CYT4BB7_Library-master(2)\Seekfree_CYT4BB_Opensource_Library\project\iar\Debug_m7_0\Obj\zf_device_6570275422786408770.dir\zf_device_menc15a.o"
#        "D:\xczcz\21th-Wheel_Leg\CYT4BB7_Library-master(2)\Seekfree_CYT4BB_Opensource_Library\project\iar\Debug_m7_0\Obj\zf_device_6570275422786408770.dir\zf_device_mt9v03x.o"
#        "D:\xczcz\21th-Wheel_Leg\CYT4BB7_Library-master(2)\Seekfree_CYT4BB_Opensource_Library\project\iar\Debug_m7_0\Obj\zf_device_6570275422786408770.dir\zf_device_oled.o"
#        "D:\xczcz\21th-Wheel_Leg\CYT4BB7_Library-master(2)\Seekfree_CYT4BB_Opensource_Library\project\iar\Debug_m7_0\Obj\zf_device_6570275422786408770.dir\zf_device_tft180.o"
#        "D:\xczcz\21th-Wheel_Leg\CYT4BB7_Library-master(2)\Seekfree_CYT4BB_Opensource_Library\project\iar\Debug_m7_0\Obj\zf_device_6570275422786408770.dir\zf_device_tsl1401.o"
#        "D:\xczcz\21th-Wheel_Leg\CYT4BB7_Library-master(2)\Seekfree_CYT4BB_Opensource_Library\project\iar\Debug_m7_0\Obj\zf_device_6570275422786408770.dir\zf_device_type.o"
#        "D:\xczcz\21th-Wheel_Leg\CYT4BB7_Library-master(2)\Seekfree_CYT4BB_Opensource_Library\project\iar\Debug_m7_0\Obj\zf_device_6570275422786408770.dir\zf_device_uart_receiver.o"
#        "D:\xczcz\21th-Wheel_Leg\CYT4BB7_Library-master(2)\Seekfree_CYT4BB_Opensource_Library\project\iar\Debug_m7_0\Obj\zf_device_6570275422786408770.dir\zf_device_wifi_spi.o"
#        "D:\xczcz\21th-Wheel_Leg\CYT4BB7_Library-master(2)\Seekfree_CYT4BB_Opensource_Library\project\iar\Debug_m7_0\Obj\zf_device_6570275422786408770.dir\zf_device_wifi_uart.o"
#        "D:\xczcz\21th-Wheel_Leg\CYT4BB7_Library-master(2)\Seekfree_CYT4BB_Opensource_Library\project\iar\Debug_m7_0\Obj\zf_device_6570275422786408770.dir\zf_device_wireless_uart.o"
#        "D:\xczcz\21th-Wheel_Leg\CYT4BB7_Library-master(2)\Seekfree_CYT4BB_Opensource_Library\project\iar\Debug_m7_0\Obj\zf_driver_11922370083829174090.dir\zf_driver_adc.o"
#        "D:\xczcz\21th-Wheel_Leg\CYT4BB7_Library-master(2)\Seekfree_CYT4BB_Opensource_Library\project\iar\Debug_m7_0\Obj\zf_driver_11922370083829174090.dir\zf_driver_delay.o"
#        "D:\xczcz\21th-Wheel_Leg\CYT4BB7_Library-master(2)\Seekfree_CYT4BB_Opensource_Library\project\iar\Debug_m7_0\Obj\zf_driver_11922370083829174090.dir\zf_driver_dma.o"
#        "D:\xczcz\21th-Wheel_Leg\CYT4BB7_Library-master(2)\Seekfree_CYT4BB_Opensource_Library\project\iar\Debug_m7_0\Obj\zf_driver_11922370083829174090.dir\zf_driver_encoder.o"
#        "D:\xczcz\21th-Wheel_Leg\CYT4BB7_Library-master(2)\Seekfree_CYT4BB_Opensource_Library\project\iar\Debug_m7_0\Obj\zf_driver_11922370083829174090.dir\zf_driver_exti.o"
#        "D:\xczcz\21th-Wheel_Leg\CYT4BB7_Library-master(2)\Seekfree_CYT4BB_Opensource_Library\project\iar\Debug_m7_0\Obj\zf_driver_11922370083829174090.dir\zf_driver_flash.o"
#        "D:\xczcz\21th-Wheel_Leg\CYT4BB7_Library-master(2)\Seekfree_CYT4BB_Opensource_Library\project\iar\Debug_m7_0\Obj\zf_driver_11922370083829174090.dir\zf_driver_gpio.o"
#        "D:\xczcz\21th-Wheel_Leg\CYT4BB7_Library-master(2)\Seekfree_CYT4BB_Opensource_Library\project\iar\Debug_m7_0\Obj\zf_driver_11922370083829174090.dir\zf_driver_ipc.o"
#        "D:\xczcz\21th-Wheel_Leg\CYT4BB7_Library-master(2)\Seekfree_CYT4BB_Opensource_Library\project\iar\Debug_m7_0\Obj\zf_driver_11922370083829174090.dir\zf_driver_pit.o"
#        "D:\xczcz\21th-Wheel_Leg\CYT4BB7_Library-master(2)\Seekfree_CYT4BB_Opensource_Library\project\iar\Debug_m7_0\Obj\zf_driver_11922370083829174090.dir\zf_driver_pwm.o"
#        "D:\xczcz\21th-Wheel_Leg\CYT4BB7_Library-master(2)\Seekfree_CYT4BB_Opensource_Library\project\iar\Debug_m7_0\Obj\zf_driver_11922370083829174090.dir\zf_driver_soft_iic.o"
#        "D:\xczcz\21th-Wheel_Leg\CYT4BB7_Library-master(2)\Seekfree_CYT4BB_Opensource_Library\project\iar\Debug_m7_0\Obj\zf_driver_11922370083829174090.dir\zf_driver_soft_spi.o"
#        "D:\xczcz\21th-Wheel_Leg\CYT4BB7_Library-master(2)\Seekfree_CYT4BB_Opensource_Library\project\iar\Debug_m7_0\Obj\zf_driver_11922370083829174090.dir\zf_driver_spi.o"
#        "D:\xczcz\21th-Wheel_Leg\CYT4BB7_Library-master(2)\Seekfree_CYT4BB_Opensource_Library\project\iar\Debug_m7_0\Obj\zf_driver_11922370083829174090.dir\zf_driver_timer.o"
#        "D:\xczcz\21th-Wheel_Leg\CYT4BB7_Library-master(2)\Seekfree_CYT4BB_Opensource_Library\project\iar\Debug_m7_0\Obj\zf_driver_11922370083829174090.dir\zf_driver_uart.o"
#        --no_out_extension -o
#        "D:\xczcz\21th-Wheel_Leg\CYT4BB7_Library-master(2)\Seekfree_CYT4BB_Opensource_Library\project\iar\project_config\Debug_m7_0\Exe\cyt4bb7_cm_7_0.out"
#        --config_def _CORE_cm7_0_=0 --config_def _LINK_flash_=0 --map
#        "D:\xczcz\21th-Wheel_Leg\CYT4BB7_Library-master(2)\Seekfree_CYT4BB_Opensource_Library\project\iar\Debug_m7_0\List\cyt4bb7_cm_7_0.map"
#        --config
#        "D:\xczcz\21th-Wheel_Leg\CYT4BB7_Library-master(2)\Seekfree_CYT4BB_Opensource_Library\project\iar\project_config\..\icf\linker_directives_tviibh.icf"
#        --semihosting
#        "D:\xczcz\21th-Wheel_Leg\CYT4BB7_Library-master(2)\Seekfree_CYT4BB_Opensource_Library\project\iar\project_config\..\..\..\libraries\sdk\tviibh4m\src\drivers\crypto\libs\libcrypto_server_cm0plus_iar.a"
#        "D:\xczcz\21th-Wheel_Leg\CYT4BB7_Library-master(2)\Seekfree_CYT4BB_Opensource_Library\project\iar\project_config\..\..\..\libraries\zf_device\zf_device_config.a"
#        "D:\xczcz\21th-Wheel_Leg\CYT4BB7_Library-master(2)\Seekfree_CYT4BB_Opensource_Library\project\iar\project_config\..\..\..\libraries\sdk\common\hdr\cmsis\dsp\iar_cortexM7lf_math.a"
#        --entry __iar_program_start --vfe --text_out locale --cpu=Cortex-M7
#        --fpu=VFPv5_d16) --dependencies=n
#        "D:\xczcz\21th-Wheel_Leg\CYT4BB7_Library-master(2)\Seekfree_CYT4BB_Opensource_Library\project\iar\project_config\Debug_m7_0\Exe\cyt4bb7_cm_7_0.out.iar_deps"
#
###############################################################################

*******************************************************************************
*** RUNTIME MODEL ATTRIBUTES
***

CppFlavor       = *
__CPP_Runtime   = 1
__Heap_Handler  = Basic
__SystemLibrary = DLib
__dlib_version  = 6


*******************************************************************************
*** HEAP SELECTION
***

The basic heap was selected because --advanced_heap
was not specified and the application did not appear to
be primarily optimized for speed.


*******************************************************************************
*** PLACEMENT SUMMARY
***

"A0":  place at start of [from 0x1008'0000 to 0x1027'ffff] { section .intvec };
"P1":  place in [from 0x1008'0000 to 0x1027'ffff] { ro };
"P2":  place in [from 0x2802'0000 to 0x2807'ffff] { rw };
define block HEAP with size = 1K, alignment = 8 { };
define block CSTACK with size = 8K, alignment = 8 { };
define block HEAP_STACK { block HEAP, last block CSTACK };
"A1":  place at end of [from 0x2802'0000 to 0x2807'ffff] { block HEAP_STACK };
do not initialize { section .intvec_ram };
initialize by copy { rw };

No sections matched the following patterns:

  ro section .sflash_app_prot  in "P6"
  ro section .sflash_nar       in "P4"
  ro section .sflash_pkey      in "P5"
  ro section .sflash_toc2      in "P7"
  ro section .sflash_uf_rows   in "P3"
  ro section .work_flash       in "P8"
  section .global_ram_data     in "P9"


  Section            Kind         Address    Size  Object
  -------            ----         -------    ----  ------
"A0":                                        0x80
  .intvec            ro code  0x1008'0000    0x80  startup_cm7.o [31]
                            - 0x1008'0080    0x80

"P1":                                      0xbde3
  .text              ro code  0x1008'0080   0xeae  xprintffull_nomb.o [50]
  .text              ro code  0x1008'0f2e    0x7e  lz77_init_single.o [52]
  .text              ro code  0x1008'0fac    0x16  strchr.o [52]
  .text              ro code  0x1008'0fc2     0xa  xsprout.o [50]
  .text              ro code  0x1008'0fcc    0x40  xfail_s.o [50]
  .text              ro code  0x1008'100c    0x36  strlen.o [52]
  .text              ro code  0x1008'1044    0x58  memchr.o [52]
  .text              ro code  0x1008'109c    0xa6  ABImemcpy.o [52]
  .text              ro code  0x1008'1144    0x70  frexp.o [51]
  .text              ro code  0x1008'11b4    0x34  DblCmpLe.o [51]
  .text              ro code  0x1008'11e8    0x34  DblCmpGe.o [51]
  .text              ro code  0x1008'121c   0x104  ldexp.o [51]
  .text              ro code  0x1008'1320     0xe  DblToS32.o [51]
  .text              ro code  0x1008'132e     0xe  S32ToDbl.o [51]
  .text              ro code  0x1008'133c    0x12  DblSub.o [51]
  .text              ro code  0x1008'134e    0x12  DblDiv.o [51]
  .text              ro code  0x1008'1360     0xe  DblToU32.o [51]
  .text              ro code  0x1008'136e     0xe  U32ToDbl.o [51]
  .text              ro code  0x1008'137c    0x12  DblMul.o [51]
  .text              ro code  0x1008'1390   0x230  I64DivMod.o [52]
  .text              ro code  0x1008'15c0     0x6  abort.o [50]
  .text              ro code  0x1008'15c8     0x2  I64DivZer.o [52]
  .text              ro code  0x1008'15cc    0x14  exit.o [53]
  .text              ro code  0x1008'15e0   0xe18  zf_driver_pwm.o [49]
  .text              ro code  0x1008'23f8   0x454  zf_common_debug.o [46]
  .text              ro code  0x1008'284c    0x66  ABImemset.o [52]
  .text              ro code  0x1008'28b4   0x194  cy_gpio.o [14]
  .text              ro code  0x1008'2a48   0x20a  cy_tcpwm_pwm.o [43]
  .text              ro code  0x1008'2c52     0xc  cy_tcpwm.o [43]
  .text              ro code  0x1008'2c60   0xb50  zf_driver_uart.o [49]
  .text              ro code  0x1008'37b0    0x40  sprintf.o [50]
  .text              ro code  0x1008'37f0   0x448  zf_common_fifo.o [46]
  .text              ro code  0x1008'3c38    0xe2  zf_common_interrupt.o [46]
  .text              ro code  0x1008'3d1c     0x6  ABImemclr4.o [52]
  .text              ro code  0x1008'3d24   0x314  cy_scb_uart.o [24]
  .text              ro code  0x1008'4038    0xac  cy_sysint.o [35]
  .text              ro code  0x1008'40e4    0x32  ABImemset48.o [52]
  .text              ro code  0x1008'4118   0xca8  zf_driver_spi.o [49]
  .text              ro code  0x1008'4dc0   0x1f0  cy_scb_spi.o [24]
  .text              ro code  0x1008'4fb0   0xabc  zf_device_ips200.o [48]
  .text              ro code  0x1008'5a6c    0x16  vla_alloc.o [50]
  .text              ro code  0x1008'5a84    0x74  zf_common_function.o [46]
  .text              ro code  0x1008'5af8   0x110  zf_driver_gpio.o [49]
  .text              ro code  0x1008'5c08   0x284  zf_driver_delay.o [49]
  .text              ro code  0x1008'5e8c   0x13c  heap0.o [50]
  .text              ro code  0x1008'5fc8     0x4  heaptramp0.o [50]
  .text              ro code  0x1008'5fcc   0x1b8  cy_tcpwm_counter.o [43]
  .text              ro code  0x1008'6184    0x2c  xgetmemchunk.o [50]
  .text              ro code  0x1008'61b0   0x988  quaternion.o [5]
  .text              ro code  0x1008'6b38   0x1d4  zf_device_imu660rb.o [48]
  .text              ro code  0x1008'6d0c    0x6a  atan2f.o [51]
  .text              ro code  0x1008'6d78    0xa4  xatanf.o [51]
  .text              ro code  0x1008'6e1c   0x8e8  cy_sysclk.o [33]
  .text              ro code  0x1008'7704    0x70  strncpy.o [52]
  .text              ro code  0x1008'7774    0xf8  cy_syslib.o [36]
  .text              ro code  0x1008'786c     0x2  cy_syslib.o [36]
  .rodata            const    0x1008'7870   0x5f0  zf_common_font.o [46]
  .text              ro code  0x1008'7e60   0x55c  balance_control.o [5]
  .text              ro code  0x1008'83bc   0x358  pure_nav.o [5]
  .text              ro code  0x1008'8714   0x17a  small_driver_uart_control.o [5]
  .text              ro code  0x1008'8890   0x34c  servo.o [5]
  .text              ro code  0x1008'8bdc   0x204  zf_driver_flash.o [49]
  .text              ro code  0x1008'8de0    0x28  printf.o [50]
  .text              ro code  0x1008'8e08   0x2dc  cy_mw_flash.o [13]
  .text              ro code  0x1008'90e4   0x2ec  cy_srom.o [30]
  .text              ro code  0x1008'93d0   0x4ac  cy_flash.o [12]
  .text              ro code  0x1008'987c    0x60  cy_ipc_drv.o [15]
  .text              ro code  0x1008'98dc   0x398  zf_driver_pit.o [49]
  .text              ro code  0x1008'9c74   0x2a8  zf_driver_timer.o [49]
  .text              ro code  0x1008'9f1c   0x258  remote_control.o [5]
  .rodata            const    0x1008'a174   0x228  zf_common_font.o [46]
  .text              ro code  0x1008'a39c   0x204  startup.o [31]
  .text              ro code  0x1008'a5a0   0x150  system_tviibh4m_cm7.o [22]
  .text              ro code  0x1008'a6f0     0x8  startup_cm7.o [31]
  .text              ro code  0x1008'a6f8     0x6  startup_cm7.o [31]
  .text              ro code  0x1008'a700   0x198  cy_interrupt_map.o [23]
  .text              ro code  0x1008'a898   0x16c  zf_device_uart_receiver.o [48]
  .text              ro code  0x1008'aa04    0x44  zf_device_type.o [48]
  .text              ro code  0x1008'aa48   0x132  cm7_0_isr.o [45]
  .text              ro code  0x1008'ab7c    0xfc  zf_device_key.o [48]
  .text              ro code  0x1008'ac78    0x7c  zf_device_tsl1401.o [48]
  .text              ro code  0x1008'acf4   0x114  zf_device_gnss.o [48]
  .text              ro code  0x1008'ae08    0x74  zf_driver_adc.o [49]
  .text              ro code  0x1008'ae7c    0x2a  strncmp.o [50]
  .text              ro code  0x1008'aea8    0xbc  initialize.o [5]
  .text              ro code  0x1008'af64    0xb0  main_cm7_0.o [45]
  .text              ro code  0x1008'b014    0x1c  zf_common_clock.o [46]
  .text              ro code  0x1008'b030    0xb0  startup_cm7.o [31]
  .rodata            const    0x1008'b0e0    0x90  system_tviibh4m_cm7.o [22]
  .rodata            const    0x1008'b170    0x8c  cy_sysclk.o [33]
  .rodata            const    0x1008'b1fc    0x8c  cy_sysclk.o [33]
  .rodata            const    0x1008'b288    0x88  cy_mw_flash.o [13]
  .rodata            const    0x1008'b310    0x88  cy_srom.o [30]
  .rodata            const    0x1008'b398    0x80  zf_common_function.o [46]
  .rodata            const    0x1008'b418    0x80  zf_device_imu660rb.o [48]
  .rodata            const    0x1008'b498    0x7c  zf_common_fifo.o [46]
  .rodata            const    0x1008'b514    0x7c  zf_device_ips200.o [48]
  .rodata            const    0x1008'b590    0x7c  zf_device_key.o [48]
  .rodata            const    0x1008'b60c    0x7c  zf_driver_flash.o [49]
  .rodata            const    0x1008'b688    0x7c  zf_driver_pwm.o [49]
  .rodata            const    0x1008'b704    0x7c  zf_driver_spi.o [49]
  .rodata            const    0x1008'b780    0x7c  zf_driver_uart.o [49]
  .text              ro code  0x1008'b7fc    0x38  zero_init3.o [52]
  .rodata            const    0x1008'b834    0x2c  pure_nav.o [5]
  .rodata            const    0x1008'b860    0x28  pure_nav.o [5]
  .text              ro code  0x1008'b888    0x28  data_init.o [52]
  .rodata            const    0x1008'b8b0    0x24  pure_nav.o [5]
  .rodata            const    0x1008'b8d4    0x24  pure_nav.o [5]
  .text              ro code  0x1008'b8f8    0x22  fpinit_M.o [51]
  .iar.init_table    const    0x1008'b91c    0x20  - Linker created -
  .rodata            const    0x1008'b93c    0x20  pure_nav.o [5]
  .rodata            const    0x1008'b95c    0x20  pure_nav.o [5]
  .text              ro code  0x1008'b97c    0x20  startup_cm7.o [31]
  .text              ro code  0x1008'b99c    0x20  putchar.o [50]
  .text              ro code  0x1008'b9c0    0x1e  cy_syslib_iar.o [36]
  .text              ro code  0x1008'b9e0    0x1e  cmain.o [52]
  .text              ro code  0x1008'ba00     0x4  startup_cm7.o [31]
  .text              ro code  0x1008'ba04     0x4  exit.o [50]
  .text              ro code  0x1008'ba08     0xa  cexit.o [52]
  .rodata            const    0x1008'ba14    0x1c  pure_nav.o [5]
  .rodata            const    0x1008'ba30    0x1c  zf_common_debug.o [46]
  .rodata            const    0x1008'ba4c    0x1c  zf_device_imu660rb.o [48]
  .text              ro code  0x1008'ba68    0x1c  startup_cm7.o [31]
  .text              ro code  0x1008'ba84    0x1c  cstartup_M.o [52]
  .rodata            const    0x1008'baa0    0x18  startup.o [31]
  .rodata            const    0x1008'bab8    0x18  system_tviibh4m_cm7.o [22]
  .rodata            const    0x1008'bad0    0x18  zf_common_debug.o [46]
  .text              ro code  0x1008'bae8    0x16  xprout.o [50]
  .rodata            const    0x1008'bb00    0x14  cy_flash.o [12]
  .rodata            const    0x1008'bb14    0x14  initialize.o [5]
  .rodata            const    0x1008'bb28    0x14  initialize.o [5]
  .rodata            const    0x1008'bb3c    0x14  initialize.o [5]
  .rodata            const    0x1008'bb50    0x10  zf_common_debug.o [46]
  .rodata            const    0x1008'bb60    0x10  zf_common_debug.o [46]
  .rodata            const    0x1008'bb70     0xc  main_cm7_0.o [45]
  .rodata            const    0x1008'bb7c     0xc  main_cm7_0.o [45]
  .rodata            const    0x1008'bb88     0xc  main_cm7_0.o [45]
  .rodata            const    0x1008'bb94     0xc  zf_common_debug.o [46]
  .rodata            const    0x1008'bba0     0xc  zf_common_debug.o [46]
  .rodata            const    0x1008'bbac     0xc  zf_common_debug.o [46]
  .text              ro code  0x1008'bbb8     0xc  cy_syslib.o [36]
  .rodata            const    0x1008'bbc4     0x8  cy_mw_flash.o [13]
  .rodata            const    0x1008'bbcc     0x8  cy_srom.o [30]
  .rodata            const    0x1008'bbd4     0x8  cy_sysclk.o [33]
  .rodata            const    0x1008'bbdc     0x8  initialize.o [5]
  .rodata            const    0x1008'bbe4     0x8  initialize.o [5]
  .rodata            const    0x1008'bbec     0x4  cy_interrupt_map.o [23]
  .rodata            const    0x1008'bbf0     0x4  cy_interrupt_map.o [23]
  .rodata            const    0x1008'bbf4     0x4  cy_interrupt_map.o [23]
  .rodata            const    0x1008'bbf8     0x4  cy_interrupt_map.o [23]
  .rodata            const    0x1008'bbfc     0x4  cy_interrupt_map.o [23]
  .rodata            const    0x1008'bc00     0x4  cy_interrupt_map.o [23]
  .rodata            const    0x1008'bc04     0x4  cy_interrupt_map.o [23]
  .rodata            const    0x1008'bc08     0x4  cy_interrupt_map.o [23]
  .rodata            const    0x1008'bc0c     0x4  cy_ipc_drv.o [15]
  .rodata            const    0x1008'bc10     0x4  cy_scb_spi.o [24]
  .rodata            const    0x1008'bc14     0x4  cy_scb_spi.o [24]
  .rodata            const    0x1008'bc18     0x4  cy_scb_spi.o [24]
  .rodata            const    0x1008'bc1c     0x4  cy_scb_spi.o [24]
  .rodata            const    0x1008'bc20     0x4  cy_scb_uart.o [24]
  .rodata            const    0x1008'bc24     0x4  cy_scb_uart.o [24]
  .rodata            const    0x1008'bc28     0x4  cy_scb_uart.o [24]
  .rodata            const    0x1008'bc2c     0x4  cy_scb_uart.o [24]
  .rodata            const    0x1008'bc30     0x4  cy_scb_uart.o [24]
  .rodata            const    0x1008'bc34     0x4  cy_scb_uart.o [24]
  .rodata            const    0x1008'bc38     0x4  cy_scb_uart.o [24]
  .rodata            const    0x1008'bc3c     0x4  cy_scb_uart.o [24]
  .rodata            const    0x1008'bc40     0x4  cy_scb_uart.o [24]
  .rodata            const    0x1008'bc44     0x4  cy_scb_uart.o [24]
  .rodata            const    0x1008'bc48     0x4  cy_srom.o [30]
  .rodata            const    0x1008'bc4c     0x4  cy_srom.o [30]
  .rodata            const    0x1008'bc50     0x4  cy_sysint.o [35]
  .rodata            const    0x1008'bc54     0x4  cy_sysint.o [35]
  .rodata            const    0x1008'bc58     0x4  cy_tcpwm_counter.o [43]
  .rodata            const    0x1008'bc5c     0x4  cy_tcpwm_counter.o [43]
  .rodata            const    0x1008'bc60     0x4  cy_tcpwm_counter.o [43]
  .rodata            const    0x1008'bc64     0x4  cy_tcpwm_counter.o [43]
  .rodata            const    0x1008'bc68     0x4  cy_tcpwm_counter.o [43]
  .rodata            const    0x1008'bc6c     0x4  cy_tcpwm_pwm.o [43]
  .rodata            const    0x1008'bc70     0x4  cy_tcpwm_pwm.o [43]
  .rodata            const    0x1008'bc74     0x4  cy_tcpwm_pwm.o [43]
  .rodata            const    0x1008'bc78     0x4  cy_tcpwm_pwm.o [43]
  .rodata            const    0x1008'bc7c     0x4  cy_tcpwm_pwm.o [43]
  .rodata            const    0x1008'bc80     0x4  cy_tcpwm_pwm.o [43]
  .rodata            const    0x1008'bc84     0x4  cy_tcpwm_pwm.o [43]
  .rodata            const    0x1008'bc88     0x4  quaternion.o [5]
  .rodata            const    0x1008'bc8c     0x4  quaternion.o [5]
  .rodata            const    0x1008'bc90     0x4  quaternion.o [5]
  .rodata            const    0x1008'bc94     0x4  zf_device_key.o [48]
  .text              ro code  0x1008'bc98     0x4  startup_cm7.o [31]
  .text              ro code  0x1008'bc9c     0x4  startup_cm7.o [31]
  .text              ro code  0x1008'bca0     0x4  startup_cm7.o [31]
  .text              ro code  0x1008'bca4     0x4  startup_cm7.o [31]
  .text              ro code  0x1008'bca8     0x4  startup_cm7.o [31]
  .text              ro code  0x1008'bcac     0x4  startup_cm7.o [31]
  .text              ro code  0x1008'bcb0     0x4  startup_cm7.o [31]
  .text              ro code  0x1008'bcb4     0x4  startup_cm7.o [31]
  .text              ro code  0x1008'bcb8     0x4  startup_cm7.o [31]
  .text              ro code  0x1008'bcbc     0x4  startup_cm7.o [31]
  .text              ro code  0x1008'bcc0     0x4  startup_cm7.o [31]
  .text              ro code  0x1008'bcc4     0x4  startup_cm7.o [31]
  .text              ro code  0x1008'bcc8     0x4  startup_cm7.o [31]
  .text              ro code  0x1008'bccc     0x4  startup_cm7.o [31]
  .text              ro code  0x1008'bcd0     0x4  startup_cm7.o [31]
  .rodata            const    0x1008'bcd4     0x0  zero_init3.o [52]
  .rodata            const    0x1008'bcd4     0x0  lz77_init_single.o [52]
  Initializer bytes  const    0x1008'bcd4    0xde  <for P2-1>
                            - 0x1008'bdb2  0xbd32

"P2", part 1 of 3:                          0x7d0
  P2-1                        0x2802'0000   0x7d0  <Init block>
    .data            inited   0x2802'0000     0x4  balance_control.o [5]
    .data            inited   0x2802'0004     0x4  balance_control.o [5]
    .data            inited   0x2802'0008     0x4  balance_control.o [5]
    .data            inited   0x2802'000c     0x4  balance_control.o [5]
    .data            inited   0x2802'0010     0x4  balance_control.o [5]
    .data            inited   0x2802'0014     0x4  balance_control.o [5]
    .data            inited   0x2802'0018   0x6ec  cy_interrupt_map.o [23]
    .data            inited   0x2802'0704     0x4  cy_interrupt_map.o [23]
    .data            inited   0x2802'0708     0x4  quaternion.o [5]
    .data            inited   0x2802'070c     0x4  quaternion.o [5]
    .data            inited   0x2802'0710     0x4  quaternion.o [5]
    .data            inited   0x2802'0714     0x4  quaternion.o [5]
    .data            inited   0x2802'0718     0x4  quaternion.o [5]
    .data            inited   0x2802'071c     0x4  quaternion.o [5]
    .data            inited   0x2802'0720     0x4  remote_control.o [5]
    .data            inited   0x2802'0724     0x4  remote_control.o [5]
    .data            inited   0x2802'0728     0x4  zf_device_type.o [48]
    .data            inited   0x2802'072c     0x4  zf_device_type.o [48]
    .data            inited   0x2802'0730     0xc  zf_driver_adc.o [49]
    .data            inited   0x2802'073c    0x3c  zf_driver_pit.o [49]
    .data            inited   0x2802'0778    0x10  zf_driver_spi.o [49]
    .data            inited   0x2802'0788    0x1c  zf_driver_uart.o [49]
    .data            inited   0x2802'07a4    0x1c  zf_driver_uart.o [49]
    .data            inited   0x2802'07c0     0x2  zf_device_ips200.o [48]
    .data            inited   0x2802'07c2     0x2  zf_device_ips200.o [48]
    .data            inited   0x2802'07c4     0x2  zf_device_ips200.o [48]
    .data            inited   0x2802'07c6     0x2  zf_device_ips200.o [48]
    .data            inited   0x2802'07c8     0x2  zf_driver_delay.o [49]
    .data            inited   0x2802'07ca     0x1  zf_common_debug.o [46]
    .data            inited   0x2802'07cb     0x1  zf_device_ips200.o [48]
    .data            inited   0x2802'07cc     0x1  zf_device_ips200.o [48]
    .data            inited   0x2802'07cd     0x1  zf_device_ips200.o [48]
    .data            inited   0x2802'07ce     0x1  zf_device_ips200.o [48]
    .data            inited   0x2802'07cf     0x1  zf_driver_delay.o [49]
                            - 0x2802'07d0   0x7d0

"P2", part 2 of 3:                         0x18b8
  .bss               zero     0x2802'07d0   0x800  zf_driver_flash.o [49]
  .bss               zero     0x2802'0fd0   0x7d0  pure_nav.o [5]
  .bss               zero     0x2802'17a0   0x200  zf_device_tsl1401.o [48]
  .bss               zero     0x2802'19a0   0x188  zf_driver_uart.o [49]
  .bss               zero     0x2802'1b28    0x80  zf_device_gnss.o [48]
  .bss               zero     0x2802'1ba8    0x80  zf_device_gnss.o [48]
  .bss               zero     0x2802'1c28    0x80  zf_device_gnss.o [48]
  .bss               zero     0x2802'1ca8    0x70  cy_syslib.o [36]
  .bss               zero     0x2802'1d18    0x48  zf_driver_adc.o [49]
  .bss               zero     0x2802'1d60    0x40  zf_common_debug.o [46]
  .bss               zero     0x2802'1da0    0x1c  zf_device_uart_receiver.o [48]
  .bss               zero     0x2802'1dbc    0x18  cy_sysclk.o [33]
  .bss               zero     0x2802'1dd4    0x18  cy_syslib.o [36]
  .bss               zero     0x2802'1dec    0x18  quaternion.o [5]
  .bss               zero     0x2802'1e04    0x18  zf_common_debug.o [46]
  .bss               zero     0x2802'1e1c    0x18  zf_device_gnss.o [48]
  .bss               zero     0x2802'1e34    0x14  balance_control.o [5]
  .bss               zero     0x2802'1e48    0x14  balance_control.o [5]
  .bss               zero     0x2802'1e5c    0x14  balance_control.o [5]
  .bss               zero     0x2802'1e70    0x14  balance_control.o [5]
  .bss               zero     0x2802'1e84    0x14  small_driver_uart_control.o [5]
  .bss               zero     0x2802'1e98    0x14  zf_common_debug.o [46]
  .bss               zero     0x2802'1ec0    0x10  cy_srom.o [30]
  .bss               zero     0x2802'1ed0    0x10  zf_device_key.o [48]
  .bss               zero     0x2802'1ee0    0x10  zf_device_uart_receiver.o [48]
  .bss               zero     0x2802'1ef0     0xc  balance_control.o [5]
  .bss               zero     0x2802'1efc     0xc  quaternion.o [5]
  .bss               zero     0x2802'1f08     0xc  quaternion.o [5]
  .bss               zero     0x2802'1f14     0xc  servo.o [5]
  .bss               zero     0x2802'1f20     0xc  servo.o [5]
  .bss               zero     0x2802'1f2c     0xc  servo.o [5]
  .bss               zero     0x2802'1f38     0xc  servo.o [5]
  .bss               zero     0x2802'1f44     0x8  zf_driver_uart.o [49]
  .bss               zero     0x2802'1f4c     0x8  zf_driver_uart.o [49]
  .bss               zero     0x2802'1f54     0x8  heap0.o [50]
  .bss               zero     0x2802'1f5c     0x4  balance_control.o [5]
  .bss               zero     0x2802'1f60     0x4  balance_control.o [5]
  .bss               zero     0x2802'1f64     0x4  balance_control.o [5]
  .bss               zero     0x2802'1f68     0x4  balance_control.o [5]
  .bss               zero     0x2802'1f6c     0x4  balance_control.o [5]
  .bss               zero     0x2802'1f70     0x4  balance_control.o [5]
  .bss               zero     0x2802'1f74     0x4  balance_control.o [5]
  .bss               zero     0x2802'1f78     0x4  balance_control.o [5]
  .bss               zero     0x2802'1f7c     0x4  balance_control.o [5]
  .bss               zero     0x2802'1f80     0x4  balance_control.o [5]
  .bss               zero     0x2802'1f84     0x4  balance_control.o [5]
  .bss               zero     0x2802'1f88     0x4  balance_control.o [5]
  .bss               zero     0x2802'1f8c     0x4  balance_control.o [5]
  .bss               zero     0x2802'1f90     0x4  balance_control.o [5]
  .bss               zero     0x2802'1f94     0x4  balance_control.o [5]
  .bss               zero     0x2802'1f98     0x4  balance_control.o [5]
  .bss               zero     0x2802'1f9c     0x4  balance_control.o [5]
  .bss               zero     0x2802'1fa0     0x4  balance_control.o [5]
  .bss               zero     0x2802'1fa4     0x4  cm7_0_isr.o [45]
  .bss               zero     0x2802'1fa8     0x4  cy_srom.o [30]
  .bss               zero     0x2802'1fac     0x4  cy_srom.o [30]
  .bss               zero     0x2802'1fb0     0x4  cy_syslib.o [36]
  .bss               zero     0x2802'1fb4     0x4  pure_nav.o [5]
  .bss               zero     0x2802'1fb8     0x4  pure_nav.o [5]
  .bss               zero     0x2802'1fbc     0x4  pure_nav.o [5]
  .bss               zero     0x2802'1fc0     0x4  pure_nav.o [5]
  .bss               zero     0x2802'1fc4     0x4  pure_nav.o [5]
  .bss               zero     0x2802'1fc8     0x4  pure_nav.o [5]
  .bss               zero     0x2802'1fcc     0x4  quaternion.o [5]
  .bss               zero     0x2802'1fd0     0x4  quaternion.o [5]
  .bss               zero     0x2802'1fd4     0x4  quaternion.o [5]
  .bss               zero     0x2802'1fd8     0x4  quaternion.o [5]
  .bss               zero     0x2802'1fdc     0x4  quaternion.o [5]
  .bss               zero     0x2802'1fe0     0x4  quaternion.o [5]
  .bss               zero     0x2802'1fe4     0x4  quaternion.o [5]
  .bss               zero     0x2802'1fe8     0x4  quaternion.o [5]
  .bss               zero     0x2802'1fec     0x4  quaternion.o [5]
  .bss               zero     0x2802'1ff0     0x4  quaternion.o [5]
  .bss               zero     0x2802'1ff4     0x4  quaternion.o [5]
  .bss               zero     0x2802'1ff8     0x4  quaternion.o [5]
  .bss               zero     0x2802'1ffc     0x4  quaternion.o [5]
  .bss               zero     0x2802'2000     0x4  quaternion.o [5]
  .bss               zero     0x2802'2004     0x4  quaternion.o [5]
  .bss               zero     0x2802'2008     0x4  quaternion.o [5]
  .bss               zero     0x2802'200c     0x4  quaternion.o [5]
  .bss               zero     0x2802'2010     0x4  quaternion.o [5]
  .bss               zero     0x2802'2014     0x4  quaternion.o [5]
  .bss               zero     0x2802'2018     0x4  quaternion.o [5]
  .bss               zero     0x2802'201c     0x4  remote_control.o [5]
  .bss               zero     0x2802'2020     0x4  remote_control.o [5]
  .bss               zero     0x2802'2024     0x4  servo.o [5]
  .bss               zero     0x2802'2028     0x4  servo.o [5]
  .bss               zero     0x2802'202c     0x4  system_tviibh4m_cm7.o [22]
  .bss               zero     0x2802'2030     0x4  system_tviibh4m_cm7.o [22]
  .bss               zero     0x2802'2034     0x4  system_tviibh4m_cm7.o [22]
  .bss               zero     0x2802'2038     0x4  system_tviibh4m_cm7.o [22]
  .bss               zero     0x2802'203c     0x4  system_tviibh4m_cm7.o [22]
  .bss               zero     0x2802'2040     0x4  zf_common_clock.o [46]
  .bss               zero     0x2802'2044     0x4  zf_common_interrupt.o [46]
  .bss               zero     0x2802'2048     0x4  zf_device_key.o [48]
  .bss               zero     0x2802'204c     0x4  zf_device_key.o [48]
  .bss               zero     0x2802'2050     0x4  zf_driver_spi.o [49]
  .bss               zero     0x2802'2054     0x4  zf_driver_timer.o [49]
  .bss               zero     0x2802'2058     0x4  xgetmemchunk.o [50]
  .bss               zero     0x2802'205c     0x4  xfail_s.o [50]
  .bss               zero     0x2802'2060     0x2  pure_nav.o [5]
  .bss               zero     0x2802'2062     0x2  pure_nav.o [5]
  .bss               zero     0x2802'2064     0x2  servo.o [5]
  .bss               zero     0x2802'2066     0x2  zf_device_imu660rb.o [48]
  .bss               zero     0x2802'2068     0x2  zf_device_imu660rb.o [48]
  .bss               zero     0x2802'206a     0x2  zf_device_imu660rb.o [48]
  .bss               zero     0x2802'206c     0x2  zf_device_imu660rb.o [48]
  .bss               zero     0x2802'206e     0x2  zf_device_imu660rb.o [48]
  .bss               zero     0x2802'2070     0x2  zf_device_imu660rb.o [48]
  .bss               zero     0x2802'2072     0x1  cy_mw_flash.o [13]
  .bss               zero     0x2802'2073     0x1  cy_mw_flash.o [13]
  .bss               zero     0x2802'2074     0x1  cy_sysclk.o [33]
  .bss               zero     0x2802'2075     0x1  pure_nav.o [5]
  .bss               zero     0x2802'2076     0x1  zf_common_debug.o [46]
  .bss               zero     0x2802'2077     0x1  zf_common_debug.o [46]
  .bss               zero     0x2802'2078     0x1  zf_common_debug.o [46]
  .bss               zero     0x2802'2079     0x1  zf_device_gnss.o [48]
  .bss               zero     0x2802'207a     0x1  zf_device_gnss.o [48]
  .bss               zero     0x2802'207b     0x1  zf_device_gnss.o [48]
  .bss               zero     0x2802'207c     0x1  zf_device_gnss.o [48]
  .bss               zero     0x2802'207d     0x1  zf_device_gnss.o [48]
  .bss               zero     0x2802'207e     0x1  zf_device_ips200.o [48]
  .bss               zero     0x2802'207f     0x1  zf_device_ips200.o [48]
  .bss               zero     0x2802'2080     0x1  zf_device_tsl1401.o [48]
  .bss               zero     0x2802'2081     0x1  zf_device_tsl1401.o [48]
  .bss               zero     0x2802'2082     0x1  zf_device_type.o [48]
  .bss               zero     0x2802'2083     0x1  zf_device_uart_receiver.o [48]
  .bss               zero     0x2802'2084     0x1  zf_driver_flash.o [49]
                            - 0x2802'2085  0x18b5

"P2", part 3 of 3:                           0x80
  .intvec_ram        uninit   0x2802'2100    0x80  startup_cm7.o [31]
                            - 0x2802'2180    0x80

"A1":                                      0x2400
  HEAP_STACK                  0x2807'dc00  0x2400  <Block>
    HEAP                      0x2807'dc00   0x400  <Block>
      HEAP           uninit   0x2807'dc00   0x400  <Block tail>
    CSTACK                    0x2807'e000  0x2000  <Block>
      CSTACK         uninit   0x2807'e000  0x2000  <Block tail>
                            - 0x2808'0000  0x2400

Unused ranges:

         From           To       Size
         ----           --       ----
  0x1008'be63  0x1027'ffff  0x1f'419d
  0x2802'2088  0x2802'20ff       0x78
  0x2802'2180  0x2807'dbff   0x5'ba80


*******************************************************************************
*** INIT TABLE
***

          Address      Size
          -------      ----
Zero (__iar_zero_init3)
    1 destination range, total size 0x18b5:
          0x2802'07d0  0x18b5

Copy/lz77 (__iar_lz77_init_single3)
    1 source range, total size 0xde (11% of destination):
          0x1008'bcd4    0xde
    1 destination range, total size 0x7d0:
          0x2802'0000   0x7d0



*******************************************************************************
*** MODULE SUMMARY
***

    Module                       ro code  ro data  rw data
    ------                       -------  -------  -------
command line/config:
    ------------------------------------------------------
    Total:

D:\xczcz\21th-Wheel_Leg\CYT4BB7_Library-master(2)\Seekfree_CYT4BB_Opensource_Library\project\iar\Debug_m7_0\Obj\adc_11722776235721520015.dir: [1]
    ------------------------------------------------------
    Total:

D:\xczcz\21th-Wheel_Leg\CYT4BB7_Library-master(2)\Seekfree_CYT4BB_Opensource_Library\project\iar\Debug_m7_0\Obj\audioss_1346650047966882938.dir: [2]
    ------------------------------------------------------
    Total:

D:\xczcz\21th-Wheel_Leg\CYT4BB7_Library-master(2)\Seekfree_CYT4BB_Opensource_Library\project\iar\Debug_m7_0\Obj\button_4990804375159372270.dir: [3]
    ------------------------------------------------------
    Total:

D:\xczcz\21th-Wheel_Leg\CYT4BB7_Library-master(2)\Seekfree_CYT4BB_Opensource_Library\project\iar\Debug_m7_0\Obj\canfd_1800690984773873875.dir: [4]
    ------------------------------------------------------
    Total:

D:\xczcz\21th-Wheel_Leg\CYT4BB7_Library-master(2)\Seekfree_CYT4BB_Opensource_Library\project\iar\Debug_m7_0\Obj\code_17896468042025673432.dir: [5]
    balance_control.o              1'372        2      188
    initialize.o                     188       76
    pure_nav.o                       856      248    2'029
    quaternion.o                   2'440       15      152
    remote_control.o                 600        1       16
    servo.o                          844                58
    small_driver_uart_control.o      378                20
    ------------------------------------------------------
    Total:                         6'678      342    2'463

D:\xczcz\21th-Wheel_Leg\CYT4BB7_Library-master(2)\Seekfree_CYT4BB_Opensource_Library\project\iar\Debug_m7_0\Obj\cpu_15938736945165268644.dir: [6]
    ------------------------------------------------------
    Total:

D:\xczcz\21th-Wheel_Leg\CYT4BB7_Library-master(2)\Seekfree_CYT4BB_Opensource_Library\project\iar\Debug_m7_0\Obj\crypto_1190170608956581615.dir: [7]
    ------------------------------------------------------
    Total:

D:\xczcz\21th-Wheel_Leg\CYT4BB7_Library-master(2)\Seekfree_CYT4BB_Opensource_Library\project\iar\Debug_m7_0\Obj\dma_12106025507578611576.dir: [8]
    ------------------------------------------------------
    Total:

D:\xczcz\21th-Wheel_Leg\CYT4BB7_Library-master(2)\Seekfree_CYT4BB_Opensource_Library\project\iar\Debug_m7_0\Obj\eth_phy_18133017486186456677.dir: [9]
    ------------------------------------------------------
    Total:

D:\xczcz\21th-Wheel_Leg\CYT4BB7_Library-master(2)\Seekfree_CYT4BB_Opensource_Library\project\iar\Debug_m7_0\Obj\ethernet_6029839089178797009.dir: [10]
    ------------------------------------------------------
    Total:

D:\xczcz\21th-Wheel_Leg\CYT4BB7_Library-master(2)\Seekfree_CYT4BB_Opensource_Library\project\iar\Debug_m7_0\Obj\evtgen_3404189088603873129.dir: [11]
    ------------------------------------------------------
    Total:

D:\xczcz\21th-Wheel_Leg\CYT4BB7_Library-master(2)\Seekfree_CYT4BB_Opensource_Library\project\iar\Debug_m7_0\Obj\flash_8529866181315662935.dir: [12]
    cy_flash.o                     1'196       20
    ------------------------------------------------------
    Total:                         1'196       20

D:\xczcz\21th-Wheel_Leg\CYT4BB7_Library-master(2)\Seekfree_CYT4BB_Opensource_Library\project\iar\Debug_m7_0\Obj\flash_864493325053435817.dir: [13]
    cy_mw_flash.o                    732      144        2
    ------------------------------------------------------
    Total:                           732      144        2

D:\xczcz\21th-Wheel_Leg\CYT4BB7_Library-master(2)\Seekfree_CYT4BB_Opensource_Library\project\iar\Debug_m7_0\Obj\gpio_3999404635324069351.dir: [14]
    cy_gpio.o                        404
    ------------------------------------------------------
    Total:                           404

D:\xczcz\21th-Wheel_Leg\CYT4BB7_Library-master(2)\Seekfree_CYT4BB_Opensource_Library\project\iar\Debug_m7_0\Obj\ipc_10145506163450686023.dir: [15]
    cy_ipc_drv.o                      96        4
    ------------------------------------------------------
    Total:                            96        4

D:\xczcz\21th-Wheel_Leg\CYT4BB7_Library-master(2)\Seekfree_CYT4BB_Opensource_Library\project\iar\Debug_m7_0\Obj\lin_18429031207028094880.dir: [16]
    ------------------------------------------------------
    Total:

D:\xczcz\21th-Wheel_Leg\CYT4BB7_Library-master(2)\Seekfree_CYT4BB_Opensource_Library\project\iar\Debug_m7_0\Obj\lvd_6353935867039560245.dir: [17]
    ------------------------------------------------------
    Total:

D:\xczcz\21th-Wheel_Leg\CYT4BB7_Library-master(2)\Seekfree_CYT4BB_Opensource_Library\project\iar\Debug_m7_0\Obj\mcwdt_4052485907822033969.dir: [18]
    ------------------------------------------------------
    Total:

D:\xczcz\21th-Wheel_Leg\CYT4BB7_Library-master(2)\Seekfree_CYT4BB_Opensource_Library\project\iar\Debug_m7_0\Obj\mpu_5663187252346826382.dir: [19]
    ------------------------------------------------------
    Total:

D:\xczcz\21th-Wheel_Leg\CYT4BB7_Library-master(2)\Seekfree_CYT4BB_Opensource_Library\project\iar\Debug_m7_0\Obj\power_14453085144426420577.dir: [20]
    ------------------------------------------------------
    Total:

D:\xczcz\21th-Wheel_Leg\CYT4BB7_Library-master(2)\Seekfree_CYT4BB_Opensource_Library\project\iar\Debug_m7_0\Obj\prot_10722960861768657883.dir: [21]
    ------------------------------------------------------
    Total:

D:\xczcz\21th-Wheel_Leg\CYT4BB7_Library-master(2)\Seekfree_CYT4BB_Opensource_Library\project\iar\Debug_m7_0\Obj\rev_b_4986922561640112550.dir: [22]
    system_tviibh4m_cm7.o            336      168       20
    ------------------------------------------------------
    Total:                           336      168       20

D:\xczcz\21th-Wheel_Leg\CYT4BB7_Library-master(2)\Seekfree_CYT4BB_Opensource_Library\project\iar\Debug_m7_0\Obj\rev_b_6162237342861132223.dir: [23]
    cy_interrupt_map.o               408      229    1'776
    ------------------------------------------------------
    Total:                           408      229    1'776

D:\xczcz\21th-Wheel_Leg\CYT4BB7_Library-master(2)\Seekfree_CYT4BB_Opensource_Library\project\iar\Debug_m7_0\Obj\scb_15490842639181808494.dir: [24]
    cy_scb_spi.o                     496       16
    cy_scb_uart.o                    788       40
    ------------------------------------------------------
    Total:                         1'284       56

D:\xczcz\21th-Wheel_Leg\CYT4BB7_Library-master(2)\Seekfree_CYT4BB_Opensource_Library\project\iar\Debug_m7_0\Obj\sd_host_2982766354293506895.dir: [25]
    ------------------------------------------------------
    Total:

D:\xczcz\21th-Wheel_Leg\CYT4BB7_Library-master(2)\Seekfree_CYT4BB_Opensource_Library\project\iar\Debug_m7_0\Obj\semihosting_143864889731838620.dir: [26]
    ------------------------------------------------------
    Total:

D:\xczcz\21th-Wheel_Leg\CYT4BB7_Library-master(2)\Seekfree_CYT4BB_Opensource_Library\project\iar\Debug_m7_0\Obj\smartio_5451710003740070188.dir: [27]
    ------------------------------------------------------
    Total:

D:\xczcz\21th-Wheel_Leg\CYT4BB7_Library-master(2)\Seekfree_CYT4BB_Opensource_Library\project\iar\Debug_m7_0\Obj\smif_427648126384146252.dir: [28]
    ------------------------------------------------------
    Total:

D:\xczcz\21th-Wheel_Leg\CYT4BB7_Library-master(2)\Seekfree_CYT4BB_Opensource_Library\project\iar\Debug_m7_0\Obj\smif_mem_6470536964353725183.dir: [29]
    ------------------------------------------------------
    Total:

D:\xczcz\21th-Wheel_Leg\CYT4BB7_Library-master(2)\Seekfree_CYT4BB_Opensource_Library\project\iar\Debug_m7_0\Obj\srom_13018798572330080582.dir: [30]
    cy_srom.o                        748      152       24
    ------------------------------------------------------
    Total:                           748      152       24

D:\xczcz\21th-Wheel_Leg\CYT4BB7_Library-master(2)\Seekfree_CYT4BB_Opensource_Library\project\iar\Debug_m7_0\Obj\startup_479057977785470282.dir: [31]
    startup.o                        516       24
    startup_cm7.o                    442               128
    ------------------------------------------------------
    Total:                           958       24      128

D:\xczcz\21th-Wheel_Leg\CYT4BB7_Library-master(2)\Seekfree_CYT4BB_Opensource_Library\project\iar\Debug_m7_0\Obj\sw_timer_4215635015939382130.dir: [32]
    ------------------------------------------------------
    Total:

D:\xczcz\21th-Wheel_Leg\CYT4BB7_Library-master(2)\Seekfree_CYT4BB_Opensource_Library\project\iar\Debug_m7_0\Obj\sysclk_16149231235676103872.dir: [33]
    cy_sysclk.o                    2'280      288       25
    ------------------------------------------------------
    Total:                         2'280      288       25

D:\xczcz\21th-Wheel_Leg\CYT4BB7_Library-master(2)\Seekfree_CYT4BB_Opensource_Library\project\iar\Debug_m7_0\Obj\sysflt_12293435975120599261.dir: [34]
    ------------------------------------------------------
    Total:

D:\xczcz\21th-Wheel_Leg\CYT4BB7_Library-master(2)\Seekfree_CYT4BB_Opensource_Library\project\iar\Debug_m7_0\Obj\sysint_7435970359207984181.dir: [35]
    cy_sysint.o                      172        8
    ------------------------------------------------------
    Total:                           172        8

D:\xczcz\21th-Wheel_Leg\CYT4BB7_Library-master(2)\Seekfree_CYT4BB_Opensource_Library\project\iar\Debug_m7_0\Obj\syslib_16330585751512546975.dir: [36]
    cy_syslib.o                      262               140
    cy_syslib_iar.o                   30
    ------------------------------------------------------
    Total:                           292               140

D:\xczcz\21th-Wheel_Leg\CYT4BB7_Library-master(2)\Seekfree_CYT4BB_Opensource_Library\project\iar\Debug_m7_0\Obj\syspm_10887939769544754770.dir: [37]
    ------------------------------------------------------
    Total:

D:\xczcz\21th-Wheel_Leg\CYT4BB7_Library-master(2)\Seekfree_CYT4BB_Opensource_Library\project\iar\Debug_m7_0\Obj\sysreghc_17676636058511625587.dir: [38]
    ------------------------------------------------------
    Total:

D:\xczcz\21th-Wheel_Leg\CYT4BB7_Library-master(2)\Seekfree_CYT4BB_Opensource_Library\project\iar\Debug_m7_0\Obj\sysreset_14586141425677365288.dir: [39]
    ------------------------------------------------------
    Total:

D:\xczcz\21th-Wheel_Leg\CYT4BB7_Library-master(2)\Seekfree_CYT4BB_Opensource_Library\project\iar\Debug_m7_0\Obj\sysrtc_10747768817563771611.dir: [40]
    ------------------------------------------------------
    Total:

D:\xczcz\21th-Wheel_Leg\CYT4BB7_Library-master(2)\Seekfree_CYT4BB_Opensource_Library\project\iar\Debug_m7_0\Obj\systick_16016591671695740695.dir: [41]
    ------------------------------------------------------
    Total:

D:\xczcz\21th-Wheel_Leg\CYT4BB7_Library-master(2)\Seekfree_CYT4BB_Opensource_Library\project\iar\Debug_m7_0\Obj\syswdt_9118657615806274156.dir: [42]
    ------------------------------------------------------
    Total:

D:\xczcz\21th-Wheel_Leg\CYT4BB7_Library-master(2)\Seekfree_CYT4BB_Opensource_Library\project\iar\Debug_m7_0\Obj\tcpwm_422923530147891246.dir: [43]
    cy_tcpwm.o                        12
    cy_tcpwm_counter.o               440       20
    cy_tcpwm_pwm.o                   522       28
    ------------------------------------------------------
    Total:                           974       48

D:\xczcz\21th-Wheel_Leg\CYT4BB7_Library-master(2)\Seekfree_CYT4BB_Opensource_Library\project\iar\Debug_m7_0\Obj\trigmux_9729677290734583340.dir: [44]
    ------------------------------------------------------
    Total:

D:\xczcz\21th-Wheel_Leg\CYT4BB7_Library-master(2)\Seekfree_CYT4BB_Opensource_Library\project\iar\Debug_m7_0\Obj\user_8514941877209965082.dir: [45]
    cm7_0_isr.o                      306                 4
    main_cm7_0.o                     176       36
    ------------------------------------------------------
    Total:                           482       36        4

D:\xczcz\21th-Wheel_Leg\CYT4BB7_Library-master(2)\Seekfree_CYT4BB_Opensource_Library\project\iar\Debug_m7_0\Obj\zf_common_1201165462030747823.dir: [46]
    zf_common_clock.o                 28                 4
    zf_common_debug.o              1'108      120      112
    zf_common_fifo.o               1'096      124
    zf_common_font.o                        2'072
    zf_common_function.o             116      128
    zf_common_interrupt.o            226                 4
    ------------------------------------------------------
    Total:                         2'574    2'444      120

D:\xczcz\21th-Wheel_Leg\CYT4BB7_Library-master(2)\Seekfree_CYT4BB_Opensource_Library\project\iar\Debug_m7_0\Obj\zf_components_14936052685886095442.dir: [47]
    ------------------------------------------------------
    Total:

D:\xczcz\21th-Wheel_Leg\CYT4BB7_Library-master(2)\Seekfree_CYT4BB_Opensource_Library\project\iar\Debug_m7_0\Obj\zf_device_6570275422786408770.dir: [48]
    zf_device_gnss.o                 276               413
    zf_device_imu660rb.o             468      156       12
    zf_device_ips200.o             2'748      125       14
    zf_device_key.o                  252      128       24
    zf_device_tsl1401.o              124               514
    zf_device_type.o                  68        1        9
    zf_device_uart_receiver.o        364                45
    ------------------------------------------------------
    Total:                         4'300      410    1'031

D:\xczcz\21th-Wheel_Leg\CYT4BB7_Library-master(2)\Seekfree_CYT4BB_Opensource_Library\project\iar\Debug_m7_0\Obj\zf_driver_11922370083829174090.dir: [49]
    zf_driver_adc.o                  116        1       84
    zf_driver_delay.o                644        1        3
    zf_driver_flash.o                516      124    2'049
    zf_driver_gpio.o                 272
    zf_driver_pit.o                  920        7       60
    zf_driver_pwm.o                3'608      124
    zf_driver_spi.o                3'240      126       20
    zf_driver_timer.o                680                 4
    zf_driver_uart.o               2'896      130      464
    ------------------------------------------------------
    Total:                        12'892      513    2'684

dl7M_tln.a: [50]
    abort.o                            6
    exit.o                             4
    heap0.o                          316                 8
    heaptramp0.o                       4
    printf.o                          40
    putchar.o                         32
    sprintf.o                         64
    strncmp.o                         42
    vla_alloc.o                       22
    xfail_s.o                         64                 4
    xgetmemchunk.o                    44                 4
    xprintffull_nomb.o             3'758
    xprout.o                          22
    xsprout.o                         10
    ------------------------------------------------------
    Total:                         4'428                16

m7M_tlv.a: [51]
    DblCmpGe.o                        52
    DblCmpLe.o                        52
    DblDiv.o                          18
    DblMul.o                          18
    DblSub.o                          18
    DblToS32.o                        14
    DblToU32.o                        14
    S32ToDbl.o                        14
    U32ToDbl.o                        14
    atan2f.o                         106
    fpinit_M.o                        34
    frexp.o                          112
    ldexp.o                          260
    xatanf.o                         164
    ------------------------------------------------------
    Total:                           890

rt7M_tl.a: [52]
    ABImemclr4.o                       6
    ABImemcpy.o                      166
    ABImemset.o                      102
    ABImemset48.o                     50
    I64DivMod.o                      560
    I64DivZer.o                        2
    cexit.o                           10
    cmain.o                           30
    cstartup_M.o                      28
    data_init.o                       40
    lz77_init_single.o               126
    memchr.o                          88
    strchr.o                          22
    strlen.o                          54
    strncpy.o                        112
    zero_init3.o                      56
    ------------------------------------------------------
    Total:                         1'452

shb_l.a: [53]
    exit.o                            20
    ------------------------------------------------------
    Total:                            20

    Gaps                              40        8       20
    Linker created                             32    9'216
----------------------------------------------------------
    Grand Total:                  43'636    4'926   17'669


*******************************************************************************
*** ENTRY LIST
***

Entry                       Address   Size  Type      Object
-----                       -------   ----  ----      ------
.iar.init_table$$Base   0x1008'b91c          --   Gb  - Linker created -
.iar.init_table$$Limit  0x1008'b93c          --   Gb  - Linker created -
?main                   0x1008'b9e1         Code  Gb  cmain.o [52]
Aldata                  0x2802'1f54    0x8  Data  Lc  heap0.o [50]
Angle_KD                0x2802'000c    0x4  Data  Gb  balance_control.o [5]
Angle_KP                0x2802'0008    0x4  Data  Gb  balance_control.o [5]
Angle_Velocity          0x1008'7ed5   0x46  Code  Gb  balance_control.o [5]
BusFault_Handler        0x1008'bca1         Code  Wk  startup_cm7.o [31]
CAR_SERVO_CONTROL       0x1008'89ad  0x1ec  Code  Gb  servo.o [5]
CAR_SERVO_CONTROL::speed_to_swing_filter
                        0x2802'2028    0x4  Data  Lc  servo.o [5]
CSTACK$$Base            0x2807'e000          --   Gb  - Linker created -
CSTACK$$Limit           0x2808'0000          --   Gb  - Linker created -
CopyVectorTable         0x1008'a53d   0x34  Code  Lc  startup.o [31]
CpuUserInt0_Handler     0x1008'a71f   0x26  Code  Gb  cy_interrupt_map.o [23]
CpuUserInt10_Handler    0x1008'bcbd         Code  Wk  startup_cm7.o [31]
CpuUserInt11_Handler    0x1008'bcc1         Code  Wk  startup_cm7.o [31]
CpuUserInt12_Handler    0x1008'bcc5         Code  Wk  startup_cm7.o [31]
CpuUserInt13_Handler    0x1008'bcc9         Code  Wk  startup_cm7.o [31]
CpuUserInt14_Handler    0x1008'bccd         Code  Wk  startup_cm7.o [31]
CpuUserInt15_Handler    0x1008'bcd1         Code  Wk  startup_cm7.o [31]
CpuUserInt1_Handler     0x1008'a745   0x26  Code  Gb  cy_interrupt_map.o [23]
CpuUserInt2_Handler     0x1008'a76b   0x26  Code  Gb  cy_interrupt_map.o [23]
CpuUserInt3_Handler     0x1008'a791   0x26  Code  Gb  cy_interrupt_map.o [23]
CpuUserInt4_Handler     0x1008'a7b7   0x26  Code  Gb  cy_interrupt_map.o [23]
CpuUserInt5_Handler     0x1008'a7dd   0x26  Code  Gb  cy_interrupt_map.o [23]
CpuUserInt6_Handler     0x1008'a803   0x26  Code  Gb  cy_interrupt_map.o [23]
CpuUserInt7_Handler     0x1008'a829   0x26  Code  Gb  cy_interrupt_map.o [23]
CpuUserInt8_Handler     0x1008'bcb5         Code  Wk  startup_cm7.o [31]
CpuUserInt9_Handler     0x1008'bcb9         Code  Wk  startup_cm7.o [31]
Cy_DefaultUserHandler   0x1008'a71d    0x2  Code  Gb  cy_interrupt_map.o [23]
Cy_FlashHandler         0x1008'8e7b   0x34  Code  Lc  cy_mw_flash.o [13]
Cy_FlashInit            0x1008'8eaf   0x3c  Code  Gb  cy_mw_flash.o [13]
Cy_FlashSectorErase     0x1008'8eeb   0x7e  Code  Gb  cy_mw_flash.o [13]
Cy_FlashWriteWork       0x1008'8ff5   0xbc  Code  Gb  cy_mw_flash.o [13]
Cy_Flash_BlankCheck     0x1008'975b   0xb4  Code  Gb  cy_flash.o [12]
Cy_Flash_BoundsCheck    0x1008'9611   0x24  Code  Gb  cy_flash.o [12]
Cy_Flash_CallSromApiForFlashWrite
                        0x1008'9401   0x6a  Code  Lc  cy_flash.o [12]
Cy_Flash_EraseSector    0x1008'96f3   0x68  Code  Gb  cy_flash.o [12]
Cy_Flash_IsWorkSmallSector
                        0x1008'9567   0x40  Code  Gb  cy_flash.o [12]
Cy_Flash_MainBoundsCheck
                        0x1008'95a7   0x6a  Code  Gb  cy_flash.o [12]
Cy_Flash_ProcessOpcode  0x1008'9635   0xbe  Code  Gb  cy_flash.o [12]
Cy_Flash_ProgramRow     0x1008'946b   0x92  Code  Gb  cy_flash.o [12]
Cy_Flash_WorkBoundsCheck
                        0x1008'94fd   0x6a  Code  Gb  cy_flash.o [12]
Cy_Flashc_GetMainBankMode
                        0x1008'93df    0xe  Code  Lc  cy_flash.o [12]
Cy_Flashc_GetWorkBankMode
                        0x1008'93d1    0xe  Code  Lc  cy_flash.o [12]
Cy_Flashc_InvalidateFlashCacheBuffer
                        0x1008'93ed   0x14  Code  Lc  cy_flash.o [12]
Cy_Flashc_InvalidateFlashCacheBuffer
                        0x1008'8e4f   0x14  Code  Lc  cy_mw_flash.o [13]
Cy_Flashc_MainWriteEnable
                        0x1008'8e63    0xc  Code  Lc  cy_mw_flash.o [13]
Cy_Flashc_WorkWriteEnable
                        0x1008'8e6f    0xc  Code  Lc  cy_mw_flash.o [13]
Cy_GPIO_ClearInterrupt  0x1008'2987    0xe  Code  Lc  cy_gpio.o [14]
Cy_GPIO_Clr             0x1008'5b0d    0xa  Code  Lc  zf_driver_gpio.o [49]
Cy_GPIO_Pin_Init        0x1008'29cb   0x72  Code  Gb  cy_gpio.o [14]
Cy_GPIO_Read            0x1008'5af9    0xa  Code  Lc  zf_driver_gpio.o [49]
Cy_GPIO_Set             0x1008'5b03    0xa  Code  Lc  zf_driver_gpio.o [49]
Cy_GPIO_SetDriveSel     0x1008'2969   0x1e  Code  Lc  cy_gpio.o [14]
Cy_GPIO_SetDrivemode    0x1008'2919   0x1c  Code  Lc  cy_gpio.o [14]
Cy_GPIO_SetHSIOM        0x1008'28b5   0x4c  Code  Lc  cy_gpio.o [14]
Cy_GPIO_SetInterruptEdge
                        0x1008'29af   0x1c  Code  Lc  cy_gpio.o [14]
Cy_GPIO_SetInterruptMask
                        0x1008'2995   0x1a  Code  Lc  cy_gpio.o [14]
Cy_GPIO_SetSlewRate     0x1008'294f   0x1a  Code  Lc  cy_gpio.o [14]
Cy_GPIO_SetVtrip        0x1008'2935   0x1a  Code  Lc  cy_gpio.o [14]
Cy_GPIO_Write           0x1008'2901   0x18  Code  Lc  cy_gpio.o [14]
Cy_IPC_Drv_AcquireNotify
                        0x1008'987d    0xc  Code  Lc  cy_ipc_drv.o [15]
Cy_IPC_Drv_ClearInterrupt
                        0x1008'912f   0x14  Code  Lc  cy_srom.o [30]
Cy_IPC_Drv_GetInterruptStatusMasked
                        0x1008'912b    0x4  Code  Lc  cy_srom.o [30]
Cy_IPC_Drv_GetIntrBaseAddr
                        0x1008'90e5   0x34  Code  Lc  cy_srom.o [30]
Cy_IPC_Drv_IsLockAcquired
                        0x1008'9143    0x8  Code  Lc  cy_srom.o [30]
Cy_IPC_Drv_LockAcquire  0x1008'9891   0x10  Code  Gb  cy_ipc_drv.o [15]
Cy_IPC_Drv_SendMsgWord_2
                        0x1008'98a1   0x34  Code  Gb  cy_ipc_drv.o [15]
Cy_IPC_Drv_SetInterruptMask
                        0x1008'9119   0x12  Code  Lc  cy_srom.o [30]
Cy_IPC_Drv_WriteData1Value
                        0x1008'988d    0x4  Code  Lc  cy_ipc_drv.o [15]
Cy_IPC_Drv_WriteDataValue
                        0x1008'9889    0x4  Code  Lc  cy_ipc_drv.o [15]
Cy_RestoreIRQ           0x1008'a6f9         Code  Gb  startup_cm7.o [31]
Cy_SCB_ClearRxFifo      0x1008'4123   0x1e  Code  Lc  zf_driver_spi.o [49]
Cy_SCB_ClearRxInterrupt
                        0x1008'2e7b    0xa  Code  Lc  zf_driver_uart.o [49]
Cy_SCB_ClearTxInterrupt
                        0x1008'2e91    0xa  Code  Lc  zf_driver_uart.o [49]
Cy_SCB_GetFifoSize      0x1008'417d   0x12  Code  Lc  zf_driver_spi.o [49]
Cy_SCB_GetNumInRxFifo   0x1008'4119    0xa  Code  Lc  zf_driver_spi.o [49]
Cy_SCB_GetNumInRxFifo   0x1008'2e29    0xa  Code  Lc  zf_driver_uart.o [49]
Cy_SCB_GetNumInTxFifo   0x1008'4147    0xa  Code  Lc  zf_driver_spi.o [49]
Cy_SCB_GetNumInTxFifo   0x1008'2e39    0xa  Code  Lc  zf_driver_uart.o [49]
Cy_SCB_GetRxInterruptMask
                        0x1008'2e75    0x6  Code  Lc  zf_driver_uart.o [49]
Cy_SCB_GetTxInterruptMask
                        0x1008'2e8b    0x6  Code  Lc  zf_driver_uart.o [49]
Cy_SCB_GetTxSrValid     0x1008'4151    0xa  Code  Lc  zf_driver_spi.o [49]
Cy_SCB_GetTxSrValid     0x1008'2e43    0xa  Code  Lc  zf_driver_uart.o [49]
Cy_SCB_IsTxComplete     0x1008'415b   0x22  Code  Lc  zf_driver_spi.o [49]
Cy_SCB_IsTxComplete     0x1008'2e4d   0x22  Code  Lc  zf_driver_uart.o [49]
Cy_SCB_ReadRxFifo       0x1008'2e23    0x6  Code  Lc  zf_driver_uart.o [49]
Cy_SCB_SPI_ClearRxFifo  0x1008'41ad    0x8  Code  Lc  zf_driver_spi.o [49]
Cy_SCB_SPI_Enable       0x1008'418f    0xa  Code  Lc  zf_driver_spi.o [49]
Cy_SCB_SPI_GetNumInRxFifo
                        0x1008'41a5    0x8  Code  Lc  zf_driver_spi.o [49]
Cy_SCB_SPI_Init         0x1008'4dc1  0x1d8  Code  Gb  cy_scb_spi.o [24]
Cy_SCB_SPI_SetActiveSlaveSelect
                        0x1008'4199    0xc  Code  Lc  zf_driver_spi.o [49]
Cy_SCB_SetRxInterruptMask
                        0x1008'2e6f    0x6  Code  Lc  zf_driver_uart.o [49]
Cy_SCB_SetTxInterruptMask
                        0x1008'2e85    0x6  Code  Lc  zf_driver_uart.o [49]
Cy_SCB_UART_DeInit      0x1008'3fa9   0x5c  Code  Gb  cy_scb_uart.o [24]
Cy_SCB_UART_Enable      0x1008'2e9b    0xa  Code  Lc  zf_driver_uart.o [49]
Cy_SCB_UART_Init        0x1008'3d25  0x284  Code  Gb  cy_scb_uart.o [24]
Cy_SCB_WriteTxFifo      0x1008'4141    0x6  Code  Lc  zf_driver_spi.o [49]
Cy_SCB_WriteTxFifo      0x1008'2e33    0x6  Code  Lc  zf_driver_uart.o [49]
Cy_SaveIRQ              0x1008'a6f1         Code  Gb  startup_cm7.o [31]
Cy_Srom_CallApi         0x1008'914b   0xb8  Code  Gb  cy_srom.o [30]
Cy_Srom_CallApi_NonBlock
                        0x1008'9203   0x66  Code  Gb  cy_srom.o [30]
Cy_Srom_ConvertRespToStatus
                        0x1008'92cf   0x1e  Code  Gb  cy_srom.o [30]
Cy_Srom_GetApiResponse  0x1008'9299   0x36  Code  Gb  cy_srom.o [30]
Cy_Srom_GetResponseType
                        0x1008'9269   0x30  Code  Gb  cy_srom.o [30]
Cy_Srom_ISR_ResponseIPC
                        0x1008'9349   0x58  Code  Lc  cy_srom.o [30]
Cy_Srom_SetResponseHandler
                        0x1008'92ed   0x5a  Code  Gb  cy_srom.o [30]
Cy_SysClk_CheckDividerExisting
                        0x1008'5c09   0x2a  Code  Lc  zf_driver_delay.o [49]
Cy_SysClk_CheckDividerExisting
                        0x1008'98dd   0x2c  Code  Lc  zf_driver_pit.o [49]
Cy_SysClk_CheckDividerExisting
                        0x1008'15e1   0x2c  Code  Lc  zf_driver_pwm.o [49]
Cy_SysClk_CheckDividerExisting
                        0x1008'41b5   0x2c  Code  Lc  zf_driver_spi.o [49]
Cy_SysClk_CheckDividerExisting
                        0x1008'9c75   0x2a  Code  Lc  zf_driver_timer.o [49]
Cy_SysClk_CheckDividerExisting
                        0x1008'2c7f   0x2c  Code  Lc  zf_driver_uart.o [49]
Cy_SysClk_ClkPathGetSource
                        0x1008'6f91   0x54  Code  Gb  cy_sysclk.o [33]
Cy_SysClk_EcoGetStatus  0x1008'6e1d   0x1a  Code  Lc  cy_sysclk.o [33]
Cy_SysClk_Fast0ClkGetDivider
                        0x1008'6f65   0x16  Code  Lc  cy_sysclk.o [33]
Cy_SysClk_Fast1ClkGetDivider
                        0x1008'6f7b   0x16  Code  Lc  cy_sysclk.o [33]
Cy_SysClk_FllGetConfiguration
                        0x1008'6fed   0x7e  Code  Gb  cy_sysclk.o [33]
Cy_SysClk_FllGetLockStatus
                        0x1008'6e37    0xc  Code  Lc  cy_sysclk.o [33]
Cy_SysClk_GetClockGroup
                        0x1008'5cb1    0x8  Code  Lc  zf_driver_delay.o [49]
Cy_SysClk_GetClockGroup
                        0x1008'998b    0x8  Code  Lc  zf_driver_pit.o [49]
Cy_SysClk_GetClockGroup
                        0x1008'168f    0x8  Code  Lc  zf_driver_pwm.o [49]
Cy_SysClk_GetClockGroup
                        0x1008'4299    0x8  Code  Lc  zf_driver_spi.o [49]
Cy_SysClk_GetClockGroup
                        0x1008'9d1d    0x8  Code  Lc  zf_driver_timer.o [49]
Cy_SysClk_GetClockGroup
[...]
ips200_write_command    0x1008'4fbb   0x5e  Code  Lc  zf_device_ips200.o [48]
ips200_write_data       0x1008'4fb1    0xa  Code  Lc  zf_device_ips200.o [48]
ips_bl_pin              0x2802'07cd    0x1  Data  Lc  zf_device_ips200.o [48]
ips_cs_pin              0x2802'07ce    0x1  Data  Lc  zf_device_ips200.o [48]
ips_rst_pin             0x2802'07cc    0x1  Data  Lc  zf_device_ips200.o [48]
key_index               0x1008'bc94    0x4  Data  Lc  zf_device_key.o [48]
key_init                0x1008'ac17   0x4a  Code  Gb  zf_device_key.o [48]
key_press_time          0x2802'1ed0   0x10  Data  Lc  zf_device_key.o [48]
key_scanner             0x1008'ab7d   0x9a  Code  Gb  zf_device_key.o [48]
key_state               0x2802'204c    0x4  Data  Lc  zf_device_key.o [48]
last_ch4_state          0x2802'0724    0x4  Data  Lc  remote_control.o [5]
last_ch5_state          0x2802'0720    0x4  Data  Lc  remote_control.o [5]
last_ch6_state          0x2802'201c    0x4  Data  Lc  remote_control.o [5]
last_raw_yaw            0x2802'1ffc    0x4  Data  Lc  quaternion.o [5]
last_recorded_distance  0x2802'1fb8    0x4  Data  Lc  pure_nav.o [5]
ldexp                   0x1008'1231         Code  Gb  ldexp.o [51]
ldexpl                  0x1008'1231         Code  Gb  ldexp.o [51]
lunOUT                  0x2802'1f84    0x4  Data  Gb  balance_control.o [5]
main                    0x1008'af65   0xb0  Code  Gb  main_cm7_0.o [45]
map_rc_channel          0x1008'9f1d   0x66  Code  Lc  remote_control.o [5]
memchr                  0x1008'1045         Code  Gb  memchr.o [52]
motor_value             0x2802'1e84   0x14  Data  Gb  small_driver_uart_control.o [5]
pidJ                    0x2802'1e48   0x14  Data  Gb  balance_control.o [5]
pidJV                   0x2802'1e5c   0x14  Data  Gb  balance_control.o [5]
pidv                    0x2802'1e34   0x14  Data  Gb  balance_control.o [5]
pit0_ch0_isr            0x1008'aa49   0x2c  Code  Gb  cm7_0_isr.o [45]
pit0_ch0_isr::count1    0x2802'1fa4    0x4  Data  Lc  cm7_0_isr.o [45]
pit0_ch10_isr           0x1008'aa8d    0xa  Code  Gb  cm7_0_isr.o [45]
pit0_ch11_isr           0x1008'aa97    0xa  Code  Gb  cm7_0_isr.o [45]
pit0_ch12_isr           0x1008'aaa1    0xa  Code  Gb  cm7_0_isr.o [45]
pit0_ch13_isr           0x1008'aaab    0xa  Code  Gb  cm7_0_isr.o [45]
pit0_ch14_isr           0x1008'aab5    0xa  Code  Gb  cm7_0_isr.o [45]
pit0_ch15_isr           0x1008'aabf    0xa  Code  Gb  cm7_0_isr.o [45]
pit0_ch16_isr           0x1008'aac9    0xa  Code  Gb  cm7_0_isr.o [45]
pit0_ch17_isr           0x1008'aad3    0xa  Code  Gb  cm7_0_isr.o [45]
pit0_ch18_isr           0x1008'aadd    0xa  Code  Gb  cm7_0_isr.o [45]
pit0_ch19_isr           0x1008'aae7    0xa  Code  Gb  cm7_0_isr.o [45]
pit0_ch1_isr            0x1008'aa75    0xe  Code  Gb  cm7_0_isr.o [45]
pit0_ch20_isr           0x1008'aaf1    0xa  Code  Gb  cm7_0_isr.o [45]
pit0_ch21_isr           0x1008'aafb    0xe  Code  Gb  cm7_0_isr.o [45]
pit0_ch2_isr            0x1008'aa83    0xa  Code  Gb  cm7_0_isr.o [45]
pit_init                0x1008'9a71  0x1ee  Code  Gb  zf_driver_pit.o [49]
pit_isr_flag_clear      0x1008'9a47   0x2a  Code  Gb  zf_driver_pit.o [49]
pit_isr_func            0x2802'073c   0x3c  Data  Gb  zf_driver_pit.o [49]
playback_index          0x2802'2062    0x2  Data  Gb  pure_nav.o [5]
printf                  0x1008'8de1   0x28  Code  Gb  printf.o [50]
programSizeBytesLut     0x1008'bb00   0x14  Data  Lc  cy_flash.o [12]
pure_nav_init           0x1008'8421   0x60  Code  Gb  pure_nav.o [5]
pure_nav_logic_tick     0x1008'84fd  0x1ac  Code  Gb  pure_nav.o [5]
pure_nav_save_to_flash  0x1008'83bd   0x64  Code  Gb  pure_nav.o [5]
pure_nav_set_state      0x1008'8481   0x7a  Code  Gb  pure_nav.o [5]
pure_nav_speed_out      0x2802'1fbc    0x4  Data  Gb  pure_nav.o [5]
pure_nav_state          0x2802'2075    0x1  Data  Gb  pure_nav.o [5]
pure_nav_yaw_out        0x2802'1fc0    0x4  Data  Gb  pure_nav.o [5]
pure_path_buffer        0x2802'0fd0  0x7d0  Data  Gb  pure_nav.o [5]
pure_total_distance     0x2802'1fb4    0x4  Data  Gb  pure_nav.o [5]
pure_waypoint_count     0x2802'2060    0x2  Data  Gb  pure_nav.o [5]
putchar                 0x1008'b99d   0x20  Code  Gb  putchar.o [50]
pwm_all_channel_close   0x1008'2191   0x1a  Code  Gb  zf_driver_pwm.o [49]
pwm_init                0x1008'2205  0x1e4  Code  Gb  zf_driver_pwm.o [49]
pwm_set_duty            0x1008'21ab   0x5a  Code  Gb  zf_driver_pwm.o [49]
q0                      0x2802'0708    0x4  Data  Gb  quaternion.o [5]
q1                      0x2802'1fcc    0x4  Data  Gb  quaternion.o [5]
q2                      0x2802'1fd0    0x4  Data  Gb  quaternion.o [5]
q3                      0x2802'1fd4    0x4  Data  Gb  quaternion.o [5]
q_rsqrt                 0x1008'62dd   0x32  Code  Gb  quaternion.o [5]
remote_control_process  0x1008'9f85  0x1b4  Code  Gb  remote_control.o [5]
sar_adc                 0x2802'0730    0xc  Data  Lc  zf_driver_adc.o [49]
scalbln                 0x1008'1231         Code  Gb  ldexp.o [51]
scalblnl                0x1008'1231         Code  Gb  ldexp.o [51]
scalbn                  0x1008'1231         Code  Gb  ldexp.o [51]
scalbnl                 0x1008'1231         Code  Gb  ldexp.o [51]
scale                   0x1008'0e61   0x46  Code  Lc  xprintffull_nomb.o [50]
scanner_period          0x2802'2048    0x4  Data  Lc  zf_device_key.o [48]
scb_module              0x2802'07a4   0x1c  Data  Gb  zf_driver_uart.o [49]
sec_hand                0x2802'205c    0x4  Data  Lc  xfail_s.o [50]
servo_init              0x1008'8891   0x9c  Code  Gb  servo.o [5]
set_wireless_type       0x1008'aa07   0x32  Code  Gb  zf_device_type.o [48]
small_driver_get_speed  0x1008'8809   0x2a  Code  Gb  small_driver_uart_control.o [5]
small_driver_init       0x1008'8833   0x2e  Code  Gb  small_driver_uart_control.o [5]
small_driver_set_duty   0x1008'87c7   0x42  Code  Gb  small_driver_uart_control.o [5]
small_driver_uart_init  0x1008'8865   0x2a  Code  Gb  small_driver_uart_control.o [5]
speed_Temp              0x2802'1f5c    0x4  Data  Gb  balance_control.o [5]
speed_Velocity          0x1008'7e61   0x74  Code  Gb  balance_control.o [5]
speedout                0x2802'1f7c    0x4  Data  Gb  balance_control.o [5]
speedring_KI            0x2802'0004    0x4  Data  Gb  balance_control.o [5]
speedring_KP            0x2802'0000    0x4  Data  Gb  balance_control.o [5]
spi_get_clk_hsiom       0x1008'4415   0x28  Code  Lc  zf_driver_spi.o [49]
spi_get_clk_pin         0x1008'4359   0x28  Code  Lc  zf_driver_spi.o [49]
spi_get_cs_hsiom        0x1008'448d   0x44  Code  Lc  zf_driver_spi.o [49]
spi_get_cs_pin          0x1008'43d1   0x44  Code  Lc  zf_driver_spi.o [49]
spi_get_miso_hsiom      0x1008'4465   0x28  Code  Lc  zf_driver_spi.o [49]
spi_get_miso_pin        0x1008'43a9   0x28  Code  Lc  zf_driver_spi.o [49]
spi_get_mosi_hsiom      0x1008'443d   0x28  Code  Lc  zf_driver_spi.o [49]
spi_get_mosi_pin        0x1008'4381   0x28  Code  Lc  zf_driver_spi.o [49]
spi_init                0x1008'4af9  0x2b2  Code  Gb  zf_driver_spi.o [49]
spi_module              0x2802'0778   0x10  Data  Gb  zf_driver_spi.o [49]
spi_read_8bit_register  0x1008'48fd   0xea  Code  Gb  zf_driver_spi.o [49]
spi_read_8bit_registers
                        0x1008'49e7   0xfe  Code  Gb  zf_driver_spi.o [49]
spi_write_16bit         0x1008'46b7   0xaa  Code  Gb  zf_driver_spi.o [49]
spi_write_16bit_array   0x1008'4761   0xb6  Code  Gb  zf_driver_spi.o [49]
spi_write_8bit          0x1008'460d   0xaa  Code  Gb  zf_driver_spi.o [49]
spi_write_8bit_register
                        0x1008'4817   0xde  Code  Gb  zf_driver_spi.o [49]
sprintf                 0x1008'37b1   0x40  Code  Gb  sprintf.o [50]
steer_output_duty       0x2802'2024    0x4  Data  Gb  servo.o [5]
strchr                  0x1008'0fad         Code  Gb  strchr.o [52]
strlen                  0x1008'100d         Code  Gb  strlen.o [52]
strncmp                 0x1008'ae7d   0x2a  Code  Gb  strncmp.o [50]
strncpy                 0x1008'7705         Code  Gb  strncpy.o [52]
switch_transition_length
                        0x1008'44d1  0x13c  Code  Lc  zf_driver_spi.o [49]
system_clock            0x2802'2040    0x4  Data  Gb  zf_common_clock.o [46]
system_delay_init       0x1008'5dcb   0xa6  Code  Gb  zf_driver_delay.o [49]
system_delay_ms         0x1008'5d6d   0x5e  Code  Gb  zf_driver_delay.o [49]
time_init               0x1008'af4d   0x18  Code  Gb  initialize.o [5]
timer_ch                0x2802'07cf    0x1  Data  Lc  zf_driver_delay.o [49]
timer_clear             0x1008'9e2f   0x16  Code  Gb  zf_driver_timer.o [49]
timer_get               0x1008'9e01   0x2e  Code  Gb  zf_driver_timer.o [49]
timer_init              0x1008'9e45   0xc8  Code  Gb  zf_driver_timer.o [49]
timer_start             0x1008'9dd9   0x28  Code  Gb  zf_driver_timer.o [49]
tsl1401_collect_pit_handler
                        0x1008'ac79   0x68  Code  Gb  zf_device_tsl1401.o [48]
tsl1401_data            0x2802'17a0  0x200  Data  Gb  zf_device_tsl1401.o [48]
tsl1401_finish_flag     0x2802'2081    0x1  Data  Gb  zf_device_tsl1401.o [48]
tsl1401_init_state      0x2802'2080    0x1  Data  Lc  zf_device_tsl1401.o [48]
turn_out_global         0x2802'2020    0x4  Data  Gb  remote_control.o [5]
type_default_callback   0x1008'aa05    0x2  Code  Lc  zf_device_type.o [48]
uart0_isr               0x1008'ab09   0x12  Code  Gb  cm7_0_isr.o [45]
uart1_isr               0x1008'ab1b   0x14  Code  Gb  cm7_0_isr.o [45]
uart2_isr               0x1008'ab39   0x12  Code  Gb  cm7_0_isr.o [45]
uart3_isr               0x1008'ab4b    0xa  Code  Gb  cm7_0_isr.o [45]
uart4_isr               0x1008'ab55   0x12  Code  Gb  cm7_0_isr.o [45]
uart5_isr               0x1008'ab67    0xa  Code  Gb  cm7_0_isr.o [45]
uart6_isr               0x1008'ab71    0xa  Code  Gb  cm7_0_isr.o [45]
uart_context            0x2802'19a0  0x188  Data  Gb  zf_driver_uart.o [49]
uart_control_callback   0x1008'8715   0xb2  Code  Gb  small_driver_uart_control.o [5]
uart_data_buffer        0x2802'1f44    0x8  Data  Lc  zf_driver_uart.o [49]
uart_data_refresh       0x2802'1f4c    0x8  Data  Lc  zf_driver_uart.o [49]
uart_init               0x1008'35a7  0x1c0  Code  Gb  zf_driver_uart.o [49]
uart_isr_func           0x2802'0788   0x1c  Data  Gb  zf_driver_uart.o [49]
uart_isr_mask           0x1008'2ea5   0x80  Code  Gb  zf_driver_uart.o [49]
uart_query_byte         0x1008'318f   0x30  Code  Gb  zf_driver_uart.o [49]
uart_receiver           0x2802'1ee0   0x10  Data  Gb  zf_device_uart_receiver.o [48]
uart_receiver_analysis  0x1008'a8ad   0xcc  Code  Lc  zf_device_uart_receiver.o [48]
uart_receiver_callback  0x1008'a979   0x4a  Code  Gb  zf_device_uart_receiver.o [48]
uart_receiver_callback::length
                        0x2802'2083    0x1  Data  Lc  zf_device_uart_receiver.o [48]
uart_receiver_data      0x2802'1da0   0x1c  Data  Gb  zf_device_uart_receiver.o [48]
uart_receiver_handler   0x2802'072c    0x4  Data  Gb  zf_device_type.o [48]
uart_receiver_init      0x1008'a9c3   0x2e  Code  Gb  zf_device_uart_receiver.o [48]
uart_receiver_interval_time
                        0x1008'a899   0x14  Code  Lc  zf_device_uart_receiver.o [48]
uart_rx_interrupt       0x1008'32db   0xfe  Code  Gb  zf_driver_uart.o [49]
uart_sbus_init          0x1008'33d9  0x1ce  Code  Gb  zf_driver_uart.o [49]
uart_tx_interrupt       0x1008'31bf  0x11c  Code  Gb  zf_driver_uart.o [49]
uart_write_buffer       0x1008'3155   0x1e  Code  Gb  zf_driver_uart.o [49]
uart_write_byte         0x1008'312d   0x28  Code  Gb  zf_driver_uart.o [49]
uart_write_string       0x1008'3173   0x1c  Code  Gb  zf_driver_uart.o [49]
vecx_Z                  0x2802'1fd8    0x4  Data  Gb  quaternion.o [5]
vecy1_Z                 0x2802'1fdc    0x4  Data  Gb  quaternion.o [5]
vecy2_Z                 0x2802'1fe0    0x4  Data  Gb  quaternion.o [5]
vecz1_Z                 0x2802'1fe4    0x4  Data  Gb  quaternion.o [5]
vecz2_Z                 0x2802'1fe8    0x4  Data  Gb  quaternion.o [5]
wireless_module_uart_handler
                        0x2802'0728    0x4  Data  Gb  zf_device_type.o [48]
wireless_type           0x2802'2082    0x1  Data  Gb  zf_device_type.o [48]
yaw_cumulative_offset   0x2802'2000    0x4  Data  Lc  quaternion.o [5]
zf_debug_assert_enable  0x2802'07ca    0x1  Data  Lc  zf_common_debug.o [46]
zf_debug_init_flag      0x2802'2076    0x1  Data  Lc  zf_common_debug.o [46]


[1] = D:\xczcz\21th-Wheel_Leg\CYT4BB7_Library-master(2)\Seekfree_CYT4BB_Opensource_Library\project\iar\Debug_m7_0\Obj\adc_11722776235721520015.dir
[2] = D:\xczcz\21th-Wheel_Leg\CYT4BB7_Library-master(2)\Seekfree_CYT4BB_Opensource_Library\project\iar\Debug_m7_0\Obj\audioss_1346650047966882938.dir
[3] = D:\xczcz\21th-Wheel_Leg\CYT4BB7_Library-master(2)\Seekfree_CYT4BB_Opensource_Library\project\iar\Debug_m7_0\Obj\button_4990804375159372270.dir
[4] = D:\xczcz\21th-Wheel_Leg\CYT4BB7_Library-master(2)\Seekfree_CYT4BB_Opensource_Library\project\iar\Debug_m7_0\Obj\canfd_1800690984773873875.dir
[5] = D:\xczcz\21th-Wheel_Leg\CYT4BB7_Library-master(2)\Seekfree_CYT4BB_Opensource_Library\project\iar\Debug_m7_0\Obj\code_17896468042025673432.dir
[6] = D:\xczcz\21th-Wheel_Leg\CYT4BB7_Library-master(2)\Seekfree_CYT4BB_Opensource_Library\project\iar\Debug_m7_0\Obj\cpu_15938736945165268644.dir
[7] = D:\xczcz\21th-Wheel_Leg\CYT4BB7_Library-master(2)\Seekfree_CYT4BB_Opensource_Library\project\iar\Debug_m7_0\Obj\crypto_1190170608956581615.dir
[8] = D:\xczcz\21th-Wheel_Leg\CYT4BB7_Library-master(2)\Seekfree_CYT4BB_Opensource_Library\project\iar\Debug_m7_0\Obj\dma_12106025507578611576.dir
[9] = D:\xczcz\21th-Wheel_Leg\CYT4BB7_Library-master(2)\Seekfree_CYT4BB_Opensource_Library\project\iar\Debug_m7_0\Obj\eth_phy_18133017486186456677.dir
[10] = D:\xczcz\21th-Wheel_Leg\CYT4BB7_Library-master(2)\Seekfree_CYT4BB_Opensource_Library\project\iar\Debug_m7_0\Obj\ethernet_6029839089178797009.dir
[11] = D:\xczcz\21th-Wheel_Leg\CYT4BB7_Library-master(2)\Seekfree_CYT4BB_Opensource_Library\project\iar\Debug_m7_0\Obj\evtgen_3404189088603873129.dir
[12] = D:\xczcz\21th-Wheel_Leg\CYT4BB7_Library-master(2)\Seekfree_CYT4BB_Opensource_Library\project\iar\Debug_m7_0\Obj\flash_8529866181315662935.dir
[13] = D:\xczcz\21th-Wheel_Leg\CYT4BB7_Library-master(2)\Seekfree_CYT4BB_Opensource_Library\project\iar\Debug_m7_0\Obj\flash_864493325053435817.dir
[14] = D:\xczcz\21th-Wheel_Leg\CYT4BB7_Library-master(2)\Seekfree_CYT4BB_Opensource_Library\project\iar\Debug_m7_0\Obj\gpio_3999404635324069351.dir
[15] = D:\xczcz\21th-Wheel_Leg\CYT4BB7_Library-master(2)\Seekfree_CYT4BB_Opensource_Library\project\iar\Debug_m7_0\Obj\ipc_10145506163450686023.dir
[16] = D:\xczcz\21th-Wheel_Leg\CYT4BB7_Library-master(2)\Seekfree_CYT4BB_Opensource_Library\project\iar\Debug_m7_0\Obj\lin_18429031207028094880.dir
[17] = D:\xczcz\21th-Wheel_Leg\CYT4BB7_Library-master(2)\Seekfree_CYT4BB_Opensource_Library\project\iar\Debug_m7_0\Obj\lvd_6353935867039560245.dir
[18] = D:\xczcz\21th-Wheel_Leg\CYT4BB7_Library-master(2)\Seekfree_CYT4BB_Opensource_Library\project\iar\Debug_m7_0\Obj\mcwdt_4052485907822033969.dir
[19] = D:\xczcz\21th-Wheel_Leg\CYT4BB7_Library-master(2)\Seekfree_CYT4BB_Opensource_Library\project\iar\Debug_m7_0\Obj\mpu_5663187252346826382.dir
[20] = D:\xczcz\21th-Wheel_Leg\CYT4BB7_Library-master(2)\Seekfree_CYT4BB_Opensource_Library\project\iar\Debug_m7_0\Obj\power_14453085144426420577.dir
[21] = D:\xczcz\21th-Wheel_Leg\CYT4BB7_Library-master(2)\Seekfree_CYT4BB_Opensource_Library\project\iar\Debug_m7_0\Obj\prot_10722960861768657883.dir
[22] = D:\xczcz\21th-Wheel_Leg\CYT4BB7_Library-master(2)\Seekfree_CYT4BB_Opensource_Library\project\iar\Debug_m7_0\Obj\rev_b_4986922561640112550.dir
[23] = D:\xczcz\21th-Wheel_Leg\CYT4BB7_Library-master(2)\Seekfree_CYT4BB_Opensource_Library\project\iar\Debug_m7_0\Obj\rev_b_6162237342861132223.dir
[24] = D:\xczcz\21th-Wheel_Leg\CYT4BB7_Library-master(2)\Seekfree_CYT4BB_Opensource_Library\project\iar\Debug_m7_0\Obj\scb_15490842639181808494.dir
[25] = D:\xczcz\21th-Wheel_Leg\CYT4BB7_Library-master(2)\Seekfree_CYT4BB_Opensource_Library\project\iar\Debug_m7_0\Obj\sd_host_2982766354293506895.dir
[26] = D:\xczcz\21th-Wheel_Leg\CYT4BB7_Library-master(2)\Seekfree_CYT4BB_Opensource_Library\project\iar\Debug_m7_0\Obj\semihosting_143864889731838620.dir
[27] = D:\xczcz\21th-Wheel_Leg\CYT4BB7_Library-master(2)\Seekfree_CYT4BB_Opensource_Library\project\iar\Debug_m7_0\Obj\smartio_5451710003740070188.dir
[28] = D:\xczcz\21th-Wheel_Leg\CYT4BB7_Library-master(2)\Seekfree_CYT4BB_Opensource_Library\project\iar\Debug_m7_0\Obj\smif_427648126384146252.dir
[29] = D:\xczcz\21th-Wheel_Leg\CYT4BB7_Library-master(2)\Seekfree_CYT4BB_Opensource_Library\project\iar\Debug_m7_0\Obj\smif_mem_6470536964353725183.dir
[30] = D:\xczcz\21th-Wheel_Leg\CYT4BB7_Library-master(2)\Seekfree_CYT4BB_Opensource_Library\project\iar\Debug_m7_0\Obj\srom_13018798572330080582.dir
[31] = D:\xczcz\21th-Wheel_Leg\CYT4BB7_Library-master(2)\Seekfree_CYT4BB_Opensource_Library\project\iar\Debug_m7_0\Obj\startup_479057977785470282.dir
[32] = D:\xczcz\21th-Wheel_Leg\CYT4BB7_Library-master(2)\Seekfree_CYT4BB_Opensource_Library\project\iar\Debug_m7_0\Obj\sw_timer_4215635015939382130.dir
[33] = D:\xczcz\21th-Wheel_Leg\CYT4BB7_Library-master(2)\Seekfree_CYT4BB_Opensource_Library\project\iar\Debug_m7_0\Obj\sysclk_16149231235676103872.dir
[34] = D:\xczcz\21th-Wheel_Leg\CYT4BB7_Library-master(2)\Seekfree_CYT4BB_Opensource_Library\project\iar\Debug_m7_0\Obj\sysflt_12293435975120599261.dir
[35] = D:\xczcz\21th-Wheel_Leg\CYT4BB7_Library-master(2)\Seekfree_CYT4BB_Opensource_Library\project\iar\Debug_m7_0\Obj\sysint_7435970359207984181.dir
[36] = D:\xczcz\21th-Wheel_Leg\CYT4BB7_Library-master(2)\Seekfree_CYT4BB_Opensource_Library\project\iar\Debug_m7_0\Obj\syslib_16330585751512546975.dir
[37] = D:\xczcz\21th-Wheel_Leg\CYT4BB7_Library-master(2)\Seekfree_CYT4BB_Opensource_Library\project\iar\Debug_m7_0\Obj\syspm_10887939769544754770.dir
[38] = D:\xczcz\21th-Wheel_Leg\CYT4BB7_Library-master(2)\Seekfree_CYT4BB_Opensource_Library\project\iar\Debug_m7_0\Obj\sysreghc_17676636058511625587.dir
[39] = D:\xczcz\21th-Wheel_Leg\CYT4BB7_Library-master(2)\Seekfree_CYT4BB_Opensource_Library\project\iar\Debug_m7_0\Obj\sysreset_14586141425677365288.dir
[40] = D:\xczcz\21th-Wheel_Leg\CYT4BB7_Library-master(2)\Seekfree_CYT4BB_Opensource_Library\project\iar\Debug_m7_0\Obj\sysrtc_10747768817563771611.dir
[41] = D:\xczcz\21th-Wheel_Leg\CYT4BB7_Library-master(2)\Seekfree_CYT4BB_Opensource_Library\project\iar\Debug_m7_0\Obj\systick_16016591671695740695.dir
[42] = D:\xczcz\21th-Wheel_Leg\CYT4BB7_Library-master(2)\Seekfree_CYT4BB_Opensource_Library\project\iar\Debug_m7_0\Obj\syswdt_9118657615806274156.dir
[43] = D:\xczcz\21th-Wheel_Leg\CYT4BB7_Library-master(2)\Seekfree_CYT4BB_Opensource_Library\project\iar\Debug_m7_0\Obj\tcpwm_422923530147891246.dir
[44] = D:\xczcz\21th-Wheel_Leg\CYT4BB7_Library-master(2)\Seekfree_CYT4BB_Opensource_Library\project\iar\Debug_m7_0\Obj\trigmux_9729677290734583340.dir
[45] = D:\xczcz\21th-Wheel_Leg\CYT4BB7_Library-master(2)\Seekfree_CYT4BB_Opensource_Library\project\iar\Debug_m7_0\Obj\user_8514941877209965082.dir
[46] = D:\xczcz\21th-Wheel_Leg\CYT4BB7_Library-master(2)\Seekfree_CYT4BB_Opensource_Library\project\iar\Debug_m7_0\Obj\zf_common_1201165462030747823.dir
[47] = D:\xczcz\21th-Wheel_Leg\CYT4BB7_Library-master(2)\Seekfree_CYT4BB_Opensource_Library\project\iar\Debug_m7_0\Obj\zf_components_14936052685886095442.dir
[48] = D:\xczcz\21th-Wheel_Leg\CYT4BB7_Library-master(2)\Seekfree_CYT4BB_Opensource_Library\project\iar\Debug_m7_0\Obj\zf_device_6570275422786408770.dir
[49] = D:\xczcz\21th-Wheel_Leg\CYT4BB7_Library-master(2)\Seekfree_CYT4BB_Opensource_Library\project\iar\Debug_m7_0\Obj\zf_driver_11922370083829174090.dir
[50] = dl7M_tln.a
[51] = m7M_tlv.a
[52] = rt7M_tl.a
[53] = shb_l.a
[54] = zf_device_config.a

  43'636 bytes of readonly  code memory
   4'926 bytes of readonly  data memory
  17'669 bytes of readwrite data memory

Errors: none
Warnings: none
