###############################################################################
#
# IAR ELF Linker V9.40.1.364/W64 for ARM                  17/Mar/2026  21:44:52
# Copyright 2007-2023 IAR Systems AB.
#
#    Output file  =
#        D:\xczcz\21th-Wheel_Leg\CYT4BB7_Library-master(2)\Seekfree_CYT4BB_Opensource_Library\project\iar\project_config\Debug_m7_0\Exe\cyt4bb7_cm_7_0.out
#    Map file     =
#        D:\xczcz\21th-Wheel_Leg\CYT4BB7_Library-master(2)\Seekfree_CYT4BB_Opensource_Library\project\iar\Debug_m7_0\List\cyt4bb7_cm_7_0.map
#    Command line =
#        -f
#        "D:\xczcz\21th-Wheel_Leg\CYT4BB7_Library-master(2)\Seekfree_CYT4BB_Opensource_Library\project\iar\project_config\Debug_m7_0\Exe\cyt4bb7_cm_7_0.out.rsp"
#        ("D:\xczcz\21th-Wheel_Leg\CYT4BB7_Library-master(2)\Seekfree_CYT4BB_Opensource_Library\project\iar\Debug_m7_0\Obj\code_17896468042025673432.dir\balance_control.o"
#        "D:\xczcz\21th-Wheel_Leg\CYT4BB7_Library-master(2)\Seekfree_CYT4BB_Opensource_Library\project\iar\Debug_m7_0\Obj\user_8514941877209965082.dir\cm7_0_isr.o"
#        "D:\xczcz\21th-Wheel_Leg\CYT4BB7_Library-master(2)\Seekfree_CYT4BB_Opensource_Library\project\iar\Debug_m7_0\Obj\adc_11722776235721520015.dir\cy_adc.o"
#        "D:\xczcz\21th-Wheel_Leg\CYT4BB7_Library-master(2)\Seekfree_CYT4BB_Opensource_Library\project\iar\Debug_m7_0\Obj\button_4990804375159372270.dir\cy_button.o"
#        "D:\xczcz\21th-Wheel_Leg\CYT4BB7_Library-master(2)\Seekfree_CYT4BB_Opensource_Library\project\iar\Debug_m7_0\Obj\canfd_1800690984773873875.dir\cy_canfd.o"
#        "D:\xczcz\21th-Wheel_Leg\CYT4BB7_Library-master(2)\Seekfree_CYT4BB_Opensource_Library\project\iar\Debug_m7_0\Obj\cpu_15938736945165268644.dir\cy_cpu.o"
#        "D:\xczcz\21th-Wheel_Leg\CYT4BB7_Library-master(2)\Seekfree_CYT4BB_Opensource_Library\project\iar\Debug_m7_0\Obj\crypto_1190170608956581615.dir\cy_crypto_config.o"
#        "D:\xczcz\21th-Wheel_Leg\CYT4BB7_Library-master(2)\Seekfree_CYT4BB_Opensource_Library\project\iar\Debug_m7_0\Obj\eth_phy_18133017486186456677.dir\cy_dp83867.o"
#        "D:\xczcz\21th-Wheel_Leg\CYT4BB7_Library-master(2)\Seekfree_CYT4BB_Opensource_Library\project\iar\Debug_m7_0\Obj\ethernet_6029839089178797009.dir\cy_ethif.o"
#        "D:\xczcz\21th-Wheel_Leg\CYT4BB7_Library-master(2)\Seekfree_CYT4BB_Opensource_Library\project\iar\Debug_m7_0\Obj\evtgen_3404189088603873129.dir\cy_evtgen.o"
#        "D:\xczcz\21th-Wheel_Leg\CYT4BB7_Library-master(2)\Seekfree_CYT4BB_Opensource_Library\project\iar\Debug_m7_0\Obj\flash_8529866181315662935.dir\cy_flash.o"
#        "D:\xczcz\21th-Wheel_Leg\CYT4BB7_Library-master(2)\Seekfree_CYT4BB_Opensource_Library\project\iar\Debug_m7_0\Obj\gpio_3999404635324069351.dir\cy_gpio.o"
#        "D:\xczcz\21th-Wheel_Leg\CYT4BB7_Library-master(2)\Seekfree_CYT4BB_Opensource_Library\project\iar\Debug_m7_0\Obj\audioss_1346650047966882938.dir\cy_i2s.o"
#        "D:\xczcz\21th-Wheel_Leg\CYT4BB7_Library-master(2)\Seekfree_CYT4BB_Opensource_Library\project\iar\Debug_m7_0\Obj\rev_b_6162237342861132223.dir\cy_interrupt_map.o"
#        "D:\xczcz\21th-Wheel_Leg\CYT4BB7_Library-master(2)\Seekfree_CYT4BB_Opensource_Library\project\iar\Debug_m7_0\Obj\ipc_10145506163450686023.dir\cy_ipc_drv.o"
#        "D:\xczcz\21th-Wheel_Leg\CYT4BB7_Library-master(2)\Seekfree_CYT4BB_Opensource_Library\project\iar\Debug_m7_0\Obj\ipc_10145506163450686023.dir\cy_ipc_pipe.o"
#        "D:\xczcz\21th-Wheel_Leg\CYT4BB7_Library-master(2)\Seekfree_CYT4BB_Opensource_Library\project\iar\Debug_m7_0\Obj\ipc_10145506163450686023.dir\cy_ipc_sema.o"
#        "D:\xczcz\21th-Wheel_Leg\CYT4BB7_Library-master(2)\Seekfree_CYT4BB_Opensource_Library\project\iar\Debug_m7_0\Obj\lin_18429031207028094880.dir\cy_lin.o"
#        "D:\xczcz\21th-Wheel_Leg\CYT4BB7_Library-master(2)\Seekfree_CYT4BB_Opensource_Library\project\iar\Debug_m7_0\Obj\lvd_6353935867039560245.dir\cy_lvd.o"
#        "D:\xczcz\21th-Wheel_Leg\CYT4BB7_Library-master(2)\Seekfree_CYT4BB_Opensource_Library\project\iar\Debug_m7_0\Obj\mcwdt_4052485907822033969.dir\cy_mcwdt.o"
#        "D:\xczcz\21th-Wheel_Leg\CYT4BB7_Library-master(2)\Seekfree_CYT4BB_Opensource_Library\project\iar\Debug_m7_0\Obj\dma_12106025507578611576.dir\cy_mdma.o"
#        "D:\xczcz\21th-Wheel_Leg\CYT4BB7_Library-master(2)\Seekfree_CYT4BB_Opensource_Library\project\iar\Debug_m7_0\Obj\mpu_5663187252346826382.dir\cy_mpu.o"
#        "D:\xczcz\21th-Wheel_Leg\CYT4BB7_Library-master(2)\Seekfree_CYT4BB_Opensource_Library\project\iar\Debug_m7_0\Obj\flash_864493325053435817.dir\cy_mw_flash.o"
#        "D:\xczcz\21th-Wheel_Leg\CYT4BB7_Library-master(2)\Seekfree_CYT4BB_Opensource_Library\project\iar\Debug_m7_0\Obj\dma_12106025507578611576.dir\cy_pdma.o"
#        "D:\xczcz\21th-Wheel_Leg\CYT4BB7_Library-master(2)\Seekfree_CYT4BB_Opensource_Library\project\iar\Debug_m7_0\Obj\power_14453085144426420577.dir\cy_power.o"
#        "D:\xczcz\21th-Wheel_Leg\CYT4BB7_Library-master(2)\Seekfree_CYT4BB_Opensource_Library\project\iar\Debug_m7_0\Obj\prot_10722960861768657883.dir\cy_prot.o"
#        "D:\xczcz\21th-Wheel_Leg\CYT4BB7_Library-master(2)\Seekfree_CYT4BB_Opensource_Library\project\iar\Debug_m7_0\Obj\scb_15490842639181808494.dir\cy_scb_common.o"
#        "D:\xczcz\21th-Wheel_Leg\CYT4BB7_Library-master(2)\Seekfree_CYT4BB_Opensource_Library\project\iar\Debug_m7_0\Obj\scb_15490842639181808494.dir\cy_scb_ezi2c.o"
#        "D:\xczcz\21th-Wheel_Leg\CYT4BB7_Library-master(2)\Seekfree_CYT4BB_Opensource_Library\project\iar\Debug_m7_0\Obj\scb_15490842639181808494.dir\cy_scb_i2c.o"
#        "D:\xczcz\21th-Wheel_Leg\CYT4BB7_Library-master(2)\Seekfree_CYT4BB_Opensource_Library\project\iar\Debug_m7_0\Obj\scb_15490842639181808494.dir\cy_scb_spi.o"
#        "D:\xczcz\21th-Wheel_Leg\CYT4BB7_Library-master(2)\Seekfree_CYT4BB_Opensource_Library\project\iar\Debug_m7_0\Obj\scb_15490842639181808494.dir\cy_scb_uart.o"
#        "D:\xczcz\21th-Wheel_Leg\CYT4BB7_Library-master(2)\Seekfree_CYT4BB_Opensource_Library\project\iar\Debug_m7_0\Obj\sd_host_2982766354293506895.dir\cy_sd_host.o"
#        "D:\xczcz\21th-Wheel_Leg\CYT4BB7_Library-master(2)\Seekfree_CYT4BB_Opensource_Library\project\iar\Debug_m7_0\Obj\semihosting_143864889731838620.dir\cy_semihosting.o"
#        "D:\xczcz\21th-Wheel_Leg\CYT4BB7_Library-master(2)\Seekfree_CYT4BB_Opensource_Library\project\iar\Debug_m7_0\Obj\smartio_5451710003740070188.dir\cy_smartio.o"
#        "D:\xczcz\21th-Wheel_Leg\CYT4BB7_Library-master(2)\Seekfree_CYT4BB_Opensource_Library\project\iar\Debug_m7_0\Obj\smif_427648126384146252.dir\cy_smif.o"
#        "D:\xczcz\21th-Wheel_Leg\CYT4BB7_Library-master(2)\Seekfree_CYT4BB_Opensource_Library\project\iar\Debug_m7_0\Obj\smif_mem_6470536964353725183.dir\cy_smif_device_common.o"
#        "D:\xczcz\21th-Wheel_Leg\CYT4BB7_Library-master(2)\Seekfree_CYT4BB_Opensource_Library\project\iar\Debug_m7_0\Obj\smif_mem_6470536964353725183.dir\cy_smif_hb_flash.o"
#        "D:\xczcz\21th-Wheel_Leg\CYT4BB7_Library-master(2)\Seekfree_CYT4BB_Opensource_Library\project\iar\Debug_m7_0\Obj\smif_427648126384146252.dir\cy_smif_memslot.o"
#        "D:\xczcz\21th-Wheel_Leg\CYT4BB7_Library-master(2)\Seekfree_CYT4BB_Opensource_Library\project\iar\Debug_m7_0\Obj\smif_mem_6470536964353725183.dir\cy_smif_s25fl.o"
#        "D:\xczcz\21th-Wheel_Leg\CYT4BB7_Library-master(2)\Seekfree_CYT4BB_Opensource_Library\project\iar\Debug_m7_0\Obj\smif_mem_6470536964353725183.dir\cy_smif_s25fs.o"
#        "D:\xczcz\21th-Wheel_Leg\CYT4BB7_Library-master(2)\Seekfree_CYT4BB_Opensource_Library\project\iar\Debug_m7_0\Obj\smif_mem_6470536964353725183.dir\cy_smif_semp.o"
#        "D:\xczcz\21th-Wheel_Leg\CYT4BB7_Library-master(2)\Seekfree_CYT4BB_Opensource_Library\project\iar\Debug_m7_0\Obj\smif_427648126384146252.dir\cy_smif_ver_specific.o"
#        "D:\xczcz\21th-Wheel_Leg\CYT4BB7_Library-master(2)\Seekfree_CYT4BB_Opensource_Library\project\iar\Debug_m7_0\Obj\srom_13018798572330080582.dir\cy_srom.o"
#        "D:\xczcz\21th-Wheel_Leg\CYT4BB7_Library-master(2)\Seekfree_CYT4BB_Opensource_Library\project\iar\Debug_m7_0\Obj\sw_timer_4215635015939382130.dir\cy_sw_tmr.o"
#        "D:\xczcz\21th-Wheel_Leg\CYT4BB7_Library-master(2)\Seekfree_CYT4BB_Opensource_Library\project\iar\Debug_m7_0\Obj\sysclk_16149231235676103872.dir\cy_sysclk.o"
#        "D:\xczcz\21th-Wheel_Leg\CYT4BB7_Library-master(2)\Seekfree_CYT4BB_Opensource_Library\project\iar\Debug_m7_0\Obj\sysflt_12293435975120599261.dir\cy_sysflt.o"
#        "D:\xczcz\21th-Wheel_Leg\CYT4BB7_Library-master(2)\Seekfree_CYT4BB_Opensource_Library\project\iar\Debug_m7_0\Obj\sysint_7435970359207984181.dir\cy_sysint.o"
#        "D:\xczcz\21th-Wheel_Leg\CYT4BB7_Library-master(2)\Seekfree_CYT4BB_Opensource_Library\project\iar\Debug_m7_0\Obj\syslib_16330585751512546975.dir\cy_syslib.o"
#        "D:\xczcz\21th-Wheel_Leg\CYT4BB7_Library-master(2)\Seekfree_CYT4BB_Opensource_Library\project\iar\Debug_m7_0\Obj\syslib_16330585751512546975.dir\cy_syslib_iar.o"
#        "D:\xczcz\21th-Wheel_Leg\CYT4BB7_Library-master(2)\Seekfree_CYT4BB_Opensource_Library\project\iar\Debug_m7_0\Obj\syspm_10887939769544754770.dir\cy_syspm.o"
#        "D:\xczcz\21th-Wheel_Leg\CYT4BB7_Library-master(2)\Seekfree_CYT4BB_Opensource_Library\project\iar\Debug_m7_0\Obj\sysreghc_17676636058511625587.dir\cy_sysreghc.o"
#        "D:\xczcz\21th-Wheel_Leg\CYT4BB7_Library-master(2)\Seekfree_CYT4BB_Opensource_Library\project\iar\Debug_m7_0\Obj\sysreset_14586141425677365288.dir\cy_sysreset.o"
#        "D:\xczcz\21th-Wheel_Leg\CYT4BB7_Library-master(2)\Seekfree_CYT4BB_Opensource_Library\project\iar\Debug_m7_0\Obj\sysrtc_10747768817563771611.dir\cy_sysrtc.o"
#        "D:\xczcz\21th-Wheel_Leg\CYT4BB7_Library-master(2)\Seekfree_CYT4BB_Opensource_Library\project\iar\Debug_m7_0\Obj\systick_16016591671695740695.dir\cy_systick.o"
#        "D:\xczcz\21th-Wheel_Leg\CYT4BB7_Library-master(2)\Seekfree_CYT4BB_Opensource_Library\project\iar\Debug_m7_0\Obj\syswdt_9118657615806274156.dir\cy_syswdt.o"
#        "D:\xczcz\21th-Wheel_Leg\CYT4BB7_Library-master(2)\Seekfree_CYT4BB_Opensource_Library\project\iar\Debug_m7_0\Obj\tcpwm_422923530147891246.dir\cy_tcpwm.o"
#        "D:\xczcz\21th-Wheel_Leg\CYT4BB7_Library-master(2)\Seekfree_CYT4BB_Opensource_Library\project\iar\Debug_m7_0\Obj\tcpwm_422923530147891246.dir\cy_tcpwm_counter.o"
#        "D:\xczcz\21th-Wheel_Leg\CYT4BB7_Library-master(2)\Seekfree_CYT4BB_Opensource_Library\project\iar\Debug_m7_0\Obj\tcpwm_422923530147891246.dir\cy_tcpwm_pwm.o"
#        "D:\xczcz\21th-Wheel_Leg\CYT4BB7_Library-master(2)\Seekfree_CYT4BB_Opensource_Library\project\iar\Debug_m7_0\Obj\tcpwm_422923530147891246.dir\cy_tcpwm_quaddec.o"
#        "D:\xczcz\21th-Wheel_Leg\CYT4BB7_Library-master(2)\Seekfree_CYT4BB_Opensource_Library\project\iar\Debug_m7_0\Obj\tcpwm_422923530147891246.dir\cy_tcpwm_sr.o"
#        "D:\xczcz\21th-Wheel_Leg\CYT4BB7_Library-master(2)\Seekfree_CYT4BB_Opensource_Library\project\iar\Debug_m7_0\Obj\trigmux_9729677290734583340.dir\cy_trigmux.o"
#        "D:\xczcz\21th-Wheel_Leg\CYT4BB7_Library-master(2)\Seekfree_CYT4BB_Opensource_Library\project\iar\Debug_m7_0\Obj\ethernet_6029839089178797009.dir\edd.o"
#        "D:\xczcz\21th-Wheel_Leg\CYT4BB7_Library-master(2)\Seekfree_CYT4BB_Opensource_Library\project\iar\Debug_m7_0\Obj\ethernet_6029839089178797009.dir\edd_rx.o"
#        "D:\xczcz\21th-Wheel_Leg\CYT4BB7_Library-master(2)\Seekfree_CYT4BB_Opensource_Library\project\iar\Debug_m7_0\Obj\ethernet_6029839089178797009.dir\edd_tx.o"
#        "D:\xczcz\21th-Wheel_Leg\CYT4BB7_Library-master(2)\Seekfree_CYT4BB_Opensource_Library\project\iar\Debug_m7_0\Obj\code_17896468042025673432.dir\initialize.o"
#        "D:\xczcz\21th-Wheel_Leg\CYT4BB7_Library-master(2)\Seekfree_CYT4BB_Opensource_Library\project\iar\Debug_m7_0\Obj\user_8514941877209965082.dir\main_cm7_0.o"
#        "D:\xczcz\21th-Wheel_Leg\CYT4BB7_Library-master(2)\Seekfree_CYT4BB_Opensource_Library\project\iar\Debug_m7_0\Obj\code_17896468042025673432.dir\param_tuning.o"
#        "D:\xczcz\21th-Wheel_Leg\CYT4BB7_Library-master(2)\Seekfree_CYT4BB_Opensource_Library\project\iar\Debug_m7_0\Obj\code_17896468042025673432.dir\quaternion.o"
#        "D:\xczcz\21th-Wheel_Leg\CYT4BB7_Library-master(2)\Seekfree_CYT4BB_Opensource_Library\project\iar\Debug_m7_0\Obj\code_17896468042025673432.dir\remote_control.o"
#        "D:\xczcz\21th-Wheel_Leg\CYT4BB7_Library-master(2)\Seekfree_CYT4BB_Opensource_Library\project\iar\Debug_m7_0\Obj\zf_components_14936052685886095442.dir\seekfree_assistant.o"
#        "D:\xczcz\21th-Wheel_Leg\CYT4BB7_Library-master(2)\Seekfree_CYT4BB_Opensource_Library\project\iar\Debug_m7_0\Obj\zf_components_14936052685886095442.dir\seekfree_assistant_interface.o"
#        "D:\xczcz\21th-Wheel_Leg\CYT4BB7_Library-master(2)\Seekfree_CYT4BB_Opensource_Library\project\iar\Debug_m7_0\Obj\code_17896468042025673432.dir\servo.o"
#        "D:\xczcz\21th-Wheel_Leg\CYT4BB7_Library-master(2)\Seekfree_CYT4BB_Opensource_Library\project\iar\Debug_m7_0\Obj\code_17896468042025673432.dir\small_driver_uart_control.o"
#        "D:\xczcz\21th-Wheel_Leg\CYT4BB7_Library-master(2)\Seekfree_CYT4BB_Opensource_Library\project\iar\Debug_m7_0\Obj\startup_479057977785470282.dir\startup.o"
#        "D:\xczcz\21th-Wheel_Leg\CYT4BB7_Library-master(2)\Seekfree_CYT4BB_Opensource_Library\project\iar\Debug_m7_0\Obj\startup_479057977785470282.dir\startup_cm7.o"
#        "D:\xczcz\21th-Wheel_Leg\CYT4BB7_Library-master(2)\Seekfree_CYT4BB_Opensource_Library\project\iar\Debug_m7_0\Obj\rev_b_4986922561640112550.dir\system_tviibh4m_cm7.o"
#        "D:\xczcz\21th-Wheel_Leg\CYT4BB7_Library-master(2)\Seekfree_CYT4BB_Opensource_Library\project\iar\Debug_m7_0\Obj\zf_common_1201165462030747823.dir\zf_common_clock.o"
#        "D:\xczcz\21th-Wheel_Leg\CYT4BB7_Library-master(2)\Seekfree_CYT4BB_Opensource_Library\project\iar\Debug_m7_0\Obj\zf_common_1201165462030747823.dir\zf_common_debug.o"
#        "D:\xczcz\21th-Wheel_Leg\CYT4BB7_Library-master(2)\Seekfree_CYT4BB_Opensource_Library\project\iar\Debug_m7_0\Obj\zf_common_1201165462030747823.dir\zf_common_fifo.o"
#        "D:\xczcz\21th-Wheel_Leg\CYT4BB7_Library-master(2)\Seekfree_CYT4BB_Opensource_Library\project\iar\Debug_m7_0\Obj\zf_common_1201165462030747823.dir\zf_common_font.o"
#        "D:\xczcz\21th-Wheel_Leg\CYT4BB7_Library-master(2)\Seekfree_CYT4BB_Opensource_Library\project\iar\Debug_m7_0\Obj\zf_common_1201165462030747823.dir\zf_common_function.o"
#        "D:\xczcz\21th-Wheel_Leg\CYT4BB7_Library-master(2)\Seekfree_CYT4BB_Opensource_Library\project\iar\Debug_m7_0\Obj\zf_common_1201165462030747823.dir\zf_common_interrupt.o"
#        "D:\xczcz\21th-Wheel_Leg\CYT4BB7_Library-master(2)\Seekfree_CYT4BB_Opensource_Library\project\iar\Debug_m7_0\Obj\zf_device_6570275422786408770.dir\zf_device_ble6a20.o"
#        "D:\xczcz\21th-Wheel_Leg\CYT4BB7_Library-master(2)\Seekfree_CYT4BB_Opensource_Library\project\iar\Debug_m7_0\Obj\zf_device_6570275422786408770.dir\zf_device_dl1a.o"
#        "D:\xczcz\21th-Wheel_Leg\CYT4BB7_Library-master(2)\Seekfree_CYT4BB_Opensource_Library\project\iar\Debug_m7_0\Obj\zf_device_6570275422786408770.dir\zf_device_dl1b.o"
#        "D:\xczcz\21th-Wheel_Leg\CYT4BB7_Library-master(2)\Seekfree_CYT4BB_Opensource_Library\project\iar\Debug_m7_0\Obj\zf_device_6570275422786408770.dir\zf_device_gnss.o"
#        "D:\xczcz\21th-Wheel_Leg\CYT4BB7_Library-master(2)\Seekfree_CYT4BB_Opensource_Library\project\iar\Debug_m7_0\Obj\zf_device_6570275422786408770.dir\zf_device_icm20602.o"
#        "D:\xczcz\21th-Wheel_Leg\CYT4BB7_Library-master(2)\Seekfree_CYT4BB_Opensource_Library\project\iar\Debug_m7_0\Obj\zf_device_6570275422786408770.dir\zf_device_imu660ra.o"
#        "D:\xczcz\21th-Wheel_Leg\CYT4BB7_Library-master(2)\Seekfree_CYT4BB_Opensource_Library\project\iar\Debug_m7_0\Obj\zf_device_6570275422786408770.dir\zf_device_imu660rb.o"
#        "D:\xczcz\21th-Wheel_Leg\CYT4BB7_Library-master(2)\Seekfree_CYT4BB_Opensource_Library\project\iar\Debug_m7_0\Obj\zf_device_6570275422786408770.dir\zf_device_imu963ra.o"
#        "D:\xczcz\21th-Wheel_Leg\CYT4BB7_Library-master(2)\Seekfree_CYT4BB_Opensource_Library\project\iar\Debug_m7_0\Obj\zf_device_6570275422786408770.dir\zf_device_ips114.o"
#        "D:\xczcz\21th-Wheel_Leg\CYT4BB7_Library-master(2)\Seekfree_CYT4BB_Opensource_Library\project\iar\Debug_m7_0\Obj\zf_device_6570275422786408770.dir\zf_device_ips200.o"
#        "D:\xczcz\21th-Wheel_Leg\CYT4BB7_Library-master(2)\Seekfree_CYT4BB_Opensource_Library\project\iar\Debug_m7_0\Obj\zf_device_6570275422786408770.dir\zf_device_ips200pro.o"
#        "D:\xczcz\21th-Wheel_Leg\CYT4BB7_Library-master(2)\Seekfree_CYT4BB_Opensource_Library\project\iar\Debug_m7_0\Obj\zf_device_6570275422786408770.dir\zf_device_key.o"
#        "D:\xczcz\21th-Wheel_Leg\CYT4BB7_Library-master(2)\Seekfree_CYT4BB_Opensource_Library\project\iar\Debug_m7_0\Obj\zf_device_6570275422786408770.dir\zf_device_menc15a.o"
#        "D:\xczcz\21th-Wheel_Leg\CYT4BB7_Library-master(2)\Seekfree_CYT4BB_Opensource_Library\project\iar\Debug_m7_0\Obj\zf_device_6570275422786408770.dir\zf_device_mt9v03x.o"
#        "D:\xczcz\21th-Wheel_Leg\CYT4BB7_Library-master(2)\Seekfree_CYT4BB_Opensource_Library\project\iar\Debug_m7_0\Obj\zf_device_6570275422786408770.dir\zf_device_oled.o"
#        "D:\xczcz\21th-Wheel_Leg\CYT4BB7_Library-master(2)\Seekfree_CYT4BB_Opensource_Library\project\iar\Debug_m7_0\Obj\zf_device_6570275422786408770.dir\zf_device_tft180.o"
#        "D:\xczcz\21th-Wheel_Leg\CYT4BB7_Library-master(2)\Seekfree_CYT4BB_Opensource_Library\project\iar\Debug_m7_0\Obj\zf_device_6570275422786408770.dir\zf_device_tsl1401.o"
#        "D:\xczcz\21th-Wheel_Leg\CYT4BB7_Library-master(2)\Seekfree_CYT4BB_Opensource_Library\project\iar\Debug_m7_0\Obj\zf_device_6570275422786408770.dir\zf_device_type.o"
#        "D:\xczcz\21th-Wheel_Leg\CYT4BB7_Library-master(2)\Seekfree_CYT4BB_Opensource_Library\project\iar\Debug_m7_0\Obj\zf_device_6570275422786408770.dir\zf_device_uart_receiver.o"
#        "D:\xczcz\21th-Wheel_Leg\CYT4BB7_Library-master(2)\Seekfree_CYT4BB_Opensource_Library\project\iar\Debug_m7_0\Obj\zf_device_6570275422786408770.dir\zf_device_wifi_spi.o"
#        "D:\xczcz\21th-Wheel_Leg\CYT4BB7_Library-master(2)\Seekfree_CYT4BB_Opensource_Library\project\iar\Debug_m7_0\Obj\zf_device_6570275422786408770.dir\zf_device_wifi_uart.o"
#        "D:\xczcz\21th-Wheel_Leg\CYT4BB7_Library-master(2)\Seekfree_CYT4BB_Opensource_Library\project\iar\Debug_m7_0\Obj\zf_device_6570275422786408770.dir\zf_device_wireless_uart.o"
#        "D:\xczcz\21th-Wheel_Leg\CYT4BB7_Library-master(2)\Seekfree_CYT4BB_Opensource_Library\project\iar\Debug_m7_0\Obj\zf_driver_11922370083829174090.dir\zf_driver_adc.o"
#        "D:\xczcz\21th-Wheel_Leg\CYT4BB7_Library-master(2)\Seekfree_CYT4BB_Opensource_Library\project\iar\Debug_m7_0\Obj\zf_driver_11922370083829174090.dir\zf_driver_delay.o"
#        "D:\xczcz\21th-Wheel_Leg\CYT4BB7_Library-master(2)\Seekfree_CYT4BB_Opensource_Library\project\iar\Debug_m7_0\Obj\zf_driver_11922370083829174090.dir\zf_driver_dma.o"
#        "D:\xczcz\21th-Wheel_Leg\CYT4BB7_Library-master(2)\Seekfree_CYT4BB_Opensource_Library\project\iar\Debug_m7_0\Obj\zf_driver_11922370083829174090.dir\zf_driver_encoder.o"
#        "D:\xczcz\21th-Wheel_Leg\CYT4BB7_Library-master(2)\Seekfree_CYT4BB_Opensource_Library\project\iar\Debug_m7_0\Obj\zf_driver_11922370083829174090.dir\zf_driver_exti.o"
#        "D:\xczcz\21th-Wheel_Leg\CYT4BB7_Library-master(2)\Seekfree_CYT4BB_Opensource_Library\project\iar\Debug_m7_0\Obj\zf_driver_11922370083829174090.dir\zf_driver_flash.o"
#        "D:\xczcz\21th-Wheel_Leg\CYT4BB7_Library-master(2)\Seekfree_CYT4BB_Opensource_Library\project\iar\Debug_m7_0\Obj\zf_driver_11922370083829174090.dir\zf_driver_gpio.o"
#        "D:\xczcz\21th-Wheel_Leg\CYT4BB7_Library-master(2)\Seekfree_CYT4BB_Opensource_Library\project\iar\Debug_m7_0\Obj\zf_driver_11922370083829174090.dir\zf_driver_ipc.o"
#        "D:\xczcz\21th-Wheel_Leg\CYT4BB7_Library-master(2)\Seekfree_CYT4BB_Opensource_Library\project\iar\Debug_m7_0\Obj\zf_driver_11922370083829174090.dir\zf_driver_pit.o"
#        "D:\xczcz\21th-Wheel_Leg\CYT4BB7_Library-master(2)\Seekfree_CYT4BB_Opensource_Library\project\iar\Debug_m7_0\Obj\zf_driver_11922370083829174090.dir\zf_driver_pwm.o"
#        "D:\xczcz\21th-Wheel_Leg\CYT4BB7_Library-master(2)\Seekfree_CYT4BB_Opensource_Library\project\iar\Debug_m7_0\Obj\zf_driver_11922370083829174090.dir\zf_driver_soft_iic.o"
#        "D:\xczcz\21th-Wheel_Leg\CYT4BB7_Library-master(2)\Seekfree_CYT4BB_Opensource_Library\project\iar\Debug_m7_0\Obj\zf_driver_11922370083829174090.dir\zf_driver_soft_spi.o"
#        "D:\xczcz\21th-Wheel_Leg\CYT4BB7_Library-master(2)\Seekfree_CYT4BB_Opensource_Library\project\iar\Debug_m7_0\Obj\zf_driver_11922370083829174090.dir\zf_driver_spi.o"
#        "D:\xczcz\21th-Wheel_Leg\CYT4BB7_Library-master(2)\Seekfree_CYT4BB_Opensource_Library\project\iar\Debug_m7_0\Obj\zf_driver_11922370083829174090.dir\zf_driver_timer.o"
#        "D:\xczcz\21th-Wheel_Leg\CYT4BB7_Library-master(2)\Seekfree_CYT4BB_Opensource_Library\project\iar\Debug_m7_0\Obj\zf_driver_11922370083829174090.dir\zf_driver_uart.o"
#        --no_out_extension -o
#        "D:\xczcz\21th-Wheel_Leg\CYT4BB7_Library-master(2)\Seekfree_CYT4BB_Opensource_Library\project\iar\project_config\Debug_m7_0\Exe\cyt4bb7_cm_7_0.out"
#        --config_def _CORE_cm7_0_=0 --config_def _LINK_flash_=0 --map
#        "D:\xczcz\21th-Wheel_Leg\CYT4BB7_Library-master(2)\Seekfree_CYT4BB_Opensource_Library\project\iar\Debug_m7_0\List\cyt4bb7_cm_7_0.map"
#        --config
#        "D:\xczcz\21th-Wheel_Leg\CYT4BB7_Library-master(2)\Seekfree_CYT4BB_Opensource_Library\project\iar\project_config\..\icf\linker_directives_tviibh.icf"
#        --semihosting
#        "D:\xczcz\21th-Wheel_Leg\CYT4BB7_Library-master(2)\Seekfree_CYT4BB_Opensource_Library\project\iar\project_config\..\..\..\libraries\sdk\tviibh4m\src\drivers\crypto\libs\libcrypto_server_cm0plus_iar.a"
#        "D:\xczcz\21th-Wheel_Leg\CYT4BB7_Library-master(2)\Seekfree_CYT4BB_Opensource_Library\project\iar\project_config\..\..\..\libraries\zf_device\zf_device_config.a"
#        "D:\xczcz\21th-Wheel_Leg\CYT4BB7_Library-master(2)\Seekfree_CYT4BB_Opensource_Library\project\iar\project_config\..\..\..\libraries\sdk\common\hdr\cmsis\dsp\iar_cortexM7lf_math.a"
#        --entry __iar_program_start --vfe --text_out locale --cpu=Cortex-M7
#        --fpu=VFPv5_d16) --dependencies=n
#        "D:\xczcz\21th-Wheel_Leg\CYT4BB7_Library-master(2)\Seekfree_CYT4BB_Opensource_Library\project\iar\project_config\Debug_m7_0\Exe\cyt4bb7_cm_7_0.out.iar_deps"
#
###############################################################################

*******************************************************************************
*** RUNTIME MODEL ATTRIBUTES
***

CppFlavor       = *
__CPP_Runtime   = 1
__Heap_Handler  = Basic
__SystemLibrary = DLib
__dlib_version  = 6


*******************************************************************************
*** HEAP SELECTION
***

The basic heap was selected because --advanced_heap
was not specified and the application did not appear to
be primarily optimized for speed.


*******************************************************************************
*** PLACEMENT SUMMARY
***

"A0":  place at start of [from 0x1008'0000 to 0x1027'ffff] { section .intvec };
"P1":  place in [from 0x1008'0000 to 0x1027'ffff] { ro };
"P2":  place in [from 0x2802'0000 to 0x2807'ffff] { rw };
define block HEAP with size = 1K, alignment = 8 { };
define block CSTACK with size = 8K, alignment = 8 { };
define block HEAP_STACK { block HEAP, last block CSTACK };
"A1":  place at end of [from 0x2802'0000 to 0x2807'ffff] { block HEAP_STACK };
do not initialize { section .intvec_ram };
initialize by copy { rw };

No sections matched the following patterns:

  ro section .sflash_app_prot  in "P6"
  ro section .sflash_nar       in "P4"
  ro section .sflash_pkey      in "P5"
  ro section .sflash_toc2      in "P7"
  ro section .sflash_uf_rows   in "P3"
  ro section .work_flash       in "P8"
  section .global_ram_data     in "P9"


  Section            Kind         Address    Size  Object
  -------            ----         -------    ----  ------
"A0":                                        0x80
  .intvec            ro code  0x1008'0000    0x80  startup_cm7.o [31]
                            - 0x1008'0080    0x80

"P1":                                      0xb247
  .text              ro code  0x1008'0080   0xeae  xprintffull_nomb.o [50]
  .text              ro code  0x1008'0f2e    0x7e  lz77_init_single.o [52]
  .text              ro code  0x1008'0fac    0x16  strchr.o [52]
  .text              ro code  0x1008'0fc2     0xa  xsprout.o [50]
  .text              ro code  0x1008'0fcc    0x40  xfail_s.o [50]
  .text              ro code  0x1008'100c    0x36  strlen.o [52]
  .text              ro code  0x1008'1044    0x58  memchr.o [52]
  .text              ro code  0x1008'109c    0xa6  ABImemcpy.o [52]
  .text              ro code  0x1008'1144    0x70  frexp.o [51]
  .text              ro code  0x1008'11b4    0x34  DblCmpLe.o [51]
  .text              ro code  0x1008'11e8    0x34  DblCmpGe.o [51]
  .text              ro code  0x1008'121c   0x104  ldexp.o [51]
  .text              ro code  0x1008'1320     0xe  DblToS32.o [51]
  .text              ro code  0x1008'132e     0xe  S32ToDbl.o [51]
  .text              ro code  0x1008'133c    0x12  DblSub.o [51]
  .text              ro code  0x1008'134e    0x12  DblDiv.o [51]
  .text              ro code  0x1008'1360     0xe  DblToU32.o [51]
  .text              ro code  0x1008'136e     0xe  U32ToDbl.o [51]
  .text              ro code  0x1008'137c    0x12  DblMul.o [51]
  .text              ro code  0x1008'1390   0x230  I64DivMod.o [52]
  .text              ro code  0x1008'15c0     0x6  abort.o [50]
  .text              ro code  0x1008'15c8     0x2  I64DivZer.o [52]
  .text              ro code  0x1008'15cc    0x14  exit.o [53]
  .text              ro code  0x1008'15e0   0xdc0  zf_driver_pwm.o [49]
  .text              ro code  0x1008'23a0   0x454  zf_common_debug.o [46]
  .text              ro code  0x1008'27f4    0x66  ABImemset.o [52]
  .text              ro code  0x1008'285c   0x194  cy_gpio.o [14]
  .text              ro code  0x1008'29f0   0x20a  cy_tcpwm_pwm.o [43]
  .text              ro code  0x1008'2bfa     0xc  cy_tcpwm.o [43]
  .text              ro code  0x1008'2c08   0xb50  zf_driver_uart.o [49]
  .text              ro code  0x1008'3758    0x40  sprintf.o [50]
  .text              ro code  0x1008'3798   0x448  zf_common_fifo.o [46]
  .text              ro code  0x1008'3be0    0xe2  zf_common_interrupt.o [46]
  .text              ro code  0x1008'3cc4     0x6  ABImemclr4.o [52]
  .text              ro code  0x1008'3ccc   0x314  cy_scb_uart.o [24]
  .text              ro code  0x1008'3fe0    0xac  cy_sysint.o [35]
  .text              ro code  0x1008'408c    0x32  ABImemset48.o [52]
  .text              ro code  0x1008'40c0   0xca8  zf_driver_spi.o [49]
  .text              ro code  0x1008'4d68   0x1f0  cy_scb_spi.o [24]
  .text              ro code  0x1008'4f58   0xb54  zf_device_ips200.o [48]
  .text              ro code  0x1008'5aac    0x16  vla_alloc.o [50]
  .text              ro code  0x1008'5ac4   0x17c  zf_driver_gpio.o [49]
  .text              ro code  0x1008'5c40   0x284  zf_driver_delay.o [49]
  .text              ro code  0x1008'5ec4   0x13c  heap0.o [50]
  .text              ro code  0x1008'6000     0x4  heaptramp0.o [50]
  .text              ro code  0x1008'6004   0x1b8  cy_tcpwm_counter.o [43]
  .text              ro code  0x1008'61bc    0x2c  xgetmemchunk.o [50]
  .text              ro code  0x1008'61e8   0x990  quaternion.o [5]
  .text              ro code  0x1008'6b78   0x1d4  zf_device_imu660rb.o [48]
  .text              ro code  0x1008'6d4c    0x6a  atan2f.o [51]
  .text              ro code  0x1008'6db8    0xa4  xatanf.o [51]
  .text              ro code  0x1008'6e5c   0x8e8  cy_sysclk.o [33]
  .text              ro code  0x1008'7744    0x70  strncpy.o [52]
  .text              ro code  0x1008'77b4    0xa8  cy_syslib.o [36]
  .text              ro code  0x1008'785c     0x2  cy_syslib.o [36]
  .text              ro code  0x1008'7860   0x858  zf_device_config_mt9v03x.o [54]
  .text              ro code  0x1008'80b8   0x5fc  zf_driver_soft_iic.o [49]
  .rodata            const    0x1008'86b4   0x5f0  zf_common_font.o [46]
  .text              ro code  0x1008'8ca4   0x418  zf_device_mt9v03x.o [48]
  .text              ro code  0x1008'90bc   0x398  zf_driver_pit.o [49]
  .text              ro code  0x1008'9454   0x2a8  zf_driver_timer.o [49]
  .rodata            const    0x1008'96fc   0x228  zf_common_font.o [46]
  .text              ro code  0x1008'9924   0x204  startup.o [31]
  .text              ro code  0x1008'9b28   0x150  system_tviibh4m_cm7.o [22]
  .text              ro code  0x1008'9c78     0x8  startup_cm7.o [31]
  .text              ro code  0x1008'9c80     0x6  startup_cm7.o [31]
  .text              ro code  0x1008'9c88   0x198  cy_interrupt_map.o [23]
  .text              ro code  0x1008'9e20   0x17a  small_driver_uart_control.o [5]
  .text              ro code  0x1008'9f9c   0x16c  zf_device_uart_receiver.o [48]
  .text              ro code  0x1008'a108    0x44  zf_device_type.o [48]
  .text              ro code  0x1008'a14c   0x14e  cm7_0_isr.o [45]
  .text              ro code  0x1008'a29c   0x104  zf_device_key.o [48]
  .text              ro code  0x1008'a3a0    0x7c  zf_device_tsl1401.o [48]
  .text              ro code  0x1008'a41c   0x114  zf_device_gnss.o [48]
  .text              ro code  0x1008'a530    0x74  zf_driver_adc.o [49]
  .text              ro code  0x1008'a5a4    0x2a  strncmp.o [50]
  .text              ro code  0x1008'a5d0    0xb0  startup_cm7.o [31]
  .text              ro code  0x1008'a680    0xac  servo.o [5]
  .text              ro code  0x1008'a72c    0x98  main_cm7_0.o [45]
  .text              ro code  0x1008'a7c4    0x1c  zf_common_clock.o [46]
  .text              ro code  0x1008'a7e0    0x28  printf.o [50]
  .rodata            const    0x1008'a808    0x90  system_tviibh4m_cm7.o [22]
  .rodata            const    0x1008'a898    0x8c  cy_sysclk.o [33]
  .rodata            const    0x1008'a924    0x8c  cy_sysclk.o [33]
  .rodata            const    0x1008'a9b0    0x80  zf_device_imu660rb.o [48]
  .rodata            const    0x1008'aa30    0x80  zf_driver_soft_iic.o [49]
  .rodata            const    0x1008'aab0    0x7c  zf_common_fifo.o [46]
  .rodata            const    0x1008'ab2c    0x7c  zf_device_ips200.o [48]
  .rodata            const    0x1008'aba8    0x7c  zf_device_key.o [48]
  .rodata            const    0x1008'ac24    0x7c  zf_driver_pwm.o [49]
  .rodata            const    0x1008'aca0    0x7c  zf_driver_spi.o [49]
  .rodata            const    0x1008'ad1c    0x7c  zf_driver_uart.o [49]
  .text              ro code  0x1008'ad98    0x38  zero_init3.o [52]
  .rodata            const    0x1008'add0    0x30  main_cm7_0.o [45]
  .rodata            const    0x1008'ae00    0x28  zf_device_mt9v03x.o [48]
  .text              ro code  0x1008'ae28    0x28  data_init.o [52]
  .text              ro code  0x1008'ae50    0x22  fpinit_M.o [51]
  .iar.init_table    const    0x1008'ae74    0x20  - Linker created -
  .text              ro code  0x1008'ae94    0x20  startup_cm7.o [31]
  .text              ro code  0x1008'aeb4    0x20  putchar.o [50]
  .text              ro code  0x1008'aee0    0x1e  cy_syslib_iar.o [36]
  .text              ro code  0x1008'af00    0x1e  cmain.o [52]
  .text              ro code  0x1008'af20     0x4  startup_cm7.o [31]
  .text              ro code  0x1008'af24     0x4  exit.o [50]
  .text              ro code  0x1008'af28     0xa  cexit.o [52]
  .rodata            const    0x1008'af34    0x1c  zf_common_debug.o [46]
  .rodata            const    0x1008'af50    0x1c  zf_device_imu660rb.o [48]
  .text              ro code  0x1008'af6c    0x1c  startup_cm7.o [31]
  .text              ro code  0x1008'af88    0x1c  cstartup_M.o [52]
  .rodata            const    0x1008'afa4    0x18  startup.o [31]
  .rodata            const    0x1008'afbc    0x18  system_tviibh4m_cm7.o [22]
  .rodata            const    0x1008'afd4    0x18  zf_common_debug.o [46]
  .text              ro code  0x1008'afec    0x16  xprout.o [50]
  .rodata            const    0x1008'b004    0x14  main_cm7_0.o [45]
  .rodata            const    0x1008'b018    0x10  zf_common_debug.o [46]
  .rodata            const    0x1008'b028    0x10  zf_common_debug.o [46]
  .rodata            const    0x1008'b038     0xc  zf_common_debug.o [46]
  .rodata            const    0x1008'b044     0xc  zf_common_debug.o [46]
  .rodata            const    0x1008'b050     0xc  zf_common_debug.o [46]
  .text              ro code  0x1008'b05c     0xc  cy_syslib.o [36]
  .rodata            const    0x1008'b068     0x8  cy_sysclk.o [33]
  .rodata            const    0x1008'b070     0x4  cy_interrupt_map.o [23]
  .rodata            const    0x1008'b074     0x4  cy_interrupt_map.o [23]
  .rodata            const    0x1008'b078     0x4  cy_interrupt_map.o [23]
  .rodata            const    0x1008'b07c     0x4  cy_interrupt_map.o [23]
  .rodata            const    0x1008'b080     0x4  cy_interrupt_map.o [23]
  .rodata            const    0x1008'b084     0x4  cy_interrupt_map.o [23]
  .rodata            const    0x1008'b088     0x4  cy_interrupt_map.o [23]
  .rodata            const    0x1008'b08c     0x4  cy_interrupt_map.o [23]
  .rodata            const    0x1008'b090     0x4  cy_scb_spi.o [24]
  .rodata            const    0x1008'b094     0x4  cy_scb_spi.o [24]
  .rodata            const    0x1008'b098     0x4  cy_scb_spi.o [24]
  .rodata            const    0x1008'b09c     0x4  cy_scb_spi.o [24]
  .rodata            const    0x1008'b0a0     0x4  cy_scb_uart.o [24]
  .rodata            const    0x1008'b0a4     0x4  cy_scb_uart.o [24]
  .rodata            const    0x1008'b0a8     0x4  cy_scb_uart.o [24]
  .rodata            const    0x1008'b0ac     0x4  cy_scb_uart.o [24]
  .rodata            const    0x1008'b0b0     0x4  cy_scb_uart.o [24]
  .rodata            const    0x1008'b0b4     0x4  cy_scb_uart.o [24]
  .rodata            const    0x1008'b0b8     0x4  cy_scb_uart.o [24]
  .rodata            const    0x1008'b0bc     0x4  cy_scb_uart.o [24]
  .rodata            const    0x1008'b0c0     0x4  cy_scb_uart.o [24]
  .rodata            const    0x1008'b0c4     0x4  cy_scb_uart.o [24]
  .rodata            const    0x1008'b0c8     0x4  cy_sysint.o [35]
  .rodata            const    0x1008'b0cc     0x4  cy_sysint.o [35]
  .rodata            const    0x1008'b0d0     0x4  cy_tcpwm_counter.o [43]
  .rodata            const    0x1008'b0d4     0x4  cy_tcpwm_counter.o [43]
  .rodata            const    0x1008'b0d8     0x4  cy_tcpwm_counter.o [43]
  .rodata            const    0x1008'b0dc     0x4  cy_tcpwm_counter.o [43]
  .rodata            const    0x1008'b0e0     0x4  cy_tcpwm_counter.o [43]
  .rodata            const    0x1008'b0e4     0x4  cy_tcpwm_pwm.o [43]
  .rodata            const    0x1008'b0e8     0x4  cy_tcpwm_pwm.o [43]
  .rodata            const    0x1008'b0ec     0x4  cy_tcpwm_pwm.o [43]
  .rodata            const    0x1008'b0f0     0x4  cy_tcpwm_pwm.o [43]
  .rodata            const    0x1008'b0f4     0x4  cy_tcpwm_pwm.o [43]
  .rodata            const    0x1008'b0f8     0x4  cy_tcpwm_pwm.o [43]
  .rodata            const    0x1008'b0fc     0x4  cy_tcpwm_pwm.o [43]
  .rodata            const    0x1008'b100     0x4  quaternion.o [5]
  .rodata            const    0x1008'b104     0x4  quaternion.o [5]
  .rodata            const    0x1008'b108     0x4  quaternion.o [5]
  .rodata            const    0x1008'b10c     0x4  zf_device_key.o [48]
  .text              ro code  0x1008'b110     0x4  startup_cm7.o [31]
  .text              ro code  0x1008'b114     0x4  startup_cm7.o [31]
  .text              ro code  0x1008'b118     0x4  startup_cm7.o [31]
  .text              ro code  0x1008'b11c     0x4  startup_cm7.o [31]
  .text              ro code  0x1008'b120     0x4  startup_cm7.o [31]
  .text              ro code  0x1008'b124     0x4  startup_cm7.o [31]
  .text              ro code  0x1008'b128     0x4  startup_cm7.o [31]
  .text              ro code  0x1008'b12c     0x4  startup_cm7.o [31]
  .text              ro code  0x1008'b130     0x4  startup_cm7.o [31]
  .text              ro code  0x1008'b134     0x4  startup_cm7.o [31]
  .text              ro code  0x1008'b138     0x4  startup_cm7.o [31]
  .text              ro code  0x1008'b13c     0x4  startup_cm7.o [31]
  .text              ro code  0x1008'b140     0x4  startup_cm7.o [31]
  .text              ro code  0x1008'b144     0x4  startup_cm7.o [31]
  .text              ro code  0x1008'b148     0x4  startup_cm7.o [31]
  .rodata            const    0x1008'b14c     0x0  zero_init3.o [52]
  .rodata            const    0x1008'b14c     0x0  lz77_init_single.o [52]
  Initializer bytes  const    0x1008'b14c    0xc1  <for P2-1>
                            - 0x1008'b20d  0xb18d

Absolute sections, part 1 of 2:               0x4
  .noinit            uninit   0x2800'6bf0     0x2  zf_device_mt9v03x.o [48]
  .noinit            uninit   0x2800'6bf2     0x2  zf_device_mt9v03x.o [48]
                            - 0x2800'6bf4     0x4

Absolute sections, part 2 of 2:            0x5820
  .noinit            uninit   0x2802'6024  0x5820  zf_device_mt9v03x.o [48]
                            - 0x2802'b844  0x5820

"P2", part 1 of 3:                          0x7b0
  P2-1                        0x2802'b844   0x7b0  <Init block>
    .data            inited   0x2802'b844   0x6ec  cy_interrupt_map.o [23]
    .data            inited   0x2802'bf30     0x4  cy_interrupt_map.o [23]
    .data            inited   0x2802'bf34     0x4  quaternion.o [5]
    .data            inited   0x2802'bf38     0x4  quaternion.o [5]
    .data            inited   0x2802'bf3c     0x4  quaternion.o [5]
    .data            inited   0x2802'bf40     0x4  quaternion.o [5]
    .data            inited   0x2802'bf44     0x4  quaternion.o [5]
    .data            inited   0x2802'bf48     0x4  quaternion.o [5]
    .data            inited   0x2802'bf4c     0x4  zf_device_type.o [48]
    .data            inited   0x2802'bf50     0x4  zf_device_type.o [48]
    .data            inited   0x2802'bf54     0xc  zf_driver_adc.o [49]
    .data            inited   0x2802'bf60    0x3c  zf_driver_pit.o [49]
    .data            inited   0x2802'bf9c    0x10  zf_driver_spi.o [49]
    .data            inited   0x2802'bfac    0x1c  zf_driver_uart.o [49]
    .data            inited   0x2802'bfc8    0x1c  zf_driver_uart.o [49]
    .data            inited   0x2802'bfe4     0x2  zf_device_ips200.o [48]
    .data            inited   0x2802'bfe6     0x2  zf_device_ips200.o [48]
    .data            inited   0x2802'bfe8     0x2  zf_device_ips200.o [48]
    .data            inited   0x2802'bfea     0x2  zf_device_ips200.o [48]
    .data            inited   0x2802'bfec     0x2  zf_driver_delay.o [49]
    .data            inited   0x2802'bfee     0x1  zf_common_debug.o [46]
    .data            inited   0x2802'bfef     0x1  zf_device_ips200.o [48]
    .data            inited   0x2802'bff0     0x1  zf_device_ips200.o [48]
    .data            inited   0x2802'bff1     0x1  zf_device_ips200.o [48]
    .data            inited   0x2802'bff2     0x1  zf_device_ips200.o [48]
    .data            inited   0x2802'bff3     0x1  zf_driver_delay.o [49]
                            - 0x2802'bff4   0x7b0

"P2", part 2 of 3:                         0x6030
  .bss               zero     0x2802'bff4  0x5820  zf_device_mt9v03x.o [48]
  .bss               zero     0x2803'1814   0x200  zf_device_tsl1401.o [48]
  .bss               zero     0x2803'1a14   0x188  zf_driver_uart.o [49]
  .bss               zero     0x2803'1b9c    0x80  zf_device_gnss.o [48]
  .bss               zero     0x2803'1c1c    0x80  zf_device_gnss.o [48]
  .bss               zero     0x2803'1c9c    0x80  zf_device_gnss.o [48]
  .bss               zero     0x2803'1d1c    0x70  cy_syslib.o [36]
  .bss               zero     0x2803'1d8c    0x48  zf_driver_adc.o [49]
  .bss               zero     0x2803'1dd4    0x40  zf_common_debug.o [46]
  .bss               zero     0x2803'1e14    0x1c  zf_device_uart_receiver.o [48]
  .bss               zero     0x2803'1e30    0x18  cy_sysclk.o [33]
  .bss               zero     0x2803'1e48    0x18  cy_syslib.o [36]
  .bss               zero     0x2803'1e60    0x18  quaternion.o [5]
  .bss               zero     0x2803'1e78    0x18  zf_common_debug.o [46]
  .bss               zero     0x2803'1e90    0x18  zf_device_gnss.o [48]
  .bss               zero     0x2803'1ea8    0x14  small_driver_uart_control.o [5]
  .bss               zero     0x2803'1ebc    0x14  zf_common_debug.o [46]
  .bss               zero     0x2803'1ed0    0x10  zf_device_key.o [48]
  .bss               zero     0x2803'1ee0    0x10  zf_device_uart_receiver.o [48]
  .bss               zero     0x2803'1ef0    0x10  zf_device_config_mt9v03x.o [54]
  .bss               zero     0x2803'1f00     0xc  quaternion.o [5]
  .bss               zero     0x2803'1f0c     0xc  quaternion.o [5]
  .bss               zero     0x2803'1f18     0xc  servo.o [5]
  .bss               zero     0x2803'1f24     0xc  servo.o [5]
  .bss               zero     0x2803'1f30     0xc  servo.o [5]
  .bss               zero     0x2803'1f3c     0xc  servo.o [5]
  .bss               zero     0x2803'1f48     0x8  zf_driver_uart.o [49]
  .bss               zero     0x2803'1f50     0x8  zf_driver_uart.o [49]
  .bss               zero     0x2803'1f58     0x8  heap0.o [50]
  .bss               zero     0x2803'1f60     0x4  balance_control.o [5]
  .bss               zero     0x2803'1f64     0x4  cm7_0_isr.o [45]
  .bss               zero     0x2803'1f68     0x4  cy_syslib.o [36]
  .bss               zero     0x2803'1f6c     0x4  quaternion.o [5]
  .bss               zero     0x2803'1f70     0x4  quaternion.o [5]
  .bss               zero     0x2803'1f74     0x4  quaternion.o [5]
  .bss               zero     0x2803'1f78     0x4  quaternion.o [5]
  .bss               zero     0x2803'1f7c     0x4  quaternion.o [5]
  .bss               zero     0x2803'1f80     0x4  quaternion.o [5]
  .bss               zero     0x2803'1f84     0x4  quaternion.o [5]
  .bss               zero     0x2803'1f88     0x4  quaternion.o [5]
  .bss               zero     0x2803'1f8c     0x4  quaternion.o [5]
  .bss               zero     0x2803'1f90     0x4  quaternion.o [5]
  .bss               zero     0x2803'1f94     0x4  quaternion.o [5]
  .bss               zero     0x2803'1f98     0x4  quaternion.o [5]
  .bss               zero     0x2803'1f9c     0x4  quaternion.o [5]
  .bss               zero     0x2803'1fa0     0x4  quaternion.o [5]
  .bss               zero     0x2803'1fa4     0x4  quaternion.o [5]
  .bss               zero     0x2803'1fa8     0x4  quaternion.o [5]
  .bss               zero     0x2803'1fac     0x4  quaternion.o [5]
  .bss               zero     0x2803'1fb0     0x4  quaternion.o [5]
  .bss               zero     0x2803'1fb4     0x4  quaternion.o [5]
  .bss               zero     0x2803'1fb8     0x4  quaternion.o [5]
  .bss               zero     0x2803'1fbc     0x4  system_tviibh4m_cm7.o [22]
  .bss               zero     0x2803'1fc0     0x4  system_tviibh4m_cm7.o [22]
  .bss               zero     0x2803'1fc4     0x4  system_tviibh4m_cm7.o [22]
  .bss               zero     0x2803'1fc8     0x4  system_tviibh4m_cm7.o [22]
  .bss               zero     0x2803'1fcc     0x4  system_tviibh4m_cm7.o [22]
  .bss               zero     0x2803'1fd0     0x4  zf_common_clock.o [46]
  .bss               zero     0x2803'1fd4     0x4  zf_common_interrupt.o [46]
  .bss               zero     0x2803'1fd8     0x4  zf_device_key.o [48]
  .bss               zero     0x2803'1fdc     0x4  zf_device_key.o [48]
  .bss               zero     0x2803'1fe0     0x4  zf_driver_spi.o [49]
  .bss               zero     0x2803'1fe4     0x4  zf_driver_timer.o [49]
  .bss               zero     0x2803'1fe8     0x4  zf_device_config_mt9v03x.o [54]
  .bss               zero     0x2803'1fec     0x4  zf_device_config_mt9v03x.o [54]
  .bss               zero     0x2803'1ff0     0x4  zf_device_config_mt9v03x.o [54]
  .bss               zero     0x2803'1ff4     0x4  zf_device_config_mt9v03x.o [54]
  .bss               zero     0x2803'1ff8     0x4  zf_device_config_mt9v03x.o [54]
  .bss               zero     0x2803'1ffc     0x4  xgetmemchunk.o [50]
  .bss               zero     0x2803'2000     0x4  xfail_s.o [50]
  .bss               zero     0x2803'2004     0x2  zf_device_imu660rb.o [48]
  .bss               zero     0x2803'2006     0x2  zf_device_imu660rb.o [48]
  .bss               zero     0x2803'2008     0x2  zf_device_imu660rb.o [48]
  .bss               zero     0x2803'200a     0x2  zf_device_imu660rb.o [48]
  .bss               zero     0x2803'200c     0x2  zf_device_imu660rb.o [48]
  .bss               zero     0x2803'200e     0x2  zf_device_imu660rb.o [48]
  .bss               zero     0x2803'2010     0x1  cy_sysclk.o [33]
  .bss               zero     0x2803'2011     0x1  zf_common_debug.o [46]
  .bss               zero     0x2803'2012     0x1  zf_common_debug.o [46]
  .bss               zero     0x2803'2013     0x1  zf_common_debug.o [46]
  .bss               zero     0x2803'2014     0x1  zf_device_gnss.o [48]
  .bss               zero     0x2803'2015     0x1  zf_device_gnss.o [48]
  .bss               zero     0x2803'2016     0x1  zf_device_gnss.o [48]
  .bss               zero     0x2803'2017     0x1  zf_device_gnss.o [48]
  .bss               zero     0x2803'2018     0x1  zf_device_gnss.o [48]
  .bss               zero     0x2803'2019     0x1  zf_device_ips200.o [48]
  .bss               zero     0x2803'201a     0x1  zf_device_ips200.o [48]
  .bss               zero     0x2803'201b     0x1  zf_device_mt9v03x.o [48]
  .bss               zero     0x2803'201c     0x1  zf_device_mt9v03x.o [48]
  .bss               zero     0x2803'201d     0x1  zf_device_tsl1401.o [48]
  .bss               zero     0x2803'201e     0x1  zf_device_tsl1401.o [48]
  .bss               zero     0x2803'201f     0x1  zf_device_type.o [48]
  .bss               zero     0x2803'2020     0x1  zf_device_uart_receiver.o [48]
                            - 0x2803'2021  0x602d

"P2", part 3 of 3:                           0x80
  .intvec_ram        uninit   0x2803'2080    0x80  startup_cm7.o [31]
                            - 0x2803'2100    0x80

"A1":                                      0x2400
  HEAP_STACK                  0x2807'dc00  0x2400  <Block>
    HEAP                      0x2807'dc00   0x400  <Block>
      HEAP           uninit   0x2807'dc00   0x400  <Block tail>
    CSTACK                    0x2807'e000  0x2000  <Block>
      CSTACK         uninit   0x2807'e000  0x2000  <Block tail>
                            - 0x2808'0000  0x2400

Unused ranges:

         From           To       Size
         ----           --       ----
  0x1008'b2c7  0x1027'ffff  0x1f'4d39
  0x2802'0000  0x2802'6023     0x6024
  0x2803'2024  0x2803'207f       0x5c
  0x2803'2100  0x2807'dbff   0x4'bb00


*******************************************************************************
*** INIT TABLE
***

          Address      Size
          -------      ----
Zero (__iar_zero_init3)
    1 destination range, total size 0x602d:
          0x2802'bff4  0x602d

Copy/lz77 (__iar_lz77_init_single3)
    1 source range, total size 0xc1 (9% of destination):
          0x1008'b14c    0xc1
    1 destination range, total size 0x7b0:
          0x2802'b844   0x7b0



*******************************************************************************
*** MODULE SUMMARY
***

    Module                       ro code  ro data  rw data  rw data
                                                             (abs)
    ------                       -------  -------  -------  -------
command line/config:
    ---------------------------------------------------------------
    Total:

D:\xczcz\21th-Wheel_Leg\CYT4BB7_Library-master(2)\Seekfree_CYT4BB_Opensource_Library\project\iar\Debug_m7_0\Obj\adc_11722776235721520015.dir: [1]
    ---------------------------------------------------------------
    Total:

D:\xczcz\21th-Wheel_Leg\CYT4BB7_Library-master(2)\Seekfree_CYT4BB_Opensource_Library\project\iar\Debug_m7_0\Obj\audioss_1346650047966882938.dir: [2]
    ---------------------------------------------------------------
    Total:

D:\xczcz\21th-Wheel_Leg\CYT4BB7_Library-master(2)\Seekfree_CYT4BB_Opensource_Library\project\iar\Debug_m7_0\Obj\button_4990804375159372270.dir: [3]
    ---------------------------------------------------------------
    Total:

D:\xczcz\21th-Wheel_Leg\CYT4BB7_Library-master(2)\Seekfree_CYT4BB_Opensource_Library\project\iar\Debug_m7_0\Obj\canfd_1800690984773873875.dir: [4]
    ---------------------------------------------------------------
    Total:

D:\xczcz\21th-Wheel_Leg\CYT4BB7_Library-master(2)\Seekfree_CYT4BB_Opensource_Library\project\iar\Debug_m7_0\Obj\code_17896468042025673432.dir: [5]
    balance_control.o                                    4
    quaternion.o                   2'448       14      152
    servo.o                          172                48
    small_driver_uart_control.o      378                20
    ---------------------------------------------------------------
    Total:                         2'998       14      224

D:\xczcz\21th-Wheel_Leg\CYT4BB7_Library-master(2)\Seekfree_CYT4BB_Opensource_Library\project\iar\Debug_m7_0\Obj\cpu_15938736945165268644.dir: [6]
    ---------------------------------------------------------------
    Total:

D:\xczcz\21th-Wheel_Leg\CYT4BB7_Library-master(2)\Seekfree_CYT4BB_Opensource_Library\project\iar\Debug_m7_0\Obj\crypto_1190170608956581615.dir: [7]
    ---------------------------------------------------------------
    Total:

D:\xczcz\21th-Wheel_Leg\CYT4BB7_Library-master(2)\Seekfree_CYT4BB_Opensource_Library\project\iar\Debug_m7_0\Obj\dma_12106025507578611576.dir: [8]
    ---------------------------------------------------------------
    Total:

D:\xczcz\21th-Wheel_Leg\CYT4BB7_Library-master(2)\Seekfree_CYT4BB_Opensource_Library\project\iar\Debug_m7_0\Obj\eth_phy_18133017486186456677.dir: [9]
    ---------------------------------------------------------------
    Total:

D:\xczcz\21th-Wheel_Leg\CYT4BB7_Library-master(2)\Seekfree_CYT4BB_Opensource_Library\project\iar\Debug_m7_0\Obj\ethernet_6029839089178797009.dir: [10]
    ---------------------------------------------------------------
    Total:

D:\xczcz\21th-Wheel_Leg\CYT4BB7_Library-master(2)\Seekfree_CYT4BB_Opensource_Library\project\iar\Debug_m7_0\Obj\evtgen_3404189088603873129.dir: [11]
    ---------------------------------------------------------------
    Total:

D:\xczcz\21th-Wheel_Leg\CYT4BB7_Library-master(2)\Seekfree_CYT4BB_Opensource_Library\project\iar\Debug_m7_0\Obj\flash_8529866181315662935.dir: [12]
    ---------------------------------------------------------------
    Total:

D:\xczcz\21th-Wheel_Leg\CYT4BB7_Library-master(2)\Seekfree_CYT4BB_Opensource_Library\project\iar\Debug_m7_0\Obj\flash_864493325053435817.dir: [13]
    ---------------------------------------------------------------
    Total:

D:\xczcz\21th-Wheel_Leg\CYT4BB7_Library-master(2)\Seekfree_CYT4BB_Opensource_Library\project\iar\Debug_m7_0\Obj\gpio_3999404635324069351.dir: [14]
    cy_gpio.o                        404
    ---------------------------------------------------------------
    Total:                           404

D:\xczcz\21th-Wheel_Leg\CYT4BB7_Library-master(2)\Seekfree_CYT4BB_Opensource_Library\project\iar\Debug_m7_0\Obj\ipc_10145506163450686023.dir: [15]
    ---------------------------------------------------------------
    Total:

D:\xczcz\21th-Wheel_Leg\CYT4BB7_Library-master(2)\Seekfree_CYT4BB_Opensource_Library\project\iar\Debug_m7_0\Obj\lin_18429031207028094880.dir: [16]
    ---------------------------------------------------------------
    Total:

D:\xczcz\21th-Wheel_Leg\CYT4BB7_Library-master(2)\Seekfree_CYT4BB_Opensource_Library\project\iar\Debug_m7_0\Obj\lvd_6353935867039560245.dir: [17]
    ---------------------------------------------------------------
    Total:

D:\xczcz\21th-Wheel_Leg\CYT4BB7_Library-master(2)\Seekfree_CYT4BB_Opensource_Library\project\iar\Debug_m7_0\Obj\mcwdt_4052485907822033969.dir: [18]
    ---------------------------------------------------------------
    Total:

D:\xczcz\21th-Wheel_Leg\CYT4BB7_Library-master(2)\Seekfree_CYT4BB_Opensource_Library\project\iar\Debug_m7_0\Obj\mpu_5663187252346826382.dir: [19]
    ---------------------------------------------------------------
    Total:

D:\xczcz\21th-Wheel_Leg\CYT4BB7_Library-master(2)\Seekfree_CYT4BB_Opensource_Library\project\iar\Debug_m7_0\Obj\power_14453085144426420577.dir: [20]
    ---------------------------------------------------------------
    Total:

D:\xczcz\21th-Wheel_Leg\CYT4BB7_Library-master(2)\Seekfree_CYT4BB_Opensource_Library\project\iar\Debug_m7_0\Obj\prot_10722960861768657883.dir: [21]
    ---------------------------------------------------------------
    Total:

D:\xczcz\21th-Wheel_Leg\CYT4BB7_Library-master(2)\Seekfree_CYT4BB_Opensource_Library\project\iar\Debug_m7_0\Obj\rev_b_4986922561640112550.dir: [22]
    system_tviibh4m_cm7.o            336      168       20
    ---------------------------------------------------------------
    Total:                           336      168       20

D:\xczcz\21th-Wheel_Leg\CYT4BB7_Library-master(2)\Seekfree_CYT4BB_Opensource_Library\project\iar\Debug_m7_0\Obj\rev_b_6162237342861132223.dir: [23]
    cy_interrupt_map.o               408      206    1'776
    ---------------------------------------------------------------
    Total:                           408      206    1'776

D:\xczcz\21th-Wheel_Leg\CYT4BB7_Library-master(2)\Seekfree_CYT4BB_Opensource_Library\project\iar\Debug_m7_0\Obj\scb_15490842639181808494.dir: [24]
    cy_scb_spi.o                     496       16
    cy_scb_uart.o                    788       40
    ---------------------------------------------------------------
    Total:                         1'284       56

D:\xczcz\21th-Wheel_Leg\CYT4BB7_Library-master(2)\Seekfree_CYT4BB_Opensource_Library\project\iar\Debug_m7_0\Obj\sd_host_2982766354293506895.dir: [25]
    ---------------------------------------------------------------
    Total:

D:\xczcz\21th-Wheel_Leg\CYT4BB7_Library-master(2)\Seekfree_CYT4BB_Opensource_Library\project\iar\Debug_m7_0\Obj\semihosting_143864889731838620.dir: [26]
    ---------------------------------------------------------------
    Total:

D:\xczcz\21th-Wheel_Leg\CYT4BB7_Library-master(2)\Seekfree_CYT4BB_Opensource_Library\project\iar\Debug_m7_0\Obj\smartio_5451710003740070188.dir: [27]
    ---------------------------------------------------------------
    Total:

D:\xczcz\21th-Wheel_Leg\CYT4BB7_Library-master(2)\Seekfree_CYT4BB_Opensource_Library\project\iar\Debug_m7_0\Obj\smif_427648126384146252.dir: [28]
    ---------------------------------------------------------------
    Total:

D:\xczcz\21th-Wheel_Leg\CYT4BB7_Library-master(2)\Seekfree_CYT4BB_Opensource_Library\project\iar\Debug_m7_0\Obj\smif_mem_6470536964353725183.dir: [29]
    ---------------------------------------------------------------
    Total:

D:\xczcz\21th-Wheel_Leg\CYT4BB7_Library-master(2)\Seekfree_CYT4BB_Opensource_Library\project\iar\Debug_m7_0\Obj\srom_13018798572330080582.dir: [30]
    ---------------------------------------------------------------
    Total:

D:\xczcz\21th-Wheel_Leg\CYT4BB7_Library-master(2)\Seekfree_CYT4BB_Opensource_Library\project\iar\Debug_m7_0\Obj\startup_479057977785470282.dir: [31]
    startup.o                        516       24
    startup_cm7.o                    442               128
    ---------------------------------------------------------------
    Total:                           958       24      128

D:\xczcz\21th-Wheel_Leg\CYT4BB7_Library-master(2)\Seekfree_CYT4BB_Opensource_Library\project\iar\Debug_m7_0\Obj\sw_timer_4215635015939382130.dir: [32]
    ---------------------------------------------------------------
    Total:

D:\xczcz\21th-Wheel_Leg\CYT4BB7_Library-master(2)\Seekfree_CYT4BB_Opensource_Library\project\iar\Debug_m7_0\Obj\sysclk_16149231235676103872.dir: [33]
    cy_sysclk.o                    2'280      288       25
    ---------------------------------------------------------------
    Total:                         2'280      288       25

D:\xczcz\21th-Wheel_Leg\CYT4BB7_Library-master(2)\Seekfree_CYT4BB_Opensource_Library\project\iar\Debug_m7_0\Obj\sysflt_12293435975120599261.dir: [34]
    ---------------------------------------------------------------
    Total:

D:\xczcz\21th-Wheel_Leg\CYT4BB7_Library-master(2)\Seekfree_CYT4BB_Opensource_Library\project\iar\Debug_m7_0\Obj\sysint_7435970359207984181.dir: [35]
    cy_sysint.o                      172        8
    ---------------------------------------------------------------
    Total:                           172        8

D:\xczcz\21th-Wheel_Leg\CYT4BB7_Library-master(2)\Seekfree_CYT4BB_Opensource_Library\project\iar\Debug_m7_0\Obj\syslib_16330585751512546975.dir: [36]
    cy_syslib.o                      182               140
    cy_syslib_iar.o                   30
    ---------------------------------------------------------------
    Total:                           212               140

D:\xczcz\21th-Wheel_Leg\CYT4BB7_Library-master(2)\Seekfree_CYT4BB_Opensource_Library\project\iar\Debug_m7_0\Obj\syspm_10887939769544754770.dir: [37]
    ---------------------------------------------------------------
    Total:

D:\xczcz\21th-Wheel_Leg\CYT4BB7_Library-master(2)\Seekfree_CYT4BB_Opensource_Library\project\iar\Debug_m7_0\Obj\sysreghc_17676636058511625587.dir: [38]
    ---------------------------------------------------------------
    Total:

D:\xczcz\21th-Wheel_Leg\CYT4BB7_Library-master(2)\Seekfree_CYT4BB_Opensource_Library\project\iar\Debug_m7_0\Obj\sysreset_14586141425677365288.dir: [39]
    ---------------------------------------------------------------
    Total:

D:\xczcz\21th-Wheel_Leg\CYT4BB7_Library-master(2)\Seekfree_CYT4BB_Opensource_Library\project\iar\Debug_m7_0\Obj\sysrtc_10747768817563771611.dir: [40]
    ---------------------------------------------------------------
    Total:

D:\xczcz\21th-Wheel_Leg\CYT4BB7_Library-master(2)\Seekfree_CYT4BB_Opensource_Library\project\iar\Debug_m7_0\Obj\systick_16016591671695740695.dir: [41]
    ---------------------------------------------------------------
    Total:

D:\xczcz\21th-Wheel_Leg\CYT4BB7_Library-master(2)\Seekfree_CYT4BB_Opensource_Library\project\iar\Debug_m7_0\Obj\syswdt_9118657615806274156.dir: [42]
    ---------------------------------------------------------------
    Total:

D:\xczcz\21th-Wheel_Leg\CYT4BB7_Library-master(2)\Seekfree_CYT4BB_Opensource_Library\project\iar\Debug_m7_0\Obj\tcpwm_422923530147891246.dir: [43]
    cy_tcpwm.o                        12
    cy_tcpwm_counter.o               440       20
    cy_tcpwm_pwm.o                   522       28
    ---------------------------------------------------------------
    Total:                           974       48

D:\xczcz\21th-Wheel_Leg\CYT4BB7_Library-master(2)\Seekfree_CYT4BB_Opensource_Library\project\iar\Debug_m7_0\Obj\trigmux_9729677290734583340.dir: [44]
    ---------------------------------------------------------------
    Total:

D:\xczcz\21th-Wheel_Leg\CYT4BB7_Library-master(2)\Seekfree_CYT4BB_Opensource_Library\project\iar\Debug_m7_0\Obj\user_8514941877209965082.dir: [45]
    cm7_0_isr.o                      334                 4
    main_cm7_0.o                     152       68
    ---------------------------------------------------------------
    Total:                           486       68        4

D:\xczcz\21th-Wheel_Leg\CYT4BB7_Library-master(2)\Seekfree_CYT4BB_Opensource_Library\project\iar\Debug_m7_0\Obj\zf_common_1201165462030747823.dir: [46]
    zf_common_clock.o                 28                 4
    zf_common_debug.o              1'108      120      112
    zf_common_fifo.o               1'096      124
    zf_common_font.o                        2'072
    zf_common_interrupt.o            226                 4
    ---------------------------------------------------------------
    Total:                         2'458    2'316      120

D:\xczcz\21th-Wheel_Leg\CYT4BB7_Library-master(2)\Seekfree_CYT4BB_Opensource_Library\project\iar\Debug_m7_0\Obj\zf_components_14936052685886095442.dir: [47]
    ---------------------------------------------------------------
    Total:

D:\xczcz\21th-Wheel_Leg\CYT4BB7_Library-master(2)\Seekfree_CYT4BB_Opensource_Library\project\iar\Debug_m7_0\Obj\zf_device_6570275422786408770.dir: [48]
    zf_device_gnss.o                 276               413
    zf_device_imu660rb.o             468      156       12
    zf_device_ips200.o             2'900      125       14
    zf_device_key.o                  260      128       24
    zf_device_mt9v03x.o            1'048       40   22'562   22'564
    zf_device_tsl1401.o              124               514
    zf_device_type.o                  68        1        9
    zf_device_uart_receiver.o        364                45
    ---------------------------------------------------------------
    Total:                         5'508      450   23'593   22'564

D:\xczcz\21th-Wheel_Leg\CYT4BB7_Library-master(2)\Seekfree_CYT4BB_Opensource_Library\project\iar\Debug_m7_0\Obj\zf_driver_11922370083829174090.dir: [49]
    zf_driver_adc.o                  116        1       84
    zf_driver_delay.o                644        1        3
    zf_driver_gpio.o                 380
    zf_driver_pit.o                  920        6       60
    zf_driver_pwm.o                3'520      124
    zf_driver_soft_iic.o           1'532      128
    zf_driver_spi.o                3'240      125       20
    zf_driver_timer.o                680                 4
    zf_driver_uart.o               2'896      130      464
    ---------------------------------------------------------------
    Total:                        13'928      515      635

dl7M_tln.a: [50]
    abort.o                            6
    exit.o                             4
    heap0.o                          316                 8
    heaptramp0.o                       4
    printf.o                          40
    putchar.o                         32
    sprintf.o                         64
    strncmp.o                         42
    vla_alloc.o                       22
    xfail_s.o                         64                 4
    xgetmemchunk.o                    44                 4
    xprintffull_nomb.o             3'758
    xprout.o                          22
    xsprout.o                         10
    ---------------------------------------------------------------
    Total:                         4'428                16

m7M_tlv.a: [51]
    DblCmpGe.o                        52
    DblCmpLe.o                        52
    DblDiv.o                          18
    DblMul.o                          18
    DblSub.o                          18
    DblToS32.o                        14
    DblToU32.o                        14
    S32ToDbl.o                        14
    U32ToDbl.o                        14
    atan2f.o                         106
    fpinit_M.o                        34
    frexp.o                          112
    ldexp.o                          260
    xatanf.o                         164
    ---------------------------------------------------------------
    Total:                           890

rt7M_tl.a: [52]
    ABImemclr4.o                       6
    ABImemcpy.o                      166
    ABImemset.o                      102
    ABImemset48.o                     50
    I64DivMod.o                      560
    I64DivZer.o                        2
    cexit.o                           10
    cmain.o                           30
    cstartup_M.o                      28
    data_init.o                       40
    lz77_init_single.o               126
    memchr.o                          88
    strchr.o                          22
    strlen.o                          54
    strncpy.o                        112
    zero_init3.o                      56
    ---------------------------------------------------------------
    Total:                         1'452

shb_l.a: [53]
    exit.o                            20
    ---------------------------------------------------------------
    Total:                            20

zf_device_config.a: [54]
    zf_device_config_mt9v03x.o     2'136                36
    ---------------------------------------------------------------
    Total:                         2'136                36

    Gaps                              50        6
    Linker created                             32    9'216
-------------------------------------------------------------------
    Grand Total:                  41'382    4'199   35'933   22'564


*******************************************************************************
*** ENTRY LIST
***

Entry                       Address    Size  Type      Object
-----                       -------    ----  ----      ------
.iar.init_table$$Base   0x1008'ae74           --   Gb  - Linker created -
.iar.init_table$$Limit  0x1008'ae94           --   Gb  - Linker created -
?main                   0x1008'af01          Code  Gb  cmain.o [52]
Aldata                  0x2803'1f58     0x8  Data  Lc  heap0.o [50]
BusFault_Handler        0x1008'b119          Code  Wk  startup_cm7.o [31]
CSTACK$$Base            0x2807'e000           --   Gb  - Linker created -
CSTACK$$Limit           0x2808'0000           --   Gb  - Linker created -
CopyVectorTable         0x1008'9ac5    0x34  Code  Lc  startup.o [31]
CpuUserInt0_Handler     0x1008'9ca7    0x26  Code  Gb  cy_interrupt_map.o [23]
CpuUserInt10_Handler    0x1008'b135          Code  Wk  startup_cm7.o [31]
CpuUserInt11_Handler    0x1008'b139          Code  Wk  startup_cm7.o [31]
CpuUserInt12_Handler    0x1008'b13d          Code  Wk  startup_cm7.o [31]
CpuUserInt13_Handler    0x1008'b141          Code  Wk  startup_cm7.o [31]
CpuUserInt14_Handler    0x1008'b145          Code  Wk  startup_cm7.o [31]
CpuUserInt15_Handler    0x1008'b149          Code  Wk  startup_cm7.o [31]
CpuUserInt1_Handler     0x1008'9ccd    0x26  Code  Gb  cy_interrupt_map.o [23]
CpuUserInt2_Handler     0x1008'9cf3    0x26  Code  Gb  cy_interrupt_map.o [23]
CpuUserInt3_Handler     0x1008'9d19    0x26  Code  Gb  cy_interrupt_map.o [23]
CpuUserInt4_Handler     0x1008'9d3f    0x26  Code  Gb  cy_interrupt_map.o [23]
CpuUserInt5_Handler     0x1008'9d65    0x26  Code  Gb  cy_interrupt_map.o [23]
CpuUserInt6_Handler     0x1008'9d8b    0x26  Code  Gb  cy_interrupt_map.o [23]
CpuUserInt7_Handler     0x1008'9db1    0x26  Code  Gb  cy_interrupt_map.o [23]
CpuUserInt8_Handler     0x1008'b12d          Code  Wk  startup_cm7.o [31]
CpuUserInt9_Handler     0x1008'b131          Code  Wk  startup_cm7.o [31]
Cy_DefaultUserHandler   0x1008'9ca5     0x2  Code  Gb  cy_interrupt_map.o [23]
Cy_GPIO_ClearInterrupt  0x1008'292f     0xe  Code  Lc  cy_gpio.o [14]
Cy_GPIO_Clr             0x1008'5ad9     0xa  Code  Lc  zf_driver_gpio.o [49]
Cy_GPIO_Pin_Init        0x1008'2973    0x72  Code  Gb  cy_gpio.o [14]
Cy_GPIO_Read            0x1008'5ac5     0xa  Code  Lc  zf_driver_gpio.o [49]
Cy_GPIO_Set             0x1008'5acf     0xa  Code  Lc  zf_driver_gpio.o [49]
Cy_GPIO_SetDriveSel     0x1008'2911    0x1e  Code  Lc  cy_gpio.o [14]
Cy_GPIO_SetDrivemode    0x1008'28c1    0x1c  Code  Lc  cy_gpio.o [14]
Cy_GPIO_SetDrivemode    0x1008'5ae3    0x1c  Code  Lc  zf_driver_gpio.o [49]
Cy_GPIO_SetHSIOM        0x1008'285d    0x4c  Code  Lc  cy_gpio.o [14]
Cy_GPIO_SetInterruptEdge
                        0x1008'2957    0x1c  Code  Lc  cy_gpio.o [14]
Cy_GPIO_SetInterruptMask
                        0x1008'293d    0x1a  Code  Lc  cy_gpio.o [14]
Cy_GPIO_SetSlewRate     0x1008'28f7    0x1a  Code  Lc  cy_gpio.o [14]
Cy_GPIO_SetVtrip        0x1008'28dd    0x1a  Code  Lc  cy_gpio.o [14]
Cy_GPIO_Write           0x1008'28a9    0x18  Code  Lc  cy_gpio.o [14]
Cy_RestoreIRQ           0x1008'9c81          Code  Gb  startup_cm7.o [31]
Cy_SCB_ClearRxFifo      0x1008'40cb    0x1e  Code  Lc  zf_driver_spi.o [49]
Cy_SCB_ClearRxInterrupt
                        0x1008'2e23     0xa  Code  Lc  zf_driver_uart.o [49]
Cy_SCB_ClearTxInterrupt
                        0x1008'2e39     0xa  Code  Lc  zf_driver_uart.o [49]
Cy_SCB_GetFifoSize      0x1008'4125    0x12  Code  Lc  zf_driver_spi.o [49]
Cy_SCB_GetNumInRxFifo   0x1008'40c1     0xa  Code  Lc  zf_driver_spi.o [49]
Cy_SCB_GetNumInRxFifo   0x1008'2dd1     0xa  Code  Lc  zf_driver_uart.o [49]
Cy_SCB_GetNumInTxFifo   0x1008'40ef     0xa  Code  Lc  zf_driver_spi.o [49]
Cy_SCB_GetNumInTxFifo   0x1008'2de1     0xa  Code  Lc  zf_driver_uart.o [49]
Cy_SCB_GetRxInterruptMask
                        0x1008'2e1d     0x6  Code  Lc  zf_driver_uart.o [49]
Cy_SCB_GetTxInterruptMask
                        0x1008'2e33     0x6  Code  Lc  zf_driver_uart.o [49]
Cy_SCB_GetTxSrValid     0x1008'40f9     0xa  Code  Lc  zf_driver_spi.o [49]
Cy_SCB_GetTxSrValid     0x1008'2deb     0xa  Code  Lc  zf_driver_uart.o [49]
Cy_SCB_IsTxComplete     0x1008'4103    0x22  Code  Lc  zf_driver_spi.o [49]
Cy_SCB_IsTxComplete     0x1008'2df5    0x22  Code  Lc  zf_driver_uart.o [49]
Cy_SCB_ReadRxFifo       0x1008'2dcb     0x6  Code  Lc  zf_driver_uart.o [49]
Cy_SCB_SPI_ClearRxFifo  0x1008'4155     0x8  Code  Lc  zf_driver_spi.o [49]
Cy_SCB_SPI_Enable       0x1008'4137     0xa  Code  Lc  zf_driver_spi.o [49]
Cy_SCB_SPI_GetNumInRxFifo
                        0x1008'414d     0x8  Code  Lc  zf_driver_spi.o [49]
Cy_SCB_SPI_Init         0x1008'4d69   0x1d8  Code  Gb  cy_scb_spi.o [24]
Cy_SCB_SPI_SetActiveSlaveSelect
                        0x1008'4141     0xc  Code  Lc  zf_driver_spi.o [49]
Cy_SCB_SetRxInterruptMask
                        0x1008'2e17     0x6  Code  Lc  zf_driver_uart.o [49]
Cy_SCB_SetTxInterruptMask
                        0x1008'2e2d     0x6  Code  Lc  zf_driver_uart.o [49]
Cy_SCB_UART_DeInit      0x1008'3f51    0x5c  Code  Gb  cy_scb_uart.o [24]
Cy_SCB_UART_Enable      0x1008'2e43     0xa  Code  Lc  zf_driver_uart.o [49]
Cy_SCB_UART_Init        0x1008'3ccd   0x284  Code  Gb  cy_scb_uart.o [24]
Cy_SCB_WriteTxFifo      0x1008'40e9     0x6  Code  Lc  zf_driver_spi.o [49]
Cy_SCB_WriteTxFifo      0x1008'2ddb     0x6  Code  Lc  zf_driver_uart.o [49]
Cy_SaveIRQ              0x1008'9c79          Code  Gb  startup_cm7.o [31]
Cy_SysClk_CheckDividerExisting
                        0x1008'8ca5    0x2c  Code  Lc  zf_device_mt9v03x.o [48]
Cy_SysClk_CheckDividerExisting
                        0x1008'5c41    0x2a  Code  Lc  zf_driver_delay.o [49]
Cy_SysClk_CheckDividerExisting
                        0x1008'90bd    0x2c  Code  Lc  zf_driver_pit.o [49]
Cy_SysClk_CheckDividerExisting
                        0x1008'15e1    0x2c  Code  Lc  zf_driver_pwm.o [49]
Cy_SysClk_CheckDividerExisting
                        0x1008'415d    0x2c  Code  Lc  zf_driver_spi.o [49]
Cy_SysClk_CheckDividerExisting
                        0x1008'9455    0x2a  Code  Lc  zf_driver_timer.o [49]
Cy_SysClk_CheckDividerExisting
                        0x1008'2c27    0x2c  Code  Lc  zf_driver_uart.o [49]
Cy_SysClk_ClkPathGetSource
                        0x1008'6fd1    0x54  Code  Gb  cy_sysclk.o [33]
Cy_SysClk_EcoGetStatus  0x1008'6e5d    0x1a  Code  Lc  cy_sysclk.o [33]
Cy_SysClk_Fast0ClkGetDivider
                        0x1008'6fa5    0x16  Code  Lc  cy_sysclk.o [33]
Cy_SysClk_Fast1ClkGetDivider
                        0x1008'6fbb    0x16  Code  Lc  cy_sysclk.o [33]
Cy_SysClk_FllGetConfiguration
                        0x1008'702d    0x7e  Code  Gb  cy_sysclk.o [33]
Cy_SysClk_FllGetLockStatus
                        0x1008'6e77     0xc  Code  Lc  cy_sysclk.o [33]
Cy_SysClk_GetClockGroup
                        0x1008'8d51     0x8  Code  Lc  zf_device_mt9v03x.o [48]
Cy_SysClk_GetClockGroup
                        0x1008'5ce9     0x8  Code  Lc  zf_driver_delay.o [49]
Cy_SysClk_GetClockGroup
                        0x1008'916b     0x8  Code  Lc  zf_driver_pit.o [49]
Cy_SysClk_GetClockGroup
                        0x1008'168f     0x8  Code  Lc  zf_driver_pwm.o [49]
Cy_SysClk_GetClockGroup
                        0x1008'4241     0x8  Code  Lc  zf_driver_spi.o [49]
Cy_SysClk_GetClockGroup
                        0x1008'94fd     0x8  Code  Lc  zf_driver_timer.o [49]
Cy_SysClk_GetClockGroup
                        0x1008'2d0b     0x8  Code  Lc  zf_driver_uart.o [49]
Cy_SysClk_GetCoreFrequency
                        0x1008'76f1    0x2a  Code  Gb  cy_sysclk.o [33]
Cy_SysClk_GetEcoFrequency
                        0x1008'71f9    0x32  Code  Gb  cy_sysclk.o [33]
Cy_SysClk_GetExtFrequency
                        0x1008'722d    0x1e  Code  Gb  cy_sysclk.o [33]
Cy_SysClk_GetFast0Frequency
                        0x1008'7645    0x56  Code  Gb  cy_sysclk.o [33]
Cy_SysClk_GetFast1Frequency
                        0x1008'769b    0x56  Code  Gb  cy_sysclk.o [33]
Cy_SysClk_GetFllInputFrequency
                        0x1008'734d     0xc  Code  Gb  cy_sysclk.o [33]
Cy_SysClk_GetFllOutputFrequency
                        0x1008'7375    0x78  Code  Gb  cy_sysclk.o [33]
Cy_SysClk_GetHfClkFrequency
                        0x1008'75c7    0x7a  Code  Gb  cy_sysclk.o [33]
Cy_SysClk_GetIlo0Frequency
                        0x1008'724b    0x32  Code  Gb  cy_sysclk.o [33]
Cy_SysClk_GetIlo1Frequency
                        0x1008'727d    0x32  Code  Gb  cy_sysclk.o [33]
Cy_SysClk_GetImoFrequency
                        0x1008'71c7    0x32  Code  Gb  cy_sysclk.o [33]
Cy_SysClk_GetPathFrequency
                        0x1008'7595    0x32  Code  Gb  cy_sysclk.o [33]
Cy_SysClk_GetPathSourceFrequency
                        0x1008'72e9    0x64  Code  Gb  cy_sysclk.o [33]
Cy_SysClk_GetPll400MNo  0x1008'6ec1    0x14  Code  Lc  cy_sysclk.o [33]
Cy_SysClk_GetPllInputFrequency
                        0x1008'7359    0x1c  Code  Gb  cy_sysclk.o [33]
Cy_SysClk_GetPllNo      0x1008'6e85    0x12  Code  Lc  cy_sysclk.o [33]
Cy_SysClk_GetPllOutputFrequency
                        0x1008'73f1   0x1a0  Code  Gb  cy_sysclk.o [33]
Cy_SysClk_GetWcoFrequency
                        0x1008'72af    0x32  Code  Gb  cy_sysclk.o [33]
Cy_SysClk_HfClockGetDivider
                        0x1008'6f63    0x42  Code  Lc  cy_sysclk.o [33]
Cy_SysClk_HfClockGetSource
                        0x1008'6f0f    0x54  Code  Lc  cy_sysclk.o [33]
Cy_SysClk_InitGetFreqParams
                        0x1008'71ad    0x1a  Code  Gb  cy_sysclk.o [33]
Cy_SysClk_PeriphAssignDivider
                        0x1008'8d59    0x68  Code  Lc  zf_device_mt9v03x.o [48]
Cy_SysClk_PeriphAssignDivider
                        0x1008'5cf1    0x68  Code  Lc  zf_driver_delay.o [49]
Cy_SysClk_PeriphAssignDivider
                        0x1008'9173    0x68  Code  Lc  zf_driver_pit.o [49]
Cy_SysClk_PeriphAssignDivider
                        0x1008'1697    0x6a  Code  Lc  zf_driver_pwm.o [49]
Cy_SysClk_PeriphAssignDivider
                        0x1008'4249    0x6a  Code  Lc  zf_driver_spi.o [49]
Cy_SysClk_PeriphAssignDivider
                        0x1008'9505    0x68  Code  Lc  zf_driver_timer.o [49]
Cy_SysClk_PeriphAssignDivider
                        0x1008'2d13    0x6a  Code  Lc  zf_driver_uart.o [49]
Cy_SysClk_PeriphEnableDivider
                        0x1008'8dc1    0x4c  Code  Lc  zf_device_mt9v03x.o [48]
Cy_SysClk_PeriphEnableDivider
                        0x1008'5d59    0x4c  Code  Lc  zf_driver_delay.o [49]
Cy_SysClk_PeriphEnableDivider
                        0x1008'91db    0x4c  Code  Lc  zf_driver_pit.o [49]
Cy_SysClk_PeriphEnableDivider
                        0x1008'1701    0x4e  Code  Lc  zf_driver_pwm.o [49]
Cy_SysClk_PeriphEnableDivider
                        0x1008'42b3    0x4e  Code  Lc  zf_driver_spi.o [49]
Cy_SysClk_PeriphEnableDivider
                        0x1008'956d    0x4c  Code  Lc  zf_driver_timer.o [49]
Cy_SysClk_PeriphEnableDivider
                        0x1008'2d7d    0x4e  Code  Lc  zf_driver_uart.o [49]
Cy_SysClk_PeriphSetDivider
                        0x1008'8cd1    0x80  Code  Lc  zf_device_mt9v03x.o [48]
Cy_SysClk_PeriphSetDivider
                        0x1008'5c6b    0x7e  Code  Lc  zf_driver_delay.o [49]
Cy_SysClk_PeriphSetDivider
                        0x1008'90e9    0x82  Code  Lc  zf_driver_pit.o [49]
Cy_SysClk_PeriphSetDivider
                        0x1008'160d    0x82  Code  Lc  zf_driver_pwm.o [49]
Cy_SysClk_PeriphSetDivider
                        0x1008'947f    0x7e  Code  Lc  zf_driver_timer.o [49]
Cy_SysClk_PeriphSetFracDivider
                        0x1008'4189    0xb8  Code  Lc  zf_driver_spi.o [49]
Cy_SysClk_PeriphSetFracDivider
                        0x1008'2c53    0xb8  Code  Lc  zf_driver_uart.o [49]
Cy_SysClk_Pll400MGetConfiguration
                        0x1008'7119    0x84  Code  Gb  cy_sysclk.o [33]
Cy_SysClk_Pll400MGetLockStatus
                        0x1008'6ed5    0x2a  Code  Lc  cy_sysclk.o [33]
Cy_SysClk_PllGetConfiguration
                        0x1008'70c5    0x48  Code  Gb  cy_sysclk.o [33]
Cy_SysClk_PllGetLockStatus
                        0x1008'6e97    0x28  Code  Lc  cy_sysclk.o [33]
Cy_SysClk_WcoOkay       0x1008'6f01     0xe  Code  Lc  cy_sysclk.o [33]
Cy_SysInt_InitIRQ       0x1008'3fe1    0x7e  Code  Gb  cy_sysint.o [35]
Cy_SysInt_SetSystemIrqVector
                        0x1008'405f    0x12  Code  Gb  cy_sysint.o [35]
Cy_SysInt_SystemIrqUserTableRamPointer
                        0x2802'bf30     0x4  Data  Gb  cy_interrupt_map.o [23]
Cy_SysLib_DelayCycles   0x1008'aee1          Code  Gb  cy_syslib_iar.o [36]
Cy_SysLib_EnterCriticalSection
                        0x1008'aef1          Code  Gb  cy_syslib_iar.o [36]
Cy_SysLib_ExitCriticalSection
                        0x1008'aef9          Code  Gb  cy_syslib_iar.o [36]
Cy_SysLib_FaultHandler  0x1008'77b9    0x90  Code  Gb  cy_syslib.o [36]
Cy_SysLib_Halt          0x1008'77b5     0x4  Code  Gb  cy_syslib.o [36]
Cy_SysLib_ProcessingFault
                        0x1008'785d     0x2  Code  Wk  cy_syslib.o [36]
Cy_SysLib_SvcHandler    0x1008'b05d     0xc  Code  Wk  cy_syslib.o [36]
Cy_SystemInitFpuEnable  0x1008'9c19    0x1e  Code  Gb  system_tviibh4m_cm7.o [22]
Cy_SystemIrqUserTable   0x2802'b844   0x6ec  Data  Gb  cy_interrupt_map.o [23]
Cy_Tcpwm_Counter_ClearTC_Intr
                        0x1008'61ad    0x10  Code  Gb  cy_tcpwm_counter.o [43]
Cy_Tcpwm_Counter_Disable
                        0x1008'618f     0xa  Code  Gb  cy_tcpwm_counter.o [43]
Cy_Tcpwm_Counter_Enable
                        0x1008'6185     0xa  Code  Gb  cy_tcpwm_counter.o [43]
Cy_Tcpwm_Counter_GetCounter
                        0x1008'619d     0x4  Code  Gb  cy_tcpwm_counter.o [43]
Cy_Tcpwm_Counter_Init   0x1008'6005   0x16c  Code  Gb  cy_tcpwm_counter.o [43]
Cy_Tcpwm_Counter_SetCounter
                        0x1008'6199     0x4  Code  Gb  cy_tcpwm_counter.o [43]
Cy_Tcpwm_Counter_SetTC_IntrMask
                        0x1008'61a1     0xc  Code  Gb  cy_tcpwm_counter.o [43]
Cy_Tcpwm_Pwm_Enable     0x1008'2bf1     0xa  Code  Gb  cy_tcpwm_pwm.o [43]
Cy_Tcpwm_Pwm_Init       0x1008'29f1   0x1e4  Code  Gb  cy_tcpwm_pwm.o [43]
Cy_Tcpwm_TriggerStart   0x1008'2bfb     0xc  Code  Gb  cy_tcpwm.o [43]
Cy_u32StartupStackEndAddress
                        0x1008'a67c          Data  Gb  startup_cm7.o [31]
Cy_u32StartupStackStartAddress
                        0x1008'a678          Data  Gb  startup_cm7.o [31]
DebugMon_Handler        0x1008'b121          Code  Wk  startup_cm7.o [31]
HEAP$$Base              0x2807'dc00           --   Gb  - Linker created -
HEAP$$Limit             0x2807'e000           --   Gb  - Linker created -
HEAP_STACK$$Base        0x2807'dc00           --   Gb  - Linker created -
[...]
key_init                0x1008'a33f    0x4a  Code  Gb  zf_device_key.o [48]
key_press_time          0x2803'1ed0    0x10  Data  Lc  zf_device_key.o [48]
key_scanner             0x1008'a29d    0x9a  Code  Gb  zf_device_key.o [48]
key_state               0x2803'1fdc     0x4  Data  Lc  zf_device_key.o [48]
last_yaw                0x2803'1f9c     0x4  Data  Lc  quaternion.o [5]
ldexp                   0x1008'1231          Code  Gb  ldexp.o [51]
ldexpl                  0x1008'1231          Code  Gb  ldexp.o [51]
main                    0x1008'a72d    0x98  Code  Gb  main_cm7_0.o [45]
memchr                  0x1008'1045          Code  Gb  memchr.o [52]
motor_value             0x2803'1ea8    0x14  Data  Gb  small_driver_uart_control.o [5]
mt9v03x_auto_exp        0x2803'1ff0     0x4  Data  Lc  zf_device_config_mt9v03x.o [54]
mt9v03x_exp_time        0x2803'1ff4     0x4  Data  Lc  zf_device_config_mt9v03x.o [54]
mt9v03x_finish_flag     0x2803'201b     0x1  Data  Gb  zf_device_mt9v03x.o [48]
mt9v03x_h_blank         0x2803'1fec     0x4  Data  Lc  zf_device_config_mt9v03x.o [54]
mt9v03x_h_num           0x2800'6bf0     0x2  Data  Wk  zf_device_mt9v03x.o [48]
mt9v03x_iic_inf_struct  0x2803'1ef0    0x10  Data  Lc  zf_device_config_mt9v03x.o [54]
mt9v03x_image           0x2802'bff4  0x5820  Data  Gb  zf_device_mt9v03x.o [48]
mt9v03x_image_temp      0x2802'6024  0x5820  Data  Wk  zf_device_mt9v03x.o [48]
mt9v03x_init            0x1008'8f5b   0x112  Code  Gb  zf_device_mt9v03x.o [48]
mt9v03x_read_word_sccb  0x1008'791d    0x28  Code  Lc  zf_device_config_mt9v03x.o [54]
mt9v03x_row             0x2803'1ff8     0x4  Data  Lc  zf_device_config_mt9v03x.o [54]
mt9v03x_sccb_check_id   0x1008'7945    0x60  Code  Gb  zf_device_config_mt9v03x.o [54]
mt9v03x_sccb_init       0x1008'8f01    0x5a  Code  Gb  zf_device_mt9v03x.o [48]
mt9v03x_sccb_set_config
                        0x1008'79a5   0x6f8  Code  Gb  zf_device_config_mt9v03x.o [54]
mt9v03x_trig_init       0x1008'8e51    0xb0  Code  Lc  zf_device_mt9v03x.o [48]
mt9v03x_v_blank         0x2803'1fe8     0x4  Data  Lc  zf_device_config_mt9v03x.o [54]
mt9v03x_w_num           0x2800'6bf2     0x2  Data  Wk  zf_device_mt9v03x.o [48]
mt9v03x_write_and_check_word_sccb
                        0x1008'788b    0x92  Code  Lc  zf_device_config_mt9v03x.o [54]
mt9v03x_write_word_sccb
                        0x1008'7861    0x2a  Code  Lc  zf_device_config_mt9v03x.o [54]
perfect_proportion      0x2803'201c     0x1  Data  Lc  zf_device_mt9v03x.o [48]
pit0_ch0_isr            0x1008'a14d    0x28  Code  Gb  cm7_0_isr.o [45]
pit0_ch0_isr::count1    0x2803'1f64     0x4  Data  Lc  cm7_0_isr.o [45]
pit0_ch10_isr           0x1008'a1a9     0xa  Code  Gb  cm7_0_isr.o [45]
pit0_ch11_isr           0x1008'a1b3     0xa  Code  Gb  cm7_0_isr.o [45]
pit0_ch12_isr           0x1008'a1bd     0xa  Code  Gb  cm7_0_isr.o [45]
pit0_ch13_isr           0x1008'a1c7     0xa  Code  Gb  cm7_0_isr.o [45]
pit0_ch14_isr           0x1008'a1d1     0xa  Code  Gb  cm7_0_isr.o [45]
pit0_ch15_isr           0x1008'a1db     0xa  Code  Gb  cm7_0_isr.o [45]
pit0_ch16_isr           0x1008'a1e5     0xa  Code  Gb  cm7_0_isr.o [45]
pit0_ch17_isr           0x1008'a1ef     0xa  Code  Gb  cm7_0_isr.o [45]
pit0_ch18_isr           0x1008'a1f9     0xa  Code  Gb  cm7_0_isr.o [45]
pit0_ch19_isr           0x1008'a203     0xa  Code  Gb  cm7_0_isr.o [45]
pit0_ch1_isr            0x1008'a175    0x2a  Code  Gb  cm7_0_isr.o [45]
pit0_ch20_isr           0x1008'a20d     0xa  Code  Gb  cm7_0_isr.o [45]
pit0_ch21_isr           0x1008'a217     0xe  Code  Gb  cm7_0_isr.o [45]
pit0_ch2_isr            0x1008'a19f     0xa  Code  Gb  cm7_0_isr.o [45]
pit_init                0x1008'9251   0x1ee  Code  Gb  zf_driver_pit.o [49]
pit_isr_flag_clear      0x1008'9227    0x2a  Code  Gb  zf_driver_pit.o [49]
pit_isr_func            0x2802'bf60    0x3c  Data  Gb  zf_driver_pit.o [49]
printf                  0x1008'a7e1    0x28  Code  Gb  printf.o [50]
putchar                 0x1008'aeb5    0x20  Code  Gb  putchar.o [50]
pwm_all_channel_close   0x1008'2191    0x1a  Code  Gb  zf_driver_pwm.o [49]
pwm_init                0x1008'21ab   0x1e4  Code  Gb  zf_driver_pwm.o [49]
q0                      0x2802'bf34     0x4  Data  Gb  quaternion.o [5]
q1                      0x2803'1f6c     0x4  Data  Gb  quaternion.o [5]
q2                      0x2803'1f70     0x4  Data  Gb  quaternion.o [5]
q3                      0x2803'1f74     0x4  Data  Gb  quaternion.o [5]
q_rsqrt                 0x1008'6391    0x32  Code  Gb  quaternion.o [5]
sar_adc                 0x2802'bf54     0xc  Data  Lc  zf_driver_adc.o [49]
scalbln                 0x1008'1231          Code  Gb  ldexp.o [51]
scalblnl                0x1008'1231          Code  Gb  ldexp.o [51]
scalbn                  0x1008'1231          Code  Gb  ldexp.o [51]
scalbnl                 0x1008'1231          Code  Gb  ldexp.o [51]
scale                   0x1008'0e61    0x46  Code  Lc  xprintffull_nomb.o [50]
scanner_period          0x2803'1fd8     0x4  Data  Lc  zf_device_key.o [48]
scb_module              0x2802'bfc8    0x1c  Data  Gb  zf_driver_uart.o [49]
sec_hand                0x2803'2000     0x4  Data  Lc  xfail_s.o [50]
servo_init              0x1008'a681    0x9c  Code  Gb  servo.o [5]
set_wireless_type       0x1008'a10b    0x32  Code  Gb  zf_device_type.o [48]
small_driver_get_speed  0x1008'9f15    0x2a  Code  Gb  small_driver_uart_control.o [5]
small_driver_init       0x1008'9f3f    0x2e  Code  Gb  small_driver_uart_control.o [5]
small_driver_set_duty   0x1008'9ed3    0x42  Code  Gb  small_driver_uart_control.o [5]
small_driver_uart_init  0x1008'9f71    0x2a  Code  Gb  small_driver_uart_control.o [5]
soft_iic_init           0x1008'8639    0x78  Code  Gb  zf_driver_soft_iic.o [49]
soft_iic_read_data      0x1008'8463   0x10e  Code  Lc  zf_driver_soft_iic.o [49]
soft_iic_sccb_read_register
                        0x1008'85cd    0x6c  Code  Gb  zf_driver_soft_iic.o [49]
soft_iic_sccb_write_register
                        0x1008'857d    0x4c  Code  Gb  zf_driver_soft_iic.o [49]
soft_iic_send_ack       0x1008'81f5    0xc6  Code  Lc  zf_driver_soft_iic.o [49]
soft_iic_send_data      0x1008'838b    0xd8  Code  Lc  zf_driver_soft_iic.o [49]
soft_iic_start          0x1008'80b9    0x9e  Code  Lc  zf_driver_soft_iic.o [49]
soft_iic_stop           0x1008'8157    0x9e  Code  Lc  zf_driver_soft_iic.o [49]
soft_iic_wait_ack       0x1008'82bb    0xd0  Code  Lc  zf_driver_soft_iic.o [49]
spi_get_clk_hsiom       0x1008'43bd    0x28  Code  Lc  zf_driver_spi.o [49]
spi_get_clk_pin         0x1008'4301    0x28  Code  Lc  zf_driver_spi.o [49]
spi_get_cs_hsiom        0x1008'4435    0x44  Code  Lc  zf_driver_spi.o [49]
spi_get_cs_pin          0x1008'4379    0x44  Code  Lc  zf_driver_spi.o [49]
spi_get_miso_hsiom      0x1008'440d    0x28  Code  Lc  zf_driver_spi.o [49]
spi_get_miso_pin        0x1008'4351    0x28  Code  Lc  zf_driver_spi.o [49]
spi_get_mosi_hsiom      0x1008'43e5    0x28  Code  Lc  zf_driver_spi.o [49]
spi_get_mosi_pin        0x1008'4329    0x28  Code  Lc  zf_driver_spi.o [49]
spi_init                0x1008'4aa1   0x2b2  Code  Gb  zf_driver_spi.o [49]
spi_module              0x2802'bf9c    0x10  Data  Gb  zf_driver_spi.o [49]
spi_read_8bit_register  0x1008'48a5    0xea  Code  Gb  zf_driver_spi.o [49]
spi_read_8bit_registers
                        0x1008'498f    0xfe  Code  Gb  zf_driver_spi.o [49]
spi_write_16bit         0x1008'465f    0xaa  Code  Gb  zf_driver_spi.o [49]
spi_write_16bit_array   0x1008'4709    0xb6  Code  Gb  zf_driver_spi.o [49]
spi_write_8bit          0x1008'45b5    0xaa  Code  Gb  zf_driver_spi.o [49]
spi_write_8bit_register
                        0x1008'47bf    0xde  Code  Gb  zf_driver_spi.o [49]
sprintf                 0x1008'3759    0x40  Code  Gb  sprintf.o [50]
strchr                  0x1008'0fad          Code  Gb  strchr.o [52]
strlen                  0x1008'100d          Code  Gb  strlen.o [52]
strncmp                 0x1008'a5a5    0x2a  Code  Gb  strncmp.o [50]
strncpy                 0x1008'7745          Code  Gb  strncpy.o [52]
switch_transition_length
                        0x1008'4479   0x13c  Code  Lc  zf_driver_spi.o [49]
system_clock            0x2803'1fd0     0x4  Data  Gb  zf_common_clock.o [46]
system_delay_init       0x1008'5e03    0xa6  Code  Gb  zf_driver_delay.o [49]
system_delay_ms         0x1008'5da5    0x5e  Code  Gb  zf_driver_delay.o [49]
timer_ch                0x2802'bff3     0x1  Data  Lc  zf_driver_delay.o [49]
timer_clear             0x1008'960f    0x16  Code  Gb  zf_driver_timer.o [49]
timer_get               0x1008'95e1    0x2e  Code  Gb  zf_driver_timer.o [49]
timer_init              0x1008'9625    0xc8  Code  Gb  zf_driver_timer.o [49]
timer_start             0x1008'95b9    0x28  Code  Gb  zf_driver_timer.o [49]
tsl1401_collect_pit_handler
                        0x1008'a3a1    0x68  Code  Gb  zf_device_tsl1401.o [48]
tsl1401_data            0x2803'1814   0x200  Data  Gb  zf_device_tsl1401.o [48]
tsl1401_finish_flag     0x2803'201e     0x1  Data  Gb  zf_device_tsl1401.o [48]
tsl1401_init_state      0x2803'201d     0x1  Data  Lc  zf_device_tsl1401.o [48]
type_default_callback   0x1008'a109     0x2  Code  Lc  zf_device_type.o [48]
uart0_isr               0x1008'a225    0x12  Code  Gb  cm7_0_isr.o [45]
uart1_isr               0x1008'a237    0x14  Code  Gb  cm7_0_isr.o [45]
uart2_isr               0x1008'a259    0x12  Code  Gb  cm7_0_isr.o [45]
uart3_isr               0x1008'a26b     0xa  Code  Gb  cm7_0_isr.o [45]
uart4_isr               0x1008'a275    0x12  Code  Gb  cm7_0_isr.o [45]
uart5_isr               0x1008'a287     0xa  Code  Gb  cm7_0_isr.o [45]
uart6_isr               0x1008'a291     0xa  Code  Gb  cm7_0_isr.o [45]
uart_context            0x2803'1a14   0x188  Data  Gb  zf_driver_uart.o [49]
uart_control_callback   0x1008'9e21    0xb2  Code  Gb  small_driver_uart_control.o [5]
uart_data_buffer        0x2803'1f48     0x8  Data  Lc  zf_driver_uart.o [49]
uart_data_refresh       0x2803'1f50     0x8  Data  Lc  zf_driver_uart.o [49]
uart_init               0x1008'354f   0x1c0  Code  Gb  zf_driver_uart.o [49]
uart_isr_func           0x2802'bfac    0x1c  Data  Gb  zf_driver_uart.o [49]
uart_isr_mask           0x1008'2e4d    0x80  Code  Gb  zf_driver_uart.o [49]
uart_query_byte         0x1008'3137    0x30  Code  Gb  zf_driver_uart.o [49]
uart_receiver           0x2803'1ee0    0x10  Data  Gb  zf_device_uart_receiver.o [48]
uart_receiver_analysis  0x1008'9fb1    0xcc  Code  Lc  zf_device_uart_receiver.o [48]
uart_receiver_callback  0x1008'a07d    0x4a  Code  Gb  zf_device_uart_receiver.o [48]
uart_receiver_callback::length
                        0x2803'2020     0x1  Data  Lc  zf_device_uart_receiver.o [48]
uart_receiver_data      0x2803'1e14    0x1c  Data  Gb  zf_device_uart_receiver.o [48]
uart_receiver_handler   0x2802'bf50     0x4  Data  Gb  zf_device_type.o [48]
uart_receiver_init      0x1008'a0c7    0x2e  Code  Gb  zf_device_uart_receiver.o [48]
uart_receiver_interval_time
                        0x1008'9f9d    0x14  Code  Lc  zf_device_uart_receiver.o [48]
uart_rx_interrupt       0x1008'3283    0xfe  Code  Gb  zf_driver_uart.o [49]
uart_sbus_init          0x1008'3381   0x1ce  Code  Gb  zf_driver_uart.o [49]
uart_tx_interrupt       0x1008'3167   0x11c  Code  Gb  zf_driver_uart.o [49]
uart_write_buffer       0x1008'30fd    0x1e  Code  Gb  zf_driver_uart.o [49]
uart_write_byte         0x1008'30d5    0x28  Code  Gb  zf_driver_uart.o [49]
uart_write_string       0x1008'311b    0x1c  Code  Gb  zf_driver_uart.o [49]
vecx_Z                  0x2803'1f78     0x4  Data  Gb  quaternion.o [5]
vecy1_Z                 0x2803'1f7c     0x4  Data  Gb  quaternion.o [5]
vecy2_Z                 0x2803'1f80     0x4  Data  Gb  quaternion.o [5]
vecz1_Z                 0x2803'1f84     0x4  Data  Gb  quaternion.o [5]
vecz2_Z                 0x2803'1f88     0x4  Data  Gb  quaternion.o [5]
wireless_module_uart_handler
                        0x2802'bf4c     0x4  Data  Gb  zf_device_type.o [48]
wireless_type           0x2803'201f     0x1  Data  Gb  zf_device_type.o [48]
yaw_offset              0x2803'1fa0     0x4  Data  Lc  quaternion.o [5]
zf_debug_assert_enable  0x2802'bfee     0x1  Data  Lc  zf_common_debug.o [46]
zf_debug_init_flag      0x2803'2011     0x1  Data  Lc  zf_common_debug.o [46]


[1] = D:\xczcz\21th-Wheel_Leg\CYT4BB7_Library-master(2)\Seekfree_CYT4BB_Opensource_Library\project\iar\Debug_m7_0\Obj\adc_11722776235721520015.dir
[2] = D:\xczcz\21th-Wheel_Leg\CYT4BB7_Library-master(2)\Seekfree_CYT4BB_Opensource_Library\project\iar\Debug_m7_0\Obj\audioss_1346650047966882938.dir
[3] = D:\xczcz\21th-Wheel_Leg\CYT4BB7_Library-master(2)\Seekfree_CYT4BB_Opensource_Library\project\iar\Debug_m7_0\Obj\button_4990804375159372270.dir
[4] = D:\xczcz\21th-Wheel_Leg\CYT4BB7_Library-master(2)\Seekfree_CYT4BB_Opensource_Library\project\iar\Debug_m7_0\Obj\canfd_1800690984773873875.dir
[5] = D:\xczcz\21th-Wheel_Leg\CYT4BB7_Library-master(2)\Seekfree_CYT4BB_Opensource_Library\project\iar\Debug_m7_0\Obj\code_17896468042025673432.dir
[6] = D:\xczcz\21th-Wheel_Leg\CYT4BB7_Library-master(2)\Seekfree_CYT4BB_Opensource_Library\project\iar\Debug_m7_0\Obj\cpu_15938736945165268644.dir
[7] = D:\xczcz\21th-Wheel_Leg\CYT4BB7_Library-master(2)\Seekfree_CYT4BB_Opensource_Library\project\iar\Debug_m7_0\Obj\crypto_1190170608956581615.dir
[8] = D:\xczcz\21th-Wheel_Leg\CYT4BB7_Library-master(2)\Seekfree_CYT4BB_Opensource_Library\project\iar\Debug_m7_0\Obj\dma_12106025507578611576.dir
[9] = D:\xczcz\21th-Wheel_Leg\CYT4BB7_Library-master(2)\Seekfree_CYT4BB_Opensource_Library\project\iar\Debug_m7_0\Obj\eth_phy_18133017486186456677.dir
[10] = D:\xczcz\21th-Wheel_Leg\CYT4BB7_Library-master(2)\Seekfree_CYT4BB_Opensource_Library\project\iar\Debug_m7_0\Obj\ethernet_6029839089178797009.dir
[11] = D:\xczcz\21th-Wheel_Leg\CYT4BB7_Library-master(2)\Seekfree_CYT4BB_Opensource_Library\project\iar\Debug_m7_0\Obj\evtgen_3404189088603873129.dir
[12] = D:\xczcz\21th-Wheel_Leg\CYT4BB7_Library-master(2)\Seekfree_CYT4BB_Opensource_Library\project\iar\Debug_m7_0\Obj\flash_8529866181315662935.dir
[13] = D:\xczcz\21th-Wheel_Leg\CYT4BB7_Library-master(2)\Seekfree_CYT4BB_Opensource_Library\project\iar\Debug_m7_0\Obj\flash_864493325053435817.dir
[14] = D:\xczcz\21th-Wheel_Leg\CYT4BB7_Library-master(2)\Seekfree_CYT4BB_Opensource_Library\project\iar\Debug_m7_0\Obj\gpio_3999404635324069351.dir
[15] = D:\xczcz\21th-Wheel_Leg\CYT4BB7_Library-master(2)\Seekfree_CYT4BB_Opensource_Library\project\iar\Debug_m7_0\Obj\ipc_10145506163450686023.dir
[16] = D:\xczcz\21th-Wheel_Leg\CYT4BB7_Library-master(2)\Seekfree_CYT4BB_Opensource_Library\project\iar\Debug_m7_0\Obj\lin_18429031207028094880.dir
[17] = D:\xczcz\21th-Wheel_Leg\CYT4BB7_Library-master(2)\Seekfree_CYT4BB_Opensource_Library\project\iar\Debug_m7_0\Obj\lvd_6353935867039560245.dir
[18] = D:\xczcz\21th-Wheel_Leg\CYT4BB7_Library-master(2)\Seekfree_CYT4BB_Opensource_Library\project\iar\Debug_m7_0\Obj\mcwdt_4052485907822033969.dir
[19] = D:\xczcz\21th-Wheel_Leg\CYT4BB7_Library-master(2)\Seekfree_CYT4BB_Opensource_Library\project\iar\Debug_m7_0\Obj\mpu_5663187252346826382.dir
[20] = D:\xczcz\21th-Wheel_Leg\CYT4BB7_Library-master(2)\Seekfree_CYT4BB_Opensource_Library\project\iar\Debug_m7_0\Obj\power_14453085144426420577.dir
[21] = D:\xczcz\21th-Wheel_Leg\CYT4BB7_Library-master(2)\Seekfree_CYT4BB_Opensource_Library\project\iar\Debug_m7_0\Obj\prot_10722960861768657883.dir
[22] = D:\xczcz\21th-Wheel_Leg\CYT4BB7_Library-master(2)\Seekfree_CYT4BB_Opensource_Library\project\iar\Debug_m7_0\Obj\rev_b_4986922561640112550.dir
[23] = D:\xczcz\21th-Wheel_Leg\CYT4BB7_Library-master(2)\Seekfree_CYT4BB_Opensource_Library\project\iar\Debug_m7_0\Obj\rev_b_6162237342861132223.dir
[24] = D:\xczcz\21th-Wheel_Leg\CYT4BB7_Library-master(2)\Seekfree_CYT4BB_Opensource_Library\project\iar\Debug_m7_0\Obj\scb_15490842639181808494.dir
[25] = D:\xczcz\21th-Wheel_Leg\CYT4BB7_Library-master(2)\Seekfree_CYT4BB_Opensource_Library\project\iar\Debug_m7_0\Obj\sd_host_2982766354293506895.dir
[26] = D:\xczcz\21th-Wheel_Leg\CYT4BB7_Library-master(2)\Seekfree_CYT4BB_Opensource_Library\project\iar\Debug_m7_0\Obj\semihosting_143864889731838620.dir
[27] = D:\xczcz\21th-Wheel_Leg\CYT4BB7_Library-master(2)\Seekfree_CYT4BB_Opensource_Library\project\iar\Debug_m7_0\Obj\smartio_5451710003740070188.dir
[28] = D:\xczcz\21th-Wheel_Leg\CYT4BB7_Library-master(2)\Seekfree_CYT4BB_Opensource_Library\project\iar\Debug_m7_0\Obj\smif_427648126384146252.dir
[29] = D:\xczcz\21th-Wheel_Leg\CYT4BB7_Library-master(2)\Seekfree_CYT4BB_Opensource_Library\project\iar\Debug_m7_0\Obj\smif_mem_6470536964353725183.dir
[30] = D:\xczcz\21th-Wheel_Leg\CYT4BB7_Library-master(2)\Seekfree_CYT4BB_Opensource_Library\project\iar\Debug_m7_0\Obj\srom_13018798572330080582.dir
[31] = D:\xczcz\21th-Wheel_Leg\CYT4BB7_Library-master(2)\Seekfree_CYT4BB_Opensource_Library\project\iar\Debug_m7_0\Obj\startup_479057977785470282.dir
[32] = D:\xczcz\21th-Wheel_Leg\CYT4BB7_Library-master(2)\Seekfree_CYT4BB_Opensource_Library\project\iar\Debug_m7_0\Obj\sw_timer_4215635015939382130.dir
[33] = D:\xczcz\21th-Wheel_Leg\CYT4BB7_Library-master(2)\Seekfree_CYT4BB_Opensource_Library\project\iar\Debug_m7_0\Obj\sysclk_16149231235676103872.dir
[34] = D:\xczcz\21th-Wheel_Leg\CYT4BB7_Library-master(2)\Seekfree_CYT4BB_Opensource_Library\project\iar\Debug_m7_0\Obj\sysflt_12293435975120599261.dir
[35] = D:\xczcz\21th-Wheel_Leg\CYT4BB7_Library-master(2)\Seekfree_CYT4BB_Opensource_Library\project\iar\Debug_m7_0\Obj\sysint_7435970359207984181.dir
[36] = D:\xczcz\21th-Wheel_Leg\CYT4BB7_Library-master(2)\Seekfree_CYT4BB_Opensource_Library\project\iar\Debug_m7_0\Obj\syslib_16330585751512546975.dir
[37] = D:\xczcz\21th-Wheel_Leg\CYT4BB7_Library-master(2)\Seekfree_CYT4BB_Opensource_Library\project\iar\Debug_m7_0\Obj\syspm_10887939769544754770.dir
[38] = D:\xczcz\21th-Wheel_Leg\CYT4BB7_Library-master(2)\Seekfree_CYT4BB_Opensource_Library\project\iar\Debug_m7_0\Obj\sysreghc_17676636058511625587.dir
[39] = D:\xczcz\21th-Wheel_Leg\CYT4BB7_Library-master(2)\Seekfree_CYT4BB_Opensource_Library\project\iar\Debug_m7_0\Obj\sysreset_14586141425677365288.dir
[40] = D:\xczcz\21th-Wheel_Leg\CYT4BB7_Library-master(2)\Seekfree_CYT4BB_Opensource_Library\project\iar\Debug_m7_0\Obj\sysrtc_10747768817563771611.dir
[41] = D:\xczcz\21th-Wheel_Leg\CYT4BB7_Library-master(2)\Seekfree_CYT4BB_Opensource_Library\project\iar\Debug_m7_0\Obj\systick_16016591671695740695.dir
[42] = D:\xczcz\21th-Wheel_Leg\CYT4BB7_Library-master(2)\Seekfree_CYT4BB_Opensource_Library\project\iar\Debug_m7_0\Obj\syswdt_9118657615806274156.dir
[43] = D:\xczcz\21th-Wheel_Leg\CYT4BB7_Library-master(2)\Seekfree_CYT4BB_Opensource_Library\project\iar\Debug_m7_0\Obj\tcpwm_422923530147891246.dir
[44] = D:\xczcz\21th-Wheel_Leg\CYT4BB7_Library-master(2)\Seekfree_CYT4BB_Opensource_Library\project\iar\Debug_m7_0\Obj\trigmux_9729677290734583340.dir
[45] = D:\xczcz\21th-Wheel_Leg\CYT4BB7_Library-master(2)\Seekfree_CYT4BB_Opensource_Library\project\iar\Debug_m7_0\Obj\user_8514941877209965082.dir
[46] = D:\xczcz\21th-Wheel_Leg\CYT4BB7_Library-master(2)\Seekfree_CYT4BB_Opensource_Library\project\iar\Debug_m7_0\Obj\zf_common_1201165462030747823.dir
[47] = D:\xczcz\21th-Wheel_Leg\CYT4BB7_Library-master(2)\Seekfree_CYT4BB_Opensource_Library\project\iar\Debug_m7_0\Obj\zf_components_14936052685886095442.dir
[48] = D:\xczcz\21th-Wheel_Leg\CYT4BB7_Library-master(2)\Seekfree_CYT4BB_Opensource_Library\project\iar\Debug_m7_0\Obj\zf_device_6570275422786408770.dir
[49] = D:\xczcz\21th-Wheel_Leg\CYT4BB7_Library-master(2)\Seekfree_CYT4BB_Opensource_Library\project\iar\Debug_m7_0\Obj\zf_driver_11922370083829174090.dir
[50] = dl7M_tln.a
[51] = m7M_tlv.a
[52] = rt7M_tl.a
[53] = shb_l.a
[54] = zf_device_config.a

  41'382 bytes of readonly  code memory
   4'199 bytes of readonly  data memory
  35'933 bytes of readwrite data memory (+ 22'564 absolute)

Errors: none
Warnings: none
